Archive member included because of file (symbol)

c:/altera/13.0/nios2eds/bin/gnu/h-i686-mingw32/bin/../lib/gcc/nios2-elf/4.1.2/../../../../nios2-elf/lib\libc.a(lib_a-printf.o)
                              obj/default/hello_world.o (printf)
c:/altera/13.0/nios2eds/bin/gnu/h-i686-mingw32/bin/../lib/gcc/nios2-elf/4.1.2/../../../../nios2-elf/lib\libc.a(lib_a-puts.o)
                              obj/default/hello_world.o (puts)
c:/altera/13.0/nios2eds/bin/gnu/h-i686-mingw32/bin/../lib/gcc/nios2-elf/4.1.2/../../../../nios2-elf/lib\libc.a(lib_a-strlen.o)
                              c:/altera/13.0/nios2eds/bin/gnu/h-i686-mingw32/bin/../lib/gcc/nios2-elf/4.1.2/../../../../nios2-elf/lib\libc.a(lib_a-puts.o) (strlen)
c:/altera/13.0/nios2eds/bin/gnu/h-i686-mingw32/bin/../lib/gcc/nios2-elf/4.1.2/../../../../nios2-elf/lib\libc.a(lib_a-vfprintf.o)
                              c:/altera/13.0/nios2eds/bin/gnu/h-i686-mingw32/bin/../lib/gcc/nios2-elf/4.1.2/../../../../nios2-elf/lib\libc.a(lib_a-printf.o) (___vfprintf_internal_r)
c:/altera/13.0/nios2eds/bin/gnu/h-i686-mingw32/bin/../lib/gcc/nios2-elf/4.1.2/../../../../nios2-elf/lib\libc.a(lib_a-wsetup.o)
                              c:/altera/13.0/nios2eds/bin/gnu/h-i686-mingw32/bin/../lib/gcc/nios2-elf/4.1.2/../../../../nios2-elf/lib\libc.a(lib_a-vfprintf.o) (__swsetup_r)
c:/altera/13.0/nios2eds/bin/gnu/h-i686-mingw32/bin/../lib/gcc/nios2-elf/4.1.2/../../../../nios2-elf/lib\libc.a(lib_a-dtoa.o)
                              c:/altera/13.0/nios2eds/bin/gnu/h-i686-mingw32/bin/../lib/gcc/nios2-elf/4.1.2/../../../../nios2-elf/lib\libc.a(lib_a-vfprintf.o) (_dtoa_r)
c:/altera/13.0/nios2eds/bin/gnu/h-i686-mingw32/bin/../lib/gcc/nios2-elf/4.1.2/../../../../nios2-elf/lib\libc.a(lib_a-fflush.o)
                              c:/altera/13.0/nios2eds/bin/gnu/h-i686-mingw32/bin/../lib/gcc/nios2-elf/4.1.2/../../../../nios2-elf/lib\libc.a(lib_a-vfprintf.o) (_fflush_r)
c:/altera/13.0/nios2eds/bin/gnu/h-i686-mingw32/bin/../lib/gcc/nios2-elf/4.1.2/../../../../nios2-elf/lib\libc.a(lib_a-findfp.o)
                              c:/altera/13.0/nios2eds/bin/gnu/h-i686-mingw32/bin/../lib/gcc/nios2-elf/4.1.2/../../../../nios2-elf/lib\libc.a(lib_a-vfprintf.o) (__sinit)
c:/altera/13.0/nios2eds/bin/gnu/h-i686-mingw32/bin/../lib/gcc/nios2-elf/4.1.2/../../../../nios2-elf/lib\libc.a(lib_a-freer.o)
                              c:/altera/13.0/nios2eds/bin/gnu/h-i686-mingw32/bin/../lib/gcc/nios2-elf/4.1.2/../../../../nios2-elf/lib\libc.a(lib_a-wsetup.o) (_free_r)
c:/altera/13.0/nios2eds/bin/gnu/h-i686-mingw32/bin/../lib/gcc/nios2-elf/4.1.2/../../../../nios2-elf/lib\libc.a(lib_a-fvwrite.o)
                              c:/altera/13.0/nios2eds/bin/gnu/h-i686-mingw32/bin/../lib/gcc/nios2-elf/4.1.2/../../../../nios2-elf/lib\libc.a(lib_a-puts.o) (__sfvwrite_r)
c:/altera/13.0/nios2eds/bin/gnu/h-i686-mingw32/bin/../lib/gcc/nios2-elf/4.1.2/../../../../nios2-elf/lib\libc.a(lib_a-fwalk.o)
                              c:/altera/13.0/nios2eds/bin/gnu/h-i686-mingw32/bin/../lib/gcc/nios2-elf/4.1.2/../../../../nios2-elf/lib\libc.a(lib_a-fflush.o) (_fwalk_reent)
c:/altera/13.0/nios2eds/bin/gnu/h-i686-mingw32/bin/../lib/gcc/nios2-elf/4.1.2/../../../../nios2-elf/lib\libc.a(lib_a-impure.o)
                              c:/altera/13.0/nios2eds/bin/gnu/h-i686-mingw32/bin/../lib/gcc/nios2-elf/4.1.2/../../../../nios2-elf/lib\libc.a(lib_a-printf.o) (_impure_ptr)
c:/altera/13.0/nios2eds/bin/gnu/h-i686-mingw32/bin/../lib/gcc/nios2-elf/4.1.2/../../../../nios2-elf/lib\libc.a(lib_a-locale.o)
                              c:/altera/13.0/nios2eds/bin/gnu/h-i686-mingw32/bin/../lib/gcc/nios2-elf/4.1.2/../../../../nios2-elf/lib\libc.a(lib_a-vfprintf.o) (_localeconv_r)
c:/altera/13.0/nios2eds/bin/gnu/h-i686-mingw32/bin/../lib/gcc/nios2-elf/4.1.2/../../../../nios2-elf/lib\libc.a(lib_a-makebuf.o)
                              c:/altera/13.0/nios2eds/bin/gnu/h-i686-mingw32/bin/../lib/gcc/nios2-elf/4.1.2/../../../../nios2-elf/lib\libc.a(lib_a-wsetup.o) (__smakebuf_r)
c:/altera/13.0/nios2eds/bin/gnu/h-i686-mingw32/bin/../lib/gcc/nios2-elf/4.1.2/../../../../nios2-elf/lib\libc.a(lib_a-mallocr.o)
                              c:/altera/13.0/nios2eds/bin/gnu/h-i686-mingw32/bin/../lib/gcc/nios2-elf/4.1.2/../../../../nios2-elf/lib\libc.a(lib_a-findfp.o) (_malloc_r)
c:/altera/13.0/nios2eds/bin/gnu/h-i686-mingw32/bin/../lib/gcc/nios2-elf/4.1.2/../../../../nios2-elf/lib\libc.a(lib_a-memchr.o)
                              c:/altera/13.0/nios2eds/bin/gnu/h-i686-mingw32/bin/../lib/gcc/nios2-elf/4.1.2/../../../../nios2-elf/lib\libc.a(lib_a-vfprintf.o) (memchr)
c:/altera/13.0/nios2eds/bin/gnu/h-i686-mingw32/bin/../lib/gcc/nios2-elf/4.1.2/../../../../nios2-elf/lib\libc.a(lib_a-memcpy.o)
                              c:/altera/13.0/nios2eds/bin/gnu/h-i686-mingw32/bin/../lib/gcc/nios2-elf/4.1.2/../../../../nios2-elf/lib\libc.a(lib_a-dtoa.o) (memcpy)
[...]
Memory Configuration

Name             Origin             Length             Attributes
onchip_memory_BEFORE_EXCEPTION 0x00000000         0x00000020
onchip_memory    0x00000020         0x00031fe0
reset            0x01000000         0x00000020
flash_controller 0x01000020         0x007fffe0
sdram            0x08000000         0x08000000
*default*        0x00000000         0xffffffff

Linker script and memory map

LOAD ../Assignment_1_v2_bsp//obj/HAL/src/crt0.o
LOAD obj/default/hello_world.o
LOAD c:/altera/13.0/nios2eds/bin/gnu/h-i686-mingw32/bin/../lib/gcc/nios2-elf/4.1.2/../../../../nios2-elf/lib\libstdc++.a
LOAD c:/altera/13.0/nios2eds/bin/gnu/h-i686-mingw32/bin/../lib/gcc/nios2-elf/4.1.2/../../../../nios2-elf/lib\libm.a
LOAD c:/altera/13.0/nios2eds/bin/gnu/h-i686-mingw32/bin/../lib/gcc/nios2-elf/4.1.2\libgcc.a
START GROUP
LOAD c:/altera/13.0/nios2eds/bin/gnu/h-i686-mingw32/bin/../lib/gcc/nios2-elf/4.1.2/../../../../nios2-elf/lib\libc.a
LOAD c:/altera/13.0/nios2eds/bin/gnu/h-i686-mingw32/bin/../lib/gcc/nios2-elf/4.1.2\libgcc.a
LOAD ../Assignment_1_v2_bsp/\libhal_bsp.a
END GROUP
LOAD c:/altera/13.0/nios2eds/bin/gnu/h-i686-mingw32/bin/../lib/gcc/nios2-elf/4.1.2\libgcc.a
                0x00000000                __alt_mem_onchip_memory = 0x0
                0x01000000                __alt_mem_flash_controller = 0x1000000
                0x08000000                __alt_mem_sdram = 0x8000000

.entry          0x01000000        0x0
 *(.entry)
 .entry         0x01000000        0x0 ../Assignment_1_v2_bsp//obj/HAL/src/crt0.o
                0x01000000                __reset

.exceptions     0x00000020      0x198
                0x00000020                PROVIDE (__ram_exceptions_start, ABSOLUTE (.))
                0x00000020                . = ALIGN (0x20)
 *(.irq)
 *(.exceptions.entry.label)
 .exceptions.entry.label
                0x00000020        0x0 ../Assignment_1_v2_bsp/\libhal_bsp.a(alt_irq_entry.o)
                0x00000020                alt_irq_entry
 .exceptions.entry.label
                0x00000020        0x0 ../Assignment_1_v2_bsp/\libhal_bsp.a(alt_exception_entry.o)
                0x00000020                alt_exception
 *(.exceptions.entry.user)
 *(.exceptions.entry)
 .exceptions.entry
                0x00000020       0x54 ../Assignment_1_v2_bsp/\libhal_bsp.a(alt_exception_entry.o)
 *(.exceptions.irqtest.user)
 *(.exceptions.irqtest)
 .exceptions.irqtest
                0x00000074       0x10 ../Assignment_1_v2_bsp/\libhal_bsp.a(alt_irq_entry.o)
 *(.exceptions.irqhandler.user)
 *(.exceptions.irqhandler)
 .exceptions.irqhandler
                0x00000084        0x4 ../Assignment_1_v2_bsp/\libhal_bsp.a(alt_irq_entry.o)
 *(.exceptions.irqreturn.user)
 *(.exceptions.irqreturn)
 .exceptions.irqreturn
                0x00000088        0x4 ../Assignment_1_v2_bsp/\libhal_bsp.a(alt_irq_entry.o)
 *(.exceptions.notirq.label)
 .exceptions.notirq.label
                0x0000008c        0x0 ../Assignment_1_v2_bsp/\libhal_bsp.a(alt_irq_entry.o)
 *(.exceptions.notirq.user)
 *(.exceptions.notirq)
 .exceptions.notirq
                0x0000008c        0x8 ../Assignment_1_v2_bsp/\libhal_bsp.a(alt_exception_entry.o)
 *(.exceptions.soft.user)
 *(.exceptions.soft)
 *(.exceptions.unknown.user)
 *(.exceptions.unknown)
 .exceptions.unknown
                0x00000094        0x4 ../Assignment_1_v2_bsp/\libhal_bsp.a(alt_exception_entry.o)
 *(.exceptions.exit.label)
 .exceptions.exit.label
                0x00000098        0x0 ../Assignment_1_v2_bsp/\libhal_bsp.a(alt_irq_entry.o)
 .exceptions.exit.label
                0x00000098        0x0 ../Assignment_1_v2_bsp/\libhal_bsp.a(alt_exception_entry.o)
 *(.exceptions.exit.user)
 *(.exceptions.exit)
 .exceptions.exit
                0x00000098       0x54 ../Assignment_1_v2_bsp/\libhal_bsp.a(alt_exception_entry.o)
 *(.exceptions)
 .exceptions    0x000000ec       0xcc ../Assignment_1_v2_bsp/\libhal_bsp.a(alt_irq_handler.o)
                0x000000ec                alt_irq_handler
                0x000001b8                PROVIDE (__ram_exceptions_end, ABSOLUTE (.))
                0x00000020                PROVIDE (__flash_exceptions_start, LOADADDR (.exceptions))

.text           0x000001b8    0x11580
                0x000001b8                PROVIDE (stext, ABSOLUTE (.))
 *(.interp)
 *(.hash)
 *(.dynsym)
 *(.dynstr)
 *(.gnu.version)
 *(.gnu.version_d)
 *(.gnu.version_r)
 *(.rel.init)
 *(.rela.init)
 *(.rel.text .rel.text.* .rel.gnu.linkonce.t.*)
 *(.rela.text .rela.text.* .rela.gnu.linkonce.t.*)
 *(.rel.fini)
 *(.rela.fini)
 *(.rel.rodata .rel.rodata.* .rel.gnu.linkonce.r.*)
 *(.rela.rodata .rela.rodata.* .rela.gnu.linkonce.r.*)
 *(.rel.data .rel.data.* .rel.gnu.linkonce.d.*)
 *(.rela.data .rela.data.* .rela.gnu.linkonce.d.*)
 *(.rel.tdata .rel.tdata.* .rel.gnu.linkonce.td.*)
 *(.rela.tdata .rela.tdata.* .rela.gnu.linkonce.td.*)
 *(.rel.tbss .rel.tbss.* .rel.gnu.linkonce.tb.*)
 *(.rela.tbss .rela.tbss.* .rela.gnu.linkonce.tb.*)
 *(.rel.ctors)
 *(.rela.ctors)
 *(.rel.dtors)
 *(.rela.dtors)
 *(.rel.got)
 *(.rela.got)
 *(.rel.sdata .rel.sdata.* .rel.gnu.linkonce.s.*)
 *(.rela.sdata .rela.sdata.* .rela.gnu.linkonce.s.*)
 *(.rel.sbss .rel.sbss.* .rel.gnu.linkonce.sb.*)
 *(.rela.sbss .rela.sbss.* .rela.gnu.linkonce.sb.*)
 *(.rel.sdata2 .rel.sdata2.* .rel.gnu.linkonce.s2.*)
 *(.rela.sdata2 .rela.sdata2.* .rela.gnu.linkonce.s2.*)
 *(.rel.sbss2 .rel.sbss2.* .rel.gnu.linkonce.sb2.*)
 *(.rela.sbss2 .rela.sbss2.* .rela.gnu.linkonce.sb2.*)
 *(.rel.bss .rel.bss.* .rel.gnu.linkonce.b.*)
 *(.rela.bss .rela.bss.* .rela.gnu.linkonce.b.*)
 *(.rel.plt)
 *(.rela.plt)
 *(.rel.dyn)
 *(.init)
 *(.plt)
 *(.text .stub .text.* .gnu.linkonce.t.*)
 .text          0x000001b8       0x48 ../Assignment_1_v2_bsp//obj/HAL/src/crt0.o
                0x000001b8                _start
 .text          0x00000200      0x120 obj/default/hello_world.o
                0x00000200                main
 .text          0x00000320       0x78 c:/altera/13.0/nios2eds/bin/gnu/h-i686-mingw32/bin/../lib/gcc/nios2-elf/4.1.2/../../../../nios2-elf/lib\libc.a(lib_a-printf.o)
                0x00000320                printf
                0x00000364                _printf_r
 .text          0x00000398       0xb4 c:/altera/13.0/nios2eds/bin/gnu/h-i686-mingw32/bin/../lib/gcc/nios2-elf/4.1.2/../../../../nios2-elf/lib\libc.a(lib_a-puts.o)
                0x00000398                _puts_r
                0x00000438                puts
 .text          0x0000044c       0x74 c:/altera/13.0/nios2eds/bin/gnu/h-i686-mingw32/bin/../lib/gcc/nios2-elf/4.1.2/../../../../nios2-elf/lib\libc.a(lib_a-strlen.o)
                0x0000044c                strlen
 .text          0x000004c0     0x1f28 c:/altera/13.0/nios2eds/bin/gnu/h-i686-mingw32/bin/../lib/gcc/nios2-elf/4.1.2/../../../../nios2-elf/lib\libc.a(lib_a-vfprintf.o)
                0x00000518                ___vfprintf_internal_r
                0x000023c4                __vfprintf_internal
 .text          0x000023e8      0x13c c:/altera/13.0/nios2eds/bin/gnu/h-i686-mingw32/bin/../lib/gcc/nios2-elf/4.1.2/../../../../nios2-elf/lib\libc.a(lib_a-wsetup.o)
                0x000023e8                __swsetup_r
 .text          0x00002524     0x17cc c:/altera/13.0/nios2eds/bin/gnu/h-i686-mingw32/bin/../lib/gcc/nios2-elf/4.1.2/../../../../nios2-elf/lib\libc.a(lib_a-dtoa.o)
                0x0000273c                _dtoa_r
 .text          0x00003cf0      0x230 c:/altera/13.0/nios2eds/bin/gnu/h-i686-mingw32/bin/../lib/gcc/nios2-elf/4.1.2/../../../../nios2-elf/lib\libc.a(lib_a-fflush.o)
                0x00003cf0                _fflush_r
                0x00003eec                fflush
 .text          0x00003f20      0x2c0 c:/altera/13.0/nios2eds/bin/gnu/h-i686-mingw32/bin/../lib/gcc/nios2-elf/4.1.2/../../../../nios2-elf/lib\libc.a(lib_a-findfp.o)
                0x00003f78                __sfp_lock_acquire
                0x00003f7c                __sfp_lock_release
                0x00003f80                __sinit_lock_acquire
                0x00003f84                __sinit_lock_release
                0x00003f88                __sinit
                0x0000403c                __fp_unlock_all
                0x00004054                __fp_lock_all
                0x0000406c                _cleanup_r
                0x00004078                _cleanup
                0x00004088                __sfmoreglue
                0x000040f0                __sfp
 .text          0x000041e0      0x440 c:/altera/13.0/nios2eds/bin/gnu/h-i686-mingw32/bin/../lib/gcc/nios2-elf/4.1.2/../../../../nios2-elf/lib\libc.a(lib_a-freer.o)
                0x000041e0                _malloc_trim_r
                0x0000430c                _free_r
 .text          0x00004620      0x49c c:/altera/13.0/nios2eds/bin/gnu/h-i686-mingw32/bin/../lib/gcc/nios2-elf/4.1.2/../../../../nios2-elf/lib\libc.a(lib_a-fvwrite.o)
                0x00004620                __sfvwrite_r
 .text          0x00004abc      0x180 c:/altera/13.0/nios2eds/bin/gnu/h-i686-mingw32/bin/../lib/gcc/nios2-elf/4.1.2/../../../../nios2-elf/lib\libc.a(lib_a-fwalk.o)
                0x00004abc                _fwalk_reent
                0x00004b84                _fwalk
 .text          0x00004c3c        0x0 c:/altera/13.0/nios2eds/bin/gnu/h-i686-mingw32/bin/../lib/gcc/nios2-elf/4.1.2/../../../../nios2-elf/lib\libc.a(lib_a-impure.o)
 .text          0x00004c3c       0xc4 c:/altera/13.0/nios2eds/bin/gnu/h-i686-mingw32/bin/../lib/gcc/nios2-elf/4.1.2/../../../../nios2-elf/lib\libc.a(lib_a-locale.o)
                0x00004c3c                __locale_charset
                0x00004c44                _localeconv_r
                0x00004c50                localeconv
                0x00004c60                _setlocale_r
                0x00004ce4                setlocale
 .text          0x00004d00      0x194 c:/altera/13.0/nios2eds/bin/gnu/h-i686-mingw32/bin/../lib/gcc/nios2-elf/4.1.2/../../../../nios2-elf/lib\libc.a(lib_a-makebuf.o)
                0x00004d00                __smakebuf_r
 .text          0x00004e94      0x740 c:/altera/13.0/nios2eds/bin/gnu/h-i686-mingw32/bin/../lib/gcc/nios2-elf/4.1.2/../../../../nios2-elf/lib\libc.a(lib_a-mallocr.o)
                0x00004e94                _malloc_r
 .text          0x000055d4       0xe4 c:/altera/13.0/nios2eds/bin/gnu/h-i686-mingw32/bin/../lib/gcc/nios2-elf/4.1.2/../../../../nios2-elf/lib\libc.a(lib_a-memchr.o)
                0x000055d4                memchr
 .text          0x000056b8       0xa0 c:/altera/13.0/nios2eds/bin/gnu/h-i686-mingw32/bin/../lib/gcc/nios2-elf/4.1.2/../../../../nios2-elf/lib\libc.a(lib_a-memcpy.o)
                0x000056b8                memcpy
 .text          0x00005758       0xe0 c:/altera/13.0/nios2eds/bin/gnu/h-i686-mingw32/bin/../lib/gcc/nios2-elf/4.1.2/../../../../nios2-elf/lib\libc.a(lib_a-memmove.o)
                0x00005758                memmove
 .text          0x00005838       0x98 c:/altera/13.0/nios2eds/bin/gnu/h-i686-mingw32/bin/../lib/gcc/nios2-elf/4.1.2/../../../../nios2-elf/lib\libc.a(lib_a-memset.o)
                0x00005838                memset
 .text          0x000058d0      0xff4 c:/altera/13.0/nios2eds/bin/gnu/h-i686-mingw32/bin/../lib/gcc/nios2-elf/4.1.2/../../../../nios2-elf/lib\libc.a(lib_a-mprec.o)
                0x000058d0                _Bfree
                0x000058f8                __hi0bits
                0x00005968                __lo0bits
                0x00005a2c                __mcmp
                0x00005a8c                __ulp
                0x00005b0c                __b2d
                0x00005c2c                __ratio
                0x00005cdc                _mprec_log10
                0x00005d70                __copybits
                0x00005dc8                __any_on
                0x00005e50                _Balloc
                0x00005f0c                __d2b
                0x00006088                __mdiff
                0x00006214                __lshift
                0x00006360                __multiply
                0x00006548                __i2b
                0x00006584                __multadd
                0x00006684                __pow5mult
                0x000067a4                __s2b
 .text          0x000068c4      0x5f4 c:/altera/13.0/nios2eds/bin/gnu/h-i686-mingw32/bin/../lib/gcc/nios2-elf/4.1.2/../../../../nios2-elf/lib\libc.a(lib_a-reallocr.o)
                0x000068c4                _realloc_r
 .text          0x00006eb8       0x40 c:/altera/13.0/nios2eds/bin/gnu/h-i686-mingw32/bin/../lib/gcc/nios2-elf/4.1.2/../../../../nios2-elf/lib\libc.a(lib_a-s_isinfd.o)
                0x00006eb8                __isinfd
 .text          0x00006ef8       0x30 c:/altera/13.0/nios2eds/bin/gnu/h-i686-mingw32/bin/../lib/gcc/nios2-elf/4.1.2/../../../../nios2-elf/lib\libc.a(lib_a-s_isnand.o)
                0x00006ef8                __isnand
 .text          0x00006f28       0x70 c:/altera/13.0/nios2eds/bin/gnu/h-i686-mingw32/bin/../lib/gcc/nios2-elf/4.1.2/../../../../nios2-elf/lib\libc.a(lib_a-sbrkr.o)
                0x00006f28                _sbrk_r
 .text          0x00006f98      0x14c c:/altera/13.0/nios2eds/bin/gnu/h-i686-mingw32/bin/../lib/gcc/nios2-elf/4.1.2/../../../../nios2-elf/lib\libc.a(lib_a-stdio.o)
                0x00006f98                __sclose
                0x00006fa0                __sseek
                0x00007008                __swrite
                0x00007084                __sread
 .text          0x000070e4       0xbc c:/altera/13.0/nios2eds/bin/gnu/h-i686-mingw32/bin/../lib/gcc/nios2-elf/4.1.2/../../../../nios2-elf/lib\libc.a(lib_a-strcmp.o)
                0x000070e4                strcmp
 .text          0x000071a0       0x78 c:/altera/13.0/nios2eds/bin/gnu/h-i686-mingw32/bin/../lib/gcc/nios2-elf/4.1.2/../../../../nios2-elf/lib\libc.a(lib_a-writer.o)
                0x000071a0                _write_r
 .text          0x00007218       0xb4 c:/altera/13.0/nios2eds/bin/gnu/h-i686-mingw32/bin/../lib/gcc/nios2-elf/4.1.2/../../../../nios2-elf/lib\libc.a(lib_a-callocr.o)
                0x00007218                _calloc_r
 .text          0x000072cc       0x70 c:/altera/13.0/nios2eds/bin/gnu/h-i686-mingw32/bin/../lib/gcc/nios2-elf/4.1.2/../../../../nios2-elf/lib\libc.a(lib_a-closer.o)
                0x000072cc                _close_r
 .text          0x0000733c      0x124 c:/altera/13.0/nios2eds/bin/gnu/h-i686-mingw32/bin/../lib/gcc/nios2-elf/4.1.2/../../../../nios2-elf/lib\libc.a(lib_a-fclose.o)
                0x0000733c                _fclose_r
                0x0000744c                fclose
 .text          0x00007460       0x74 c:/altera/13.0/nios2eds/bin/gnu/h-i686-mingw32/bin/../lib/gcc/nios2-elf/4.1.2/../../../../nios2-elf/lib\libc.a(lib_a-fstatr.o)
                0x00007460                _fstat_r
 .text          0x000074d4        0x0 c:/altera/13.0/nios2eds/bin/gnu/h-i686-mingw32/bin/../lib/gcc/nios2-elf/4.1.2/../../../../nios2-elf/lib\libc.a(lib_a-int_errno.o)
 .text          0x000074d4       0x70 c:/altera/13.0/nios2eds/bin/gnu/h-i686-mingw32/bin/../lib/gcc/nios2-elf/4.1.2/../../../../nios2-elf/lib\libc.a(lib_a-isattyr.o)
                0x000074d4                _isatty_r
 .text          0x00007544       0x78 c:/altera/13.0/nios2eds/bin/gnu/h-i686-mingw32/bin/../lib/gcc/nios2-elf/4.1.2/../../../../nios2-elf/lib\libc.a(lib_a-lseekr.o)
                0x00007544                _lseek_r
 .text          0x000075bc       0x78 c:/altera/13.0/nios2eds/bin/gnu/h-i686-mingw32/bin/../lib/gcc/nios2-elf/4.1.2/../../../../nios2-elf/lib\libc.a(lib_a-readr.o)
                0x000075bc                _read_r
 .text          0x00007634      0x5dc c:/altera/13.0/nios2eds/bin/gnu/h-i686-mingw32/bin/../lib/gcc/nios2-elf/4.1.2\libgcc.a(_udivdi3.o)
                0x00007634                __udivdi3
 .text          0x00007c10      0x5b0 c:/altera/13.0/nios2eds/bin/gnu/h-i686-mingw32/bin/../lib/gcc/nios2-elf/4.1.2\libgcc.a(_umoddi3.o)
                0x00007c10                __umoddi3
 .text          0x000081c0      0x504 c:/altera/13.0/nios2eds/bin/gnu/h-i686-mingw32/bin/../lib/gcc/nios2-elf/4.1.2\libgcc.a(_addsub_df.o)
                0x000085d0                __subdf3
                0x00008650                __adddf3
 .text          0x000086c4      0x3c4 c:/altera/13.0/nios2eds/bin/gnu/h-i686-mingw32/bin/../lib/gcc/nios2-elf/4.1.2\libgcc.a(_mul_df.o)
                0x000086c4                __muldf3
 .text          0x00008a88      0x258 c:/altera/13.0/nios2eds/bin/gnu/h-i686-mingw32/bin/../lib/gcc/nios2-elf/4.1.2\libgcc.a(_div_df.o)
                0x00008a88                __divdf3
 .text          0x00008ce0       0x88 c:/altera/13.0/nios2eds/bin/gnu/h-i686-mingw32/bin/../lib/gcc/nios2-elf/4.1.2\libgcc.a(_eq_df.o)
                0x00008ce0                __eqdf2
 .text          0x00008d68       0x88 c:/altera/13.0/nios2eds/bin/gnu/h-i686-mingw32/bin/../lib/gcc/nios2-elf/4.1.2\libgcc.a(_ne_df.o)
                0x00008d68                __nedf2
 .text          0x00008df0       0x88 c:/altera/13.0/nios2eds/bin/gnu/h-i686-mingw32/bin/../lib/gcc/nios2-elf/4.1.2\libgcc.a(_gt_df.o)
                0x00008df0                __gtdf2
 .text          0x00008e78       0x88 c:/altera/13.0/nios2eds/bin/gnu/h-i686-mingw32/bin/../lib/gcc/nios2-elf/4.1.2\libgcc.a(_ge_df.o)
                0x00008e78                __gedf2
 .text          0x00008f00       0x88 c:/altera/13.0/nios2eds/bin/gnu/h-i686-mingw32/bin/../lib/gcc/nios2-elf/4.1.2\libgcc.a(_lt_df.o)
                0x00008f00                __ltdf2
 .text          0x00008f88       0xf8 c:/altera/13.0/nios2eds/bin/gnu/h-i686-mingw32/bin/../lib/gcc/nios2-elf/4.1.2\libgcc.a(_si_to_df.o)
                0x00008f88                __floatsidf
 .text          0x00009080       0xd8 c:/altera/13.0/nios2eds/bin/gnu/h-i686-mingw32/bin/../lib/gcc/nios2-elf/4.1.2\libgcc.a(_df_to_si.o)
                0x00009080                __fixdfsi
 .text          0x00009158        0x0 c:/altera/13.0/nios2eds/bin/gnu/h-i686-mingw32/bin/../lib/gcc/nios2-elf/4.1.2\libgcc.a(_thenan_df.o)
 .text          0x00009158      0x194 c:/altera/13.0/nios2eds/bin/gnu/h-i686-mingw32/bin/../lib/gcc/nios2-elf/4.1.2\libgcc.a(_usi_to_df.o)
                0x00009158                __floatunsidf
 .text          0x000092ec      0x14c c:/altera/13.0/nios2eds/bin/gnu/h-i686-mingw32/bin/../lib/gcc/nios2-elf/4.1.2\libgcc.a(lib2-divmod.o)
                0x00009368                __divsi3
                0x000093c8                __modsi3
                0x00009428                __udivsi3
                0x00009430                __umodsi3
 .text          0x00009438       0x98 c:/altera/13.0/nios2eds/bin/gnu/h-i686-mingw32/bin/../lib/gcc/nios2-elf/4.1.2\libgcc.a(_muldi3.o)
                0x00009438                __muldi3
 .text          0x000094d0        0x0 c:/altera/13.0/nios2eds/bin/gnu/h-i686-mingw32/bin/../lib/gcc/nios2-elf/4.1.2\libgcc.a(_clz.o)
 .text          0x000094d0       0x80 c:/altera/13.0/nios2eds/bin/gnu/h-i686-mingw32/bin/../lib/gcc/nios2-elf/4.1.2\libgcc.a(_clzsi2.o)
                0x000094d0                __clzsi2
 .text          0x00009550      0x314 c:/altera/13.0/nios2eds/bin/gnu/h-i686-mingw32/bin/../lib/gcc/nios2-elf/4.1.2\libgcc.a(_pack_df.o)
                0x00009550                __pack_d
 .text          0x00009864      0x138 c:/altera/13.0/nios2eds/bin/gnu/h-i686-mingw32/bin/../lib/gcc/nios2-elf/4.1.2\libgcc.a(_unpack_df.o)
                0x00009864                __unpack_d
 .text          0x0000999c       0xc8 c:/altera/13.0/nios2eds/bin/gnu/h-i686-mingw32/bin/../lib/gcc/nios2-elf/4.1.2\libgcc.a(_fpcmp_parts_df.o)
                0x0000999c                __fpcmp_parts_d
 .text          0x00009a64      0x15c ../Assignment_1_v2_bsp/\libhal_bsp.a(alt_close.o)
                0x00009a64                close
 .text          0x00009bc0       0x2c ../Assignment_1_v2_bsp/\libhal_bsp.a(alt_dev.o)
 .text          0x00009bec        0x0 ../Assignment_1_v2_bsp/\libhal_bsp.a(alt_errno.o)
 .text          0x00009bec      0x134 ../Assignment_1_v2_bsp/\libhal_bsp.a(alt_fstat.o)
                0x00009bec                fstat
 .text          0x00009d20      0x120 ../Assignment_1_v2_bsp/\libhal_bsp.a(alt_isatty.o)
                0x00009d20                isatty
 .text          0x00009e40      0x150 ../Assignment_1_v2_bsp/\libhal_bsp.a(alt_lseek.o)
                0x00009e40                lseek
 .text          0x00009f90       0x6c ../Assignment_1_v2_bsp/\libhal_bsp.a(alt_main.o)
                0x00009f90                alt_main
 .text          0x00009ffc       0x40 ../Assignment_1_v2_bsp/\libhal_bsp.a(alt_malloc_lock.o)
                0x00009ffc                __malloc_lock
                0x0000a01c                __malloc_unlock
 .text          0x0000a03c      0x180 ../Assignment_1_v2_bsp/\libhal_bsp.a(alt_read.o)
                0x0000a03c                read
 .text          0x0000a1bc       0x60 ../Assignment_1_v2_bsp/\libhal_bsp.a(alt_release_fd.o)
                0x0000a1bc                alt_release_fd
 .text          0x0000a21c       0xbc ../Assignment_1_v2_bsp/\libhal_bsp.a(alt_sbrk.o)
                0x0000a21c                sbrk
 .text          0x0000a2d8      0x180 ../Assignment_1_v2_bsp/\libhal_bsp.a(alt_write.o)
                0x0000a2d8                write
 .text          0x0000a458      0x3d8 ../Assignment_1_v2_bsp/\libhal_bsp.a(alt_sys_init.o)
                0x0000a458                alt_irq_init
                0x0000a48c                alt_sys_init
 .text          0x0000a830      0x8d8 ../Assignment_1_v2_bsp/\libhal_bsp.a(altera_avalon_cfi_flash.o)
                0x0000a830                alt_flash_cfi_init
                0x0000a904                alt_flash_cfi_write
                0x0000abc4                alt_flash_cfi_get_info
                0x0000ac54                alt_flash_cfi_read
                0x0000acbc                alt_write_value_to_flash
                0x0000ae20                alt_flash_program_block
 .text          0x0000b108     0x14a8 ../Assignment_1_v2_bsp/\libhal_bsp.a(altera_avalon_cfi_flash_table.o)
                0x0000b108                alt_read_query_entry_8bit
                0x0000b148                alt_read_query_entry_16bit
                0x0000b18c                alt_read_query_entry_32bit
                0x0000b1d4                alt_write_flash_command_8bit_device_8bit_mode
                0x0000b210                alt_write_flash_command_16bit_device_8bit_mode
                0x0000b28c                alt_write_flash_command_32bit_device_8bit_mode
                0x0000b2d4                alt_write_flash_command_16bit_device_16bit_mode
                0x0000b318                alt_write_flash_command_32bit_device_16bit_mode
                0x0000b360                alt_write_flash_command_32bit_device_32bit_mode
                0x0000b3a8                alt_write_native_8bit
                0x0000b3dc                alt_write_native_16bit
                0x0000b410                alt_write_native_32bit
                0x0000b440                alt_set_flash_width_func
                0x0000b620                alt_set_flash_algorithm_func
                0x0000b748                alt_read_cfi_table
                0x0000bd28                alt_read_cfi_width
                0x0000c4d4                alt_check_primary_table
 .text          0x0000c5b0      0x148 ../Assignment_1_v2_bsp/\libhal_bsp.a(altera_avalon_jtag_uart_fd.o)
                0x0000c5b0                altera_avalon_jtag_uart_read_fd
                0x0000c608                altera_avalon_jtag_uart_write_fd
                0x0000c660                altera_avalon_jtag_uart_close_fd
                0x0000c6a8                altera_avalon_jtag_uart_ioctl_fd
 .text          0x0000c6f8      0x408 ../Assignment_1_v2_bsp/\libhal_bsp.a(altera_avalon_jtag_uart_init.o)
                0x0000c6f8                altera_avalon_jtag_uart_init
                0x0000ca8c                altera_avalon_jtag_uart_close
 .text          0x0000cb00       0xf4 ../Assignment_1_v2_bsp/\libhal_bsp.a(altera_avalon_jtag_uart_ioctl.o)
                0x0000cb00                altera_avalon_jtag_uart_ioctl
 .text          0x0000cbf4      0x224 ../Assignment_1_v2_bsp/\libhal_bsp.a(altera_avalon_jtag_uart_read.o)
                0x0000cbf4                altera_avalon_jtag_uart_read
 .text          0x0000ce18      0x240 ../Assignment_1_v2_bsp/\libhal_bsp.a(altera_avalon_jtag_uart_write.o)
                0x0000ce18                altera_avalon_jtag_uart_write
 .text          0x0000d058      0xee0 ../Assignment_1_v2_bsp/\libhal_bsp.a(altera_avalon_lcd_16207.o)
                0x0000d82c                altera_avalon_lcd_16207_write
                0x0000ddfc                altera_avalon_lcd_16207_init
 .text          0x0000df38       0x58 ../Assignment_1_v2_bsp/\libhal_bsp.a(altera_avalon_lcd_16207_fd.o)
                0x0000df38                altera_avalon_lcd_16207_write_fd
 .text          0x0000df90       0xfc ../Assignment_1_v2_bsp/\libhal_bsp.a(altera_avalon_timer_sc.o)
                0x0000e004                alt_avalon_timer_sc_init
 .text          0x0000e08c       0xf8 ../Assignment_1_v2_bsp/\libhal_bsp.a(altera_avalon_uart_fd.o)
                0x0000e08c                altera_avalon_uart_read_fd
                0x0000e0e4                altera_avalon_uart_write_fd
                0x0000e13c                altera_avalon_uart_close_fd
 .text          0x0000e184      0x3fc ../Assignment_1_v2_bsp/\libhal_bsp.a(altera_avalon_uart_init.o)
                0x0000e184                altera_avalon_uart_init
                0x0000e520                altera_avalon_uart_close
 .text          0x0000e580      0x290 ../Assignment_1_v2_bsp/\libhal_bsp.a(altera_avalon_uart_read.o)
                0x0000e580                altera_avalon_uart_read
 .text          0x0000e810      0x228 ../Assignment_1_v2_bsp/\libhal_bsp.a(altera_avalon_uart_write.o)
                0x0000e810                altera_avalon_uart_write
 .text          0x0000ea38      0x700 ../Assignment_1_v2_bsp/\libhal_bsp.a(altera_up_avalon_ps2.o)
                0x0000ea38                read_RI_bit
                0x0000ea6c                read_RE_bit
                0x0000ea9c                read_CE_bit
                0x0000ead0                read_num_bytes_available
                0x0000eb04                read_data_valid
                0x0000eb38                read_data_byte
                0x0000eb64                alt_up_ps2_init
                0x0000ec30                alt_up_ps2_enable_read_interrupt
                0x0000ec84                alt_up_ps2_disable_read_interrupt
                0x0000ecdc                alt_up_ps2_write_data_byte
                0x0000ed54                alt_up_ps2_wait_for_ack
                0x0000edc4                alt_up_ps2_write_data_byte_with_ack
                0x0000ee30                alt_up_ps2_read_data_byte_timeout
                0x0000eee0                alt_up_ps2_read_data_byte
                0x0000ef5c                alt_up_ps2_clear_fifo
                0x0000efb4                alt_up_ps2_read_fd
                0x0000f050                alt_up_ps2_write_fd
                0x0000f0f8                alt_up_ps2_open_dev
 .text          0x0000f138      0x304 ../Assignment_1_v2_bsp/\libhal_bsp.a(altera_up_avalon_video_character_buffer_with_dma.o)
                0x0000f138                alt_up_char_buffer_init
                0x0000f1bc                alt_up_char_buffer_open_dev
                0x0000f1fc                alt_up_char_buffer_draw
                0x0000f2cc                alt_up_char_buffer_string
                0x0000f3e0                alt_up_char_buffer_clear
 .text          0x0000f43c      0x5e0 ../Assignment_1_v2_bsp/\libhal_bsp.a(altera_up_ps2_keyboard.o)
                0x0000f43c                get_multi_byte_make_code_index
                0x0000f4b4                get_single_byte_make_code_index
                0x0000f52c                get_next_state
                0x0000f788                decode_scancode
                0x0000f834                set_keyboard_rate
                0x0000f894                translate_make_code
                0x0000f99c                reset_keyboard
 .text          0x0000fa1c      0x154 ../Assignment_1_v2_bsp/\libhal_bsp.a(alt_alarm_start.o)
                0x0000fa1c                alt_alarm_start
 .text          0x0000fb70       0x78 ../Assignment_1_v2_bsp/\libhal_bsp.a(alt_dcache_flush.o)
                0x0000fb70                alt_dcache_flush
 .text          0x0000fbe8      0x114 ../Assignment_1_v2_bsp/\libhal_bsp.a(alt_dev_llist_insert.o)
                0x0000fbe8                alt_dev_llist_insert
 .text          0x0000fcfc       0x64 ../Assignment_1_v2_bsp/\libhal_bsp.a(alt_do_ctors.o)
                0x0000fcfc                _do_ctors
 .text          0x0000fd60       0x64 ../Assignment_1_v2_bsp/\libhal_bsp.a(alt_do_dtors.o)
                0x0000fd60                _do_dtors
 .text          0x0000fdc4       0x94 ../Assignment_1_v2_bsp/\libhal_bsp.a(alt_find_dev.o)
                0x0000fdc4                alt_find_dev
 .text          0x0000fe58       0xd0 ../Assignment_1_v2_bsp/\libhal_bsp.a(alt_flash_dev.o)
                0x0000fe58                alt_flash_open_dev
                0x0000fed4                alt_flash_close_dev
 .text          0x0000ff28      0x13c ../Assignment_1_v2_bsp/\libhal_bsp.a(alt_io_redirect.o)
                0x0000ffec                alt_io_redirect
 .text          0x00010064      0x1c0 ../Assignment_1_v2_bsp/\libhal_bsp.a(alt_irq_register.o)
                0x00010064                alt_irq_register
 .text          0x00010224        0x0 ../Assignment_1_v2_bsp/\libhal_bsp.a(alt_irq_vars.o)
 .text          0x00010224      0x2c4 ../Assignment_1_v2_bsp/\libhal_bsp.a(alt_open.o)
                0x00010300                open
 .text          0x000104e8      0x1a4 ../Assignment_1_v2_bsp/\libhal_bsp.a(alt_tick.o)
                0x000104e8                alt_alarm_stop
                0x00010580                alt_tick
 .text          0x0001068c       0x30 ../Assignment_1_v2_bsp/\libhal_bsp.a(alt_usleep.o)
                0x0001068c                usleep
 .text          0x000106bc       0x20 ../Assignment_1_v2_bsp/\libhal_bsp.a(altera_nios2_qsys_irq.o)
                0x000106bc                altera_nios2_qsys_irq_init
 .text          0x000106dc      0x460 ../Assignment_1_v2_bsp/\libhal_bsp.a(altera_avalon_cfi_flash_amd.o)
                0x000106dc                alt_program_amd
                0x00010744                alt_erase_block_amd
 .text          0x00010b3c      0x460 ../Assignment_1_v2_bsp/\libhal_bsp.a(altera_avalon_cfi_flash_intel.o)
                0x00010b3c                alt_program_intel
                0x00010bc0                alt_erase_block_intel
 .text          0x00010f9c      0x12c ../Assignment_1_v2_bsp/\libhal_bsp.a(alt_busy_sleep.o)
                0x00010f9c                alt_busy_sleep
 .text          0x000110c8      0x120 ../Assignment_1_v2_bsp/\libhal_bsp.a(alt_find_file.o)
                0x000110c8                alt_find_file
 .text          0x000111e8       0xb8 ../Assignment_1_v2_bsp/\libhal_bsp.a(alt_get_fd.o)
                0x000111e8                alt_get_fd
 .text          0x000112a0        0x0 ../Assignment_1_v2_bsp/\libhal_bsp.a(alt_irq_entry.o)
 .text          0x000112a0        0x0 ../Assignment_1_v2_bsp/\libhal_bsp.a(alt_irq_handler.o)
 .text          0x000112a0        0x0 ../Assignment_1_v2_bsp/\libhal_bsp.a(alt_exception_entry.o)
 .text          0x000112a0       0x14 c:/altera/13.0/nios2eds/bin/gnu/h-i686-mingw32/bin/../lib/gcc/nios2-elf/4.1.2/../../../../nios2-elf/lib\libc.a(lib_a-atexit.o)
                0x000112a0                atexit
 .text          0x000112b4        0x0 c:/altera/13.0/nios2eds/bin/gnu/h-i686-mingw32/bin/../lib/gcc/nios2-elf/4.1.2/../../../../nios2-elf/lib\libc.a(lib_a-ctype_.o)
 .text          0x000112b4       0x38 c:/altera/13.0/nios2eds/bin/gnu/h-i686-mingw32/bin/../lib/gcc/nios2-elf/4.1.2/../../../../nios2-elf/lib\libc.a(lib_a-exit.o)
                0x000112b4                exit
 .text          0x000112ec       0x74 c:/altera/13.0/nios2eds/bin/gnu/h-i686-mingw32/bin/../lib/gcc/nios2-elf/4.1.2/../../../../nios2-elf/lib\libc.a(lib_a-memcmp.o)
                0x000112ec                memcmp
 .text          0x00011360       0x8c c:/altera/13.0/nios2eds/bin/gnu/h-i686-mingw32/bin/../lib/gcc/nios2-elf/4.1.2/../../../../nios2-elf/lib\libc.a(lib_a-strcpy.o)
                0x00011360                strcpy
 .text          0x000113ec      0x134 c:/altera/13.0/nios2eds/bin/gnu/h-i686-mingw32/bin/../lib/gcc/nios2-elf/4.1.2/../../../../nios2-elf/lib\libc.a(lib_a-__atexit.o)
                0x000113ec                __register_exitproc
 .text          0x00011520      0x1b4 c:/altera/13.0/nios2eds/bin/gnu/h-i686-mingw32/bin/../lib/gcc/nios2-elf/4.1.2/../../../../nios2-elf/lib\libc.a(lib_a-__call_atexit.o)
                0x00011524                __call_exitprocs
 .text          0x000116d4       0x60 ../Assignment_1_v2_bsp/\libhal_bsp.a(alt_exit.o)
                0x00011714                _exit
 *(.gnu.warning.*)
 *(.fini)
                0x00011734                PROVIDE (__etext, ABSOLUTE (.))
                0x00011734                PROVIDE (_etext, ABSOLUTE (.))
                0x00011734                PROVIDE (etext, ABSOLUTE (.))
 *(.eh_frame_hdr)
                0x00011734                . = ALIGN (0x4)
                0x00011734                PROVIDE (__preinit_array_start, ABSOLUTE (.))
 *(.preinit_array)
                0x00011734                PROVIDE (__preinit_array_end, ABSOLUTE (.))
                0x00011734                PROVIDE (__init_array_start, ABSOLUTE (.))
 *(.init_array)
                0x00011734                PROVIDE (__init_array_end, ABSOLUTE (.))
                0x00011734                PROVIDE (__fini_array_start, ABSOLUTE (.))
 *(.fini_array)
                0x00011734                PROVIDE (__fini_array_end, ABSOLUTE (.))
 *(.eh_frame)
 *(.gcc_except_table)
 *(.dynamic)
                0x00011734                PROVIDE (__CTOR_LIST__, ABSOLUTE (.))
 *(.ctors)
 *(SORT(.ctors.*))
 .ctors.65535   0x00011734        0x4 c:/altera/13.0/nios2eds/bin/gnu/h-i686-mingw32/bin/../lib/gcc/nios2-elf/4.1.2/../../../../nios2-elf/lib\libc.a(lib_a-__call_atexit.o)
                0x00011738                PROVIDE (__CTOR_END__, ABSOLUTE (.))
                0x00011738                PROVIDE (__DTOR_LIST__, ABSOLUTE (.))
 *(.dtors)
 *(SORT(.dtors.*))
                0x00011738                PROVIDE (__DTOR_END__, ABSOLUTE (.))
 *(.jcr)
                0x00011738                . = ALIGN (0x4)

.rodata         0x08000000      0x90c
                0x08000000                PROVIDE (__ram_rodata_start, ABSOLUTE (.))
                0x08000000                . = ALIGN (0x4)
 *(.rodata .rodata.* .gnu.linkonce.r.*)
 .rodata        0x08000000       0x54 obj/default/hello_world.o
 .rodata.str1.4
                0x08000054        0x2 c:/altera/13.0/nios2eds/bin/gnu/h-i686-mingw32/bin/../lib/gcc/nios2-elf/4.1.2/../../../../nios2-elf/lib\libc.a(lib_a-puts.o)
                                  0x4 (size before relaxing)
 *fill*         0x08000056        0x2 00
 .rodata.str1.4
                0x08000058       0x5e c:/altera/13.0/nios2eds/bin/gnu/h-i686-mingw32/bin/../lib/gcc/nios2-elf/4.1.2/../../../../nios2-elf/lib\libc.a(lib_a-vfprintf.o)
                                 0x60 (size before relaxing)
 *fill*         0x080000b6        0x2 00
 .rodata        0x080000b8       0x20 c:/altera/13.0/nios2eds/bin/gnu/h-i686-mingw32/bin/../lib/gcc/nios2-elf/4.1.2/../../../../nios2-elf/lib\libc.a(lib_a-vfprintf.o)
 .rodata.str1.4
                0x080000d8       0x10 c:/altera/13.0/nios2eds/bin/gnu/h-i686-mingw32/bin/../lib/gcc/nios2-elf/4.1.2/../../../../nios2-elf/lib\libc.a(lib_a-dtoa.o)
                                 0x14 (size before relaxing)
 .rodata.str1.4
                0x080000e8        0x2 c:/altera/13.0/nios2eds/bin/gnu/h-i686-mingw32/bin/../lib/gcc/nios2-elf/4.1.2/../../../../nios2-elf/lib\libc.a(lib_a-impure.o)
                                  0x4 (size before relaxing)
 *fill*         0x080000ea        0x2 00
 .rodata.str1.4
                0x080000ec       0x10 c:/altera/13.0/nios2eds/bin/gnu/h-i686-mingw32/bin/../lib/gcc/nios2-elf/4.1.2/../../../../nios2-elf/lib\libc.a(lib_a-locale.o)
                                 0x18 (size before relaxing)
 .rodata        0x080000fc       0x30 c:/altera/13.0/nios2eds/bin/gnu/h-i686-mingw32/bin/../lib/gcc/nios2-elf/4.1.2/../../../../nios2-elf/lib\libc.a(lib_a-locale.o)
 .rodata        0x0800012c      0x124 c:/altera/13.0/nios2eds/bin/gnu/h-i686-mingw32/bin/../lib/gcc/nios2-elf/4.1.2/../../../../nios2-elf/lib\libc.a(lib_a-mprec.o)
                0x0800012c                __mprec_tens
                0x080001f4                __mprec_bigtens
                0x0800021c                __mprec_tinytens
 .rodata        0x08000250       0x14 c:/altera/13.0/nios2eds/bin/gnu/h-i686-mingw32/bin/../lib/gcc/nios2-elf/4.1.2\libgcc.a(_thenan_df.o)
                0x08000250                __thenan_df
 .rodata        0x08000264      0x100 c:/altera/13.0/nios2eds/bin/gnu/h-i686-mingw32/bin/../lib/gcc/nios2-elf/4.1.2\libgcc.a(_clz.o)
                0x08000264                __clz_tab
 .rodata        0x08000364        0xc ../Assignment_1_v2_bsp/\libhal_bsp.a(alt_dev.o)
 .rodata        0x08000370       0x10 ../Assignment_1_v2_bsp/\libhal_bsp.a(alt_main.o)
 .rodata        0x08000380       0xb0 ../Assignment_1_v2_bsp/\libhal_bsp.a(alt_sys_init.o)
 .rodata        0x08000430       0x1c ../Assignment_1_v2_bsp/\libhal_bsp.a(altera_up_avalon_video_character_buffer_with_dma.o)
 .rodata        0x0800044c      0x23c ../Assignment_1_v2_bsp/\libhal_bsp.a(altera_up_ps2_keyboard.o)
 .rodata        0x08000688      0x284 c:/altera/13.0/nios2eds/bin/gnu/h-i686-mingw32/bin/../lib/gcc/nios2-elf/4.1.2/../../../../nios2-elf/lib\libc.a(lib_a-ctype_.o)
                0x08000688                _ctype_
 *(.rodata1)
                0x0800090c                . = ALIGN (0x4)
                0x0800090c                PROVIDE (__ram_rodata_end, ABSOLUTE (.))
                0x08000000                PROVIDE (__flash_rodata_start, LOADADDR (.rodata))

.rwdata         0x0800090c     0x20cc
                0x0800090c                PROVIDE (__ram_rwdata_start, ABSOLUTE (.))
                0x0800090c                . = ALIGN (0x4)
 *(.got.plt)
 *(.got)
 *(.data1)
 *(.data .data.* .gnu.linkonce.d.*)
 .data          0x0800090c        0x0 ../Assignment_1_v2_bsp//obj/HAL/src/crt0.o
 .data          0x0800090c        0x0 obj/default/hello_world.o
 .data          0x0800090c        0x0 c:/altera/13.0/nios2eds/bin/gnu/h-i686-mingw32/bin/../lib/gcc/nios2-elf/4.1.2/../../../../nios2-elf/lib\libc.a(lib_a-printf.o)
 .data          0x0800090c        0x0 c:/altera/13.0/nios2eds/bin/gnu/h-i686-mingw32/bin/../lib/gcc/nios2-elf/4.1.2/../../../../nios2-elf/lib\libc.a(lib_a-puts.o)
 .data          0x0800090c        0x0 c:/altera/13.0/nios2eds/bin/gnu/h-i686-mingw32/bin/../lib/gcc/nios2-elf/4.1.2/../../../../nios2-elf/lib\libc.a(lib_a-strlen.o)
 .data          0x0800090c        0x0 c:/altera/13.0/nios2eds/bin/gnu/h-i686-mingw32/bin/../lib/gcc/nios2-elf/4.1.2/../../../../nios2-elf/lib\libc.a(lib_a-vfprintf.o)
 .data          0x0800090c        0x0 c:/altera/13.0/nios2eds/bin/gnu/h-i686-mingw32/bin/../lib/gcc/nios2-elf/4.1.2/../../../../nios2-elf/lib\libc.a(lib_a-wsetup.o)
 .data          0x0800090c        0x0 c:/altera/13.0/nios2eds/bin/gnu/h-i686-mingw32/bin/../lib/gcc/nios2-elf/4.1.2/../../../../nios2-elf/lib\libc.a(lib_a-dtoa.o)
 .data          0x0800090c        0x0 c:/altera/13.0/nios2eds/bin/gnu/h-i686-mingw32/bin/../lib/gcc/nios2-elf/4.1.2/../../../../nios2-elf/lib\libc.a(lib_a-fflush.o)
 .data          0x0800090c        0x0 c:/altera/13.0/nios2eds/bin/gnu/h-i686-mingw32/bin/../lib/gcc/nios2-elf/4.1.2/../../../../nios2-elf/lib\libc.a(lib_a-findfp.o)
 .data          0x0800090c        0x0 c:/altera/13.0/nios2eds/bin/gnu/h-i686-mingw32/bin/../lib/gcc/nios2-elf/4.1.2/../../../../nios2-elf/lib\libc.a(lib_a-freer.o)
 .data          0x0800090c        0x0 c:/altera/13.0/nios2eds/bin/gnu/h-i686-mingw32/bin/../lib/gcc/nios2-elf/4.1.2/../../../../nios2-elf/lib\libc.a(lib_a-fvwrite.o)
 .data          0x0800090c        0x0 c:/altera/13.0/nios2eds/bin/gnu/h-i686-mingw32/bin/../lib/gcc/nios2-elf/4.1.2/../../../../nios2-elf/lib\libc.a(lib_a-fwalk.o)
 .data          0x0800090c      0x400 c:/altera/13.0/nios2eds/bin/gnu/h-i686-mingw32/bin/../lib/gcc/nios2-elf/4.1.2/../../../../nios2-elf/lib\libc.a(lib_a-impure.o)
 .data          0x08000d0c        0xc c:/altera/13.0/nios2eds/bin/gnu/h-i686-mingw32/bin/../lib/gcc/nios2-elf/4.1.2/../../../../nios2-elf/lib\libc.a(lib_a-locale.o)
                0x08000d0c                __lc_ctype
 .data          0x08000d18        0x0 c:/altera/13.0/nios2eds/bin/gnu/h-i686-mingw32/bin/../lib/gcc/nios2-elf/4.1.2/../../../../nios2-elf/lib\libc.a(lib_a-makebuf.o)
 .data          0x08000d18      0x408 c:/altera/13.0/nios2eds/bin/gnu/h-i686-mingw32/bin/../lib/gcc/nios2-elf/4.1.2/../../../../nios2-elf/lib\libc.a(lib_a-mallocr.o)
                0x08000d18                __malloc_av_
 .data          0x08001120        0x0 c:/altera/13.0/nios2eds/bin/gnu/h-i686-mingw32/bin/../lib/gcc/nios2-elf/4.1.2/../../../../nios2-elf/lib\libc.a(lib_a-memchr.o)
 .data          0x08001120        0x0 c:/altera/13.0/nios2eds/bin/gnu/h-i686-mingw32/bin/../lib/gcc/nios2-elf/4.1.2/../../../../nios2-elf/lib\libc.a(lib_a-memcpy.o)
 .data          0x08001120        0x0 c:/altera/13.0/nios2eds/bin/gnu/h-i686-mingw32/bin/../lib/gcc/nios2-elf/4.1.2/../../../../nios2-elf/lib\libc.a(lib_a-memmove.o)
 .data          0x08001120        0x0 c:/altera/13.0/nios2eds/bin/gnu/h-i686-mingw32/bin/../lib/gcc/nios2-elf/4.1.2/../../../../nios2-elf/lib\libc.a(lib_a-memset.o)
 .data          0x08001120        0x0 c:/altera/13.0/nios2eds/bin/gnu/h-i686-mingw32/bin/../lib/gcc/nios2-elf/4.1.2/../../../../nios2-elf/lib\libc.a(lib_a-mprec.o)
 .data          0x08001120        0x0 c:/altera/13.0/nios2eds/bin/gnu/h-i686-mingw32/bin/../lib/gcc/nios2-elf/4.1.2/../../../../nios2-elf/lib\libc.a(lib_a-reallocr.o)
 .data          0x08001120        0x0 c:/altera/13.0/nios2eds/bin/gnu/h-i686-mingw32/bin/../lib/gcc/nios2-elf/4.1.2/../../../../nios2-elf/lib\libc.a(lib_a-s_isinfd.o)
 .data          0x08001120        0x0 c:/altera/13.0/nios2eds/bin/gnu/h-i686-mingw32/bin/../lib/gcc/nios2-elf/4.1.2/../../../../nios2-elf/lib\libc.a(lib_a-s_isnand.o)
 .data          0x08001120        0x0 c:/altera/13.0/nios2eds/bin/gnu/h-i686-mingw32/bin/../lib/gcc/nios2-elf/4.1.2/../../../../nios2-elf/lib\libc.a(lib_a-sbrkr.o)
 .data          0x08001120        0x0 c:/altera/13.0/nios2eds/bin/gnu/h-i686-mingw32/bin/../lib/gcc/nios2-elf/4.1.2/../../../../nios2-elf/lib\libc.a(lib_a-stdio.o)
 .data          0x08001120        0x0 c:/altera/13.0/nios2eds/bin/gnu/h-i686-mingw32/bin/../lib/gcc/nios2-elf/4.1.2/../../../../nios2-elf/lib\libc.a(lib_a-strcmp.o)
 .data          0x08001120        0x0 c:/altera/13.0/nios2eds/bin/gnu/h-i686-mingw32/bin/../lib/gcc/nios2-elf/4.1.2/../../../../nios2-elf/lib\libc.a(lib_a-writer.o)
 .data          0x08001120        0x0 c:/altera/13.0/nios2eds/bin/gnu/h-i686-mingw32/bin/../lib/gcc/nios2-elf/4.1.2/../../../../nios2-elf/lib\libc.a(lib_a-callocr.o)
 .data          0x08001120        0x0 c:/altera/13.0/nios2eds/bin/gnu/h-i686-mingw32/bin/../lib/gcc/nios2-elf/4.1.2/../../../../nios2-elf/lib\libc.a(lib_a-closer.o)
 .data          0x08001120        0x0 c:/altera/13.0/nios2eds/bin/gnu/h-i686-mingw32/bin/../lib/gcc/nios2-elf/4.1.2/../../../../nios2-elf/lib\libc.a(lib_a-fclose.o)
 .data          0x08001120        0x0 c:/altera/13.0/nios2eds/bin/gnu/h-i686-mingw32/bin/../lib/gcc/nios2-elf/4.1.2/../../../../nios2-elf/lib\libc.a(lib_a-fstatr.o)
 .data          0x08001120        0x0 c:/altera/13.0/nios2eds/bin/gnu/h-i686-mingw32/bin/../lib/gcc/nios2-elf/4.1.2/../../../../nios2-elf/lib\libc.a(lib_a-int_errno.o)
 .data          0x08001120        0x0 c:/altera/13.0/nios2eds/bin/gnu/h-i686-mingw32/bin/../lib/gcc/nios2-elf/4.1.2/../../../../nios2-elf/lib\libc.a(lib_a-isattyr.o)
 .data          0x08001120        0x0 c:/altera/13.0/nios2eds/bin/gnu/h-i686-mingw32/bin/../lib/gcc/nios2-elf/4.1.2/../../../../nios2-elf/lib\libc.a(lib_a-lseekr.o)
 .data          0x08001120        0x0 c:/altera/13.0/nios2eds/bin/gnu/h-i686-mingw32/bin/../lib/gcc/nios2-elf/4.1.2/../../../../nios2-elf/lib\libc.a(lib_a-readr.o)
 .data          0x08001120        0x0 c:/altera/13.0/nios2eds/bin/gnu/h-i686-mingw32/bin/../lib/gcc/nios2-elf/4.1.2\libgcc.a(_udivdi3.o)
 .data          0x08001120        0x0 c:/altera/13.0/nios2eds/bin/gnu/h-i686-mingw32/bin/../lib/gcc/nios2-elf/4.1.2\libgcc.a(_umoddi3.o)
 .data          0x08001120        0x0 c:/altera/13.0/nios2eds/bin/gnu/h-i686-mingw32/bin/../lib/gcc/nios2-elf/4.1.2\libgcc.a(_addsub_df.o)
 .data          0x08001120        0x0 c:/altera/13.0/nios2eds/bin/gnu/h-i686-mingw32/bin/../lib/gcc/nios2-elf/4.1.2\libgcc.a(_mul_df.o)
 .data          0x08001120        0x0 c:/altera/13.0/nios2eds/bin/gnu/h-i686-mingw32/bin/../lib/gcc/nios2-elf/4.1.2\libgcc.a(_div_df.o)
 .data          0x08001120        0x0 c:/altera/13.0/nios2eds/bin/gnu/h-i686-mingw32/bin/../lib/gcc/nios2-elf/4.1.2\libgcc.a(_eq_df.o)
 .data          0x08001120        0x0 c:/altera/13.0/nios2eds/bin/gnu/h-i686-mingw32/bin/../lib/gcc/nios2-elf/4.1.2\libgcc.a(_ne_df.o)
 .data          0x08001120        0x0 c:/altera/13.0/nios2eds/bin/gnu/h-i686-mingw32/bin/../lib/gcc/nios2-elf/4.1.2\libgcc.a(_gt_df.o)
 .data          0x08001120        0x0 c:/altera/13.0/nios2eds/bin/gnu/h-i686-mingw32/bin/../lib/gcc/nios2-elf/4.1.2\libgcc.a(_ge_df.o)
 .data          0x08001120        0x0 c:/altera/13.0/nios2eds/bin/gnu/h-i686-mingw32/bin/../lib/gcc/nios2-elf/4.1.2\libgcc.a(_lt_df.o)
 .data          0x08001120        0x0 c:/altera/13.0/nios2eds/bin/gnu/h-i686-mingw32/bin/../lib/gcc/nios2-elf/4.1.2\libgcc.a(_si_to_df.o)
 .data          0x08001120        0x0 c:/altera/13.0/nios2eds/bin/gnu/h-i686-mingw32/bin/../lib/gcc/nios2-elf/4.1.2\libgcc.a(_df_to_si.o)
 .data          0x08001120        0x0 c:/altera/13.0/nios2eds/bin/gnu/h-i686-mingw32/bin/../lib/gcc/nios2-elf/4.1.2\libgcc.a(_thenan_df.o)
 .data          0x08001120        0x0 c:/altera/13.0/nios2eds/bin/gnu/h-i686-mingw32/bin/../lib/gcc/nios2-elf/4.1.2\libgcc.a(_usi_to_df.o)
 .data          0x08001120        0x0 c:/altera/13.0/nios2eds/bin/gnu/h-i686-mingw32/bin/../lib/gcc/nios2-elf/4.1.2\libgcc.a(lib2-divmod.o)
 .data          0x08001120        0x0 c:/altera/13.0/nios2eds/bin/gnu/h-i686-mingw32/bin/../lib/gcc/nios2-elf/4.1.2\libgcc.a(_muldi3.o)
 .data          0x08001120        0x0 c:/altera/13.0/nios2eds/bin/gnu/h-i686-mingw32/bin/../lib/gcc/nios2-elf/4.1.2\libgcc.a(_clz.o)
 .data          0x08001120        0x0 c:/altera/13.0/nios2eds/bin/gnu/h-i686-mingw32/bin/../lib/gcc/nios2-elf/4.1.2\libgcc.a(_clzsi2.o)
 .data          0x08001120        0x0 c:/altera/13.0/nios2eds/bin/gnu/h-i686-mingw32/bin/../lib/gcc/nios2-elf/4.1.2\libgcc.a(_pack_df.o)
 .data          0x08001120        0x0 c:/altera/13.0/nios2eds/bin/gnu/h-i686-mingw32/bin/../lib/gcc/nios2-elf/4.1.2\libgcc.a(_unpack_df.o)
 .data          0x08001120        0x0 c:/altera/13.0/nios2eds/bin/gnu/h-i686-mingw32/bin/../lib/gcc/nios2-elf/4.1.2\libgcc.a(_fpcmp_parts_df.o)
 .data          0x08001120        0x0 ../Assignment_1_v2_bsp/\libhal_bsp.a(alt_close.o)
 .data          0x08001120      0x1a8 ../Assignment_1_v2_bsp/\libhal_bsp.a(alt_dev.o)
                0x08001120                alt_dev_null
                0x08001148                alt_fd_list
 .data          0x080012c8        0x0 ../Assignment_1_v2_bsp/\libhal_bsp.a(alt_errno.o)
 .data          0x080012c8        0x0 ../Assignment_1_v2_bsp/\libhal_bsp.a(alt_fstat.o)
 .data          0x080012c8        0x0 ../Assignment_1_v2_bsp/\libhal_bsp.a(alt_isatty.o)
 .data          0x080012c8        0x0 ../Assignment_1_v2_bsp/\libhal_bsp.a(alt_lseek.o)
 .data          0x080012c8        0x0 ../Assignment_1_v2_bsp/\libhal_bsp.a(alt_main.o)
 .data          0x080012c8        0x0 ../Assignment_1_v2_bsp/\libhal_bsp.a(alt_malloc_lock.o)
 .data          0x080012c8        0x0 ../Assignment_1_v2_bsp/\libhal_bsp.a(alt_read.o)
 .data          0x080012c8        0x0 ../Assignment_1_v2_bsp/\libhal_bsp.a(alt_release_fd.o)
 .data          0x080012c8        0x0 ../Assignment_1_v2_bsp/\libhal_bsp.a(alt_sbrk.o)
 .data          0x080012c8        0x0 ../Assignment_1_v2_bsp/\libhal_bsp.a(alt_write.o)
 .data          0x080012c8     0x13f0 ../Assignment_1_v2_bsp/\libhal_bsp.a(alt_sys_init.o)
 .data          0x080026b8        0x0 ../Assignment_1_v2_bsp/\libhal_bsp.a(altera_avalon_cfi_flash.o)
 .data          0x080026b8        0x0 ../Assignment_1_v2_bsp/\libhal_bsp.a(altera_avalon_cfi_flash_table.o)
 .data          0x080026b8        0x0 ../Assignment_1_v2_bsp/\libhal_bsp.a(altera_avalon_jtag_uart_fd.o)
 .data          0x080026b8        0x0 ../Assignment_1_v2_bsp/\libhal_bsp.a(altera_avalon_jtag_uart_init.o)
 .data          0x080026b8        0x0 ../Assignment_1_v2_bsp/\libhal_bsp.a(altera_avalon_jtag_uart_ioctl.o)
 .data          0x080026b8        0x0 ../Assignment_1_v2_bsp/\libhal_bsp.a(altera_avalon_jtag_uart_read.o)
 .data          0x080026b8        0x0 ../Assignment_1_v2_bsp/\libhal_bsp.a(altera_avalon_jtag_uart_write.o)
 .data          0x080026b8        0x0 ../Assignment_1_v2_bsp/\libhal_bsp.a(altera_avalon_lcd_16207.o)
 .data          0x080026b8        0x0 ../Assignment_1_v2_bsp/\libhal_bsp.a(altera_avalon_lcd_16207_fd.o)
 .data          0x080026b8        0x0 ../Assignment_1_v2_bsp/\libhal_bsp.a(altera_avalon_timer_sc.o)
 .data          0x080026b8        0x0 ../Assignment_1_v2_bsp/\libhal_bsp.a(altera_avalon_uart_fd.o)
 .data          0x080026b8        0x0 ../Assignment_1_v2_bsp/\libhal_bsp.a(altera_avalon_uart_init.o)
 .data          0x080026b8        0x0 ../Assignment_1_v2_bsp/\libhal_bsp.a(altera_avalon_uart_read.o)
 .data          0x080026b8        0x0 ../Assignment_1_v2_bsp/\libhal_bsp.a(altera_avalon_uart_write.o)
 .data          0x080026b8        0x0 ../Assignment_1_v2_bsp/\libhal_bsp.a(altera_up_avalon_ps2.o)
 .data          0x080026b8        0x0 ../Assignment_1_v2_bsp/\libhal_bsp.a(altera_up_avalon_video_character_buffer_with_dma.o)
 .data          0x080026b8      0x2d0 ../Assignment_1_v2_bsp/\libhal_bsp.a(altera_up_ps2_keyboard.o)
                0x080026b8                key_table
                0x08002850                ascii_codes
                0x080028b8                single_byte_make_code
                0x08002920                multi_byte_make_code
 .data          0x08002988        0x0 ../Assignment_1_v2_bsp/\libhal_bsp.a(alt_alarm_start.o)
 .data          0x08002988        0x0 ../Assignment_1_v2_bsp/\libhal_bsp.a(alt_dcache_flush.o)
 .data          0x08002988        0x0 ../Assignment_1_v2_bsp/\libhal_bsp.a(alt_dev_llist_insert.o)
 .data          0x08002988        0x0 ../Assignment_1_v2_bsp/\libhal_bsp.a(alt_do_ctors.o)
 .data          0x08002988        0x0 ../Assignment_1_v2_bsp/\libhal_bsp.a(alt_do_dtors.o)
 .data          0x08002988        0x0 ../Assignment_1_v2_bsp/\libhal_bsp.a(alt_find_dev.o)
 .data          0x08002988        0x0 ../Assignment_1_v2_bsp/\libhal_bsp.a(alt_flash_dev.o)
 .data          0x08002988        0x0 ../Assignment_1_v2_bsp/\libhal_bsp.a(alt_io_redirect.o)
 .data          0x08002988        0x0 ../Assignment_1_v2_bsp/\libhal_bsp.a(alt_irq_register.o)
 .data          0x08002988        0x0 ../Assignment_1_v2_bsp/\libhal_bsp.a(alt_irq_vars.o)
 .data          0x08002988        0x0 ../Assignment_1_v2_bsp/\libhal_bsp.a(alt_open.o)
 .data          0x08002988        0x0 ../Assignment_1_v2_bsp/\libhal_bsp.a(alt_tick.o)
 .data          0x08002988        0x0 ../Assignment_1_v2_bsp/\libhal_bsp.a(alt_usleep.o)
 .data          0x08002988        0x0 ../Assignment_1_v2_bsp/\libhal_bsp.a(altera_nios2_qsys_irq.o)
 .data          0x08002988        0x0 ../Assignment_1_v2_bsp/\libhal_bsp.a(altera_avalon_cfi_flash_amd.o)
 .data          0x08002988        0x0 ../Assignment_1_v2_bsp/\libhal_bsp.a(altera_avalon_cfi_flash_intel.o)
 .data          0x08002988        0x0 ../Assignment_1_v2_bsp/\libhal_bsp.a(alt_busy_sleep.o)
 .data          0x08002988        0x0 ../Assignment_1_v2_bsp/\libhal_bsp.a(alt_find_file.o)
 .data          0x08002988        0x0 ../Assignment_1_v2_bsp/\libhal_bsp.a(alt_get_fd.o)
 .data          0x08002988        0x0 ../Assignment_1_v2_bsp/\libhal_bsp.a(alt_irq_entry.o)
 .data          0x08002988        0x0 ../Assignment_1_v2_bsp/\libhal_bsp.a(alt_irq_handler.o)
 .data          0x08002988        0x0 ../Assignment_1_v2_bsp/\libhal_bsp.a(alt_exception_entry.o)
 .data          0x08002988        0x0 c:/altera/13.0/nios2eds/bin/gnu/h-i686-mingw32/bin/../lib/gcc/nios2-elf/4.1.2/../../../../nios2-elf/lib\libc.a(lib_a-atexit.o)
 .data          0x08002988        0x0 c:/altera/13.0/nios2eds/bin/gnu/h-i686-mingw32/bin/../lib/gcc/nios2-elf/4.1.2/../../../../nios2-elf/lib\libc.a(lib_a-ctype_.o)
 .data          0x08002988        0x0 c:/altera/13.0/nios2eds/bin/gnu/h-i686-mingw32/bin/../lib/gcc/nios2-elf/4.1.2/../../../../nios2-elf/lib\libc.a(lib_a-exit.o)
 .data          0x08002988        0x0 c:/altera/13.0/nios2eds/bin/gnu/h-i686-mingw32/bin/../lib/gcc/nios2-elf/4.1.2/../../../../nios2-elf/lib\libc.a(lib_a-memcmp.o)
 .data          0x08002988        0x0 c:/altera/13.0/nios2eds/bin/gnu/h-i686-mingw32/bin/../lib/gcc/nios2-elf/4.1.2/../../../../nios2-elf/lib\libc.a(lib_a-strcpy.o)
 .data          0x08002988        0x0 c:/altera/13.0/nios2eds/bin/gnu/h-i686-mingw32/bin/../lib/gcc/nios2-elf/4.1.2/../../../../nios2-elf/lib\libc.a(lib_a-__atexit.o)
 .data          0x08002988        0x0 c:/altera/13.0/nios2eds/bin/gnu/h-i686-mingw32/bin/../lib/gcc/nios2-elf/4.1.2/../../../../nios2-elf/lib\libc.a(lib_a-__call_atexit.o)
 .data          0x08002988        0x0 ../Assignment_1_v2_bsp/\libhal_bsp.a(alt_exit.o)
                0x0800a988                _gp = ABSOLUTE ((. + 0x8000))
                0x0800a988                PROVIDE (gp, _gp)
 *(.rwdata .rwdata.*)
 *(.sdata .sdata.* .gnu.linkonce.s.*)
 .sdata         0x08002988        0x8 c:/altera/13.0/nios2eds/bin/gnu/h-i686-mingw32/bin/../lib/gcc/nios2-elf/4.1.2/../../../../nios2-elf/lib\libc.a(lib_a-impure.o)
                0x08002988                _impure_ptr
                0x0800298c                _global_impure_ptr
 .sdata         0x08002990        0x8 c:/altera/13.0/nios2eds/bin/gnu/h-i686-mingw32/bin/../lib/gcc/nios2-elf/4.1.2/../../../../nios2-elf/lib\libc.a(lib_a-locale.o)
                0x08002990                __mb_cur_max
 .sdata         0x08002998        0x8 c:/altera/13.0/nios2eds/bin/gnu/h-i686-mingw32/bin/../lib/gcc/nios2-elf/4.1.2/../../../../nios2-elf/lib\libc.a(lib_a-mallocr.o)
                0x08002998                __malloc_trim_threshold
                0x0800299c                __malloc_sbrk_base
 .sdata         0x080029a0       0x14 ../Assignment_1_v2_bsp/\libhal_bsp.a(alt_dev.o)
                0x080029a0                alt_fs_list
                0x080029a8                alt_dev_list
                0x080029b0                alt_max_fd
 .sdata         0x080029b4        0x4 ../Assignment_1_v2_bsp/\libhal_bsp.a(alt_errno.o)
                0x080029b4                alt_errno
 .sdata         0x080029b8        0x4 ../Assignment_1_v2_bsp/\libhal_bsp.a(alt_sbrk.o)
 .sdata         0x080029bc        0x4 ../Assignment_1_v2_bsp/\libhal_bsp.a(altera_avalon_lcd_16207.o)
 .sdata         0x080029c0        0x8 ../Assignment_1_v2_bsp/\libhal_bsp.a(alt_flash_dev.o)
                0x080029c0                alt_flash_dev_list
 .sdata         0x080029c8        0x4 ../Assignment_1_v2_bsp/\libhal_bsp.a(alt_irq_vars.o)
                0x080029c8                alt_priority_mask
 .sdata         0x080029cc        0x8 ../Assignment_1_v2_bsp/\libhal_bsp.a(alt_tick.o)
                0x080029cc                alt_alarm_list
 .sdata         0x080029d4        0x4 c:/altera/13.0/nios2eds/bin/gnu/h-i686-mingw32/bin/../lib/gcc/nios2-elf/4.1.2/../../../../nios2-elf/lib\libc.a(lib_a-ctype_.o)
                0x080029d4                __ctype_ptr
 *(.sdata2 .sdata2.* .gnu.linkonce.s2.*)
                0x080029d8                . = ALIGN (0x4)
                0x080029d8                _edata = ABSOLUTE (.)
                0x080029d8                PROVIDE (edata, ABSOLUTE (.))
                0x080029d8                PROVIDE (__ram_rwdata_end, ABSOLUTE (.))
                0x0800090c                PROVIDE (__flash_rwdata_start, LOADADDR (.rwdata))

.bss            0x080029d8      0x2ec
                0x080029d8                __bss_start = ABSOLUTE (.)
                0x080029d8                PROVIDE (__sbss_start, ABSOLUTE (.))
                0x080029d8                PROVIDE (___sbss_start, ABSOLUTE (.))
 *(.dynsbss)
 *(.sbss .sbss.* .gnu.linkonce.sb.*)
 .sbss          0x080029d8        0xc c:/altera/13.0/nios2eds/bin/gnu/h-i686-mingw32/bin/../lib/gcc/nios2-elf/4.1.2/../../../../nios2-elf/lib\libc.a(lib_a-locale.o)
                0x080029d8                __nlocale_changed
                0x080029dc                __mlocale_changed
                0x080029e0                _PathLocale
 .sbss          0x080029e4        0xc c:/altera/13.0/nios2eds/bin/gnu/h-i686-mingw32/bin/../lib/gcc/nios2-elf/4.1.2/../../../../nios2-elf/lib\libc.a(lib_a-mallocr.o)
                0x080029e4                __malloc_top_pad
                0x080029e8                __malloc_max_sbrked_mem
                0x080029ec                __malloc_max_total_mem
 .sbss          0x080029f0        0x4 c:/altera/13.0/nios2eds/bin/gnu/h-i686-mingw32/bin/../lib/gcc/nios2-elf/4.1.2/../../../../nios2-elf/lib\libc.a(lib_a-int_errno.o)
                0x080029f0                errno
 .sbss          0x080029f4        0xc ../Assignment_1_v2_bsp/\libhal_bsp.a(alt_main.o)
                0x080029f4                alt_argc
                0x080029f8                alt_argv
                0x080029fc                alt_envp
 .sbss          0x08002a00        0x4 ../Assignment_1_v2_bsp/\libhal_bsp.a(alt_irq_vars.o)
                0x08002a00                alt_irq_active
 .sbss          0x08002a04        0x8 ../Assignment_1_v2_bsp/\libhal_bsp.a(alt_tick.o)
                0x08002a04                _alt_tick_rate
                0x08002a08                _alt_nticks
 *(.sbss2 .sbss2.* .gnu.linkonce.sb2.*)
 *(.scommon)
                0x08002a0c                PROVIDE (__sbss_end, ABSOLUTE (.))
                0x08002a0c                PROVIDE (___sbss_end, ABSOLUTE (.))
 *(.dynbss)
 *(.bss .bss.* .gnu.linkonce.b.*)
 .bss           0x08002a0c        0x0 ../Assignment_1_v2_bsp//obj/HAL/src/crt0.o
 .bss           0x08002a0c        0x0 obj/default/hello_world.o
 .bss           0x08002a0c        0x0 c:/altera/13.0/nios2eds/bin/gnu/h-i686-mingw32/bin/../lib/gcc/nios2-elf/4.1.2/../../../../nios2-elf/lib\libc.a(lib_a-printf.o)
 .bss           0x08002a0c        0x0 c:/altera/13.0/nios2eds/bin/gnu/h-i686-mingw32/bin/../lib/gcc/nios2-elf/4.1.2/../../../../nios2-elf/lib\libc.a(lib_a-puts.o)
 .bss           0x08002a0c        0x0 c:/altera/13.0/nios2eds/bin/gnu/h-i686-mingw32/bin/../lib/gcc/nios2-elf/4.1.2/../../../../nios2-elf/lib\libc.a(lib_a-strlen.o)
 .bss           0x08002a0c        0x0 c:/altera/13.0/nios2eds/bin/gnu/h-i686-mingw32/bin/../lib/gcc/nios2-elf/4.1.2/../../../../nios2-elf/lib\libc.a(lib_a-vfprintf.o)
 .bss           0x08002a0c        0x0 c:/altera/13.0/nios2eds/bin/gnu/h-i686-mingw32/bin/../lib/gcc/nios2-elf/4.1.2/../../../../nios2-elf/lib\libc.a(lib_a-wsetup.o)
 .bss           0x08002a0c        0x0 c:/altera/13.0/nios2eds/bin/gnu/h-i686-mingw32/bin/../lib/gcc/nios2-elf/4.1.2/../../../../nios2-elf/lib\libc.a(lib_a-dtoa.o)
 .bss           0x08002a0c        0x0 c:/altera/13.0/nios2eds/bin/gnu/h-i686-mingw32/bin/../lib/gcc/nios2-elf/4.1.2/../../../../nios2-elf/lib\libc.a(lib_a-fflush.o)
 .bss           0x08002a0c        0x0 c:/altera/13.0/nios2eds/bin/gnu/h-i686-mingw32/bin/../lib/gcc/nios2-elf/4.1.2/../../../../nios2-elf/lib\libc.a(lib_a-findfp.o)
 .bss           0x08002a0c        0x0 c:/altera/13.0/nios2eds/bin/gnu/h-i686-mingw32/bin/../lib/gcc/nios2-elf/4.1.2/../../../../nios2-elf/lib\libc.a(lib_a-freer.o)
 .bss           0x08002a0c        0x0 c:/altera/13.0/nios2eds/bin/gnu/h-i686-mingw32/bin/../lib/gcc/nios2-elf/4.1.2/../../../../nios2-elf/lib\libc.a(lib_a-fvwrite.o)
 .bss           0x08002a0c        0x0 c:/altera/13.0/nios2eds/bin/gnu/h-i686-mingw32/bin/../lib/gcc/nios2-elf/4.1.2/../../../../nios2-elf/lib\libc.a(lib_a-fwalk.o)
 .bss           0x08002a0c        0x0 c:/altera/13.0/nios2eds/bin/gnu/h-i686-mingw32/bin/../lib/gcc/nios2-elf/4.1.2/../../../../nios2-elf/lib\libc.a(lib_a-impure.o)
 .bss           0x08002a0c        0x0 c:/altera/13.0/nios2eds/bin/gnu/h-i686-mingw32/bin/../lib/gcc/nios2-elf/4.1.2/../../../../nios2-elf/lib\libc.a(lib_a-locale.o)
 .bss           0x08002a0c        0x0 c:/altera/13.0/nios2eds/bin/gnu/h-i686-mingw32/bin/../lib/gcc/nios2-elf/4.1.2/../../../../nios2-elf/lib\libc.a(lib_a-makebuf.o)
 .bss           0x08002a0c       0x28 c:/altera/13.0/nios2eds/bin/gnu/h-i686-mingw32/bin/../lib/gcc/nios2-elf/4.1.2/../../../../nios2-elf/lib\libc.a(lib_a-mallocr.o)
                0x08002a0c                __malloc_current_mallinfo
 .bss           0x08002a34        0x0 c:/altera/13.0/nios2eds/bin/gnu/h-i686-mingw32/bin/../lib/gcc/nios2-elf/4.1.2/../../../../nios2-elf/lib\libc.a(lib_a-memchr.o)
 .bss           0x08002a34        0x0 c:/altera/13.0/nios2eds/bin/gnu/h-i686-mingw32/bin/../lib/gcc/nios2-elf/4.1.2/../../../../nios2-elf/lib\libc.a(lib_a-memcpy.o)
 .bss           0x08002a34        0x0 c:/altera/13.0/nios2eds/bin/gnu/h-i686-mingw32/bin/../lib/gcc/nios2-elf/4.1.2/../../../../nios2-elf/lib\libc.a(lib_a-memmove.o)
 .bss           0x08002a34        0x0 c:/altera/13.0/nios2eds/bin/gnu/h-i686-mingw32/bin/../lib/gcc/nios2-elf/4.1.2/../../../../nios2-elf/lib\libc.a(lib_a-memset.o)
 .bss           0x08002a34        0x0 c:/altera/13.0/nios2eds/bin/gnu/h-i686-mingw32/bin/../lib/gcc/nios2-elf/4.1.2/../../../../nios2-elf/lib\libc.a(lib_a-mprec.o)
 .bss           0x08002a34        0x0 c:/altera/13.0/nios2eds/bin/gnu/h-i686-mingw32/bin/../lib/gcc/nios2-elf/4.1.2/../../../../nios2-elf/lib\libc.a(lib_a-reallocr.o)
 .bss           0x08002a34        0x0 c:/altera/13.0/nios2eds/bin/gnu/h-i686-mingw32/bin/../lib/gcc/nios2-elf/4.1.2/../../../../nios2-elf/lib\libc.a(lib_a-s_isinfd.o)
 .bss           0x08002a34        0x0 c:/altera/13.0/nios2eds/bin/gnu/h-i686-mingw32/bin/../lib/gcc/nios2-elf/4.1.2/../../../../nios2-elf/lib\libc.a(lib_a-s_isnand.o)
 .bss           0x08002a34        0x0 c:/altera/13.0/nios2eds/bin/gnu/h-i686-mingw32/bin/../lib/gcc/nios2-elf/4.1.2/../../../../nios2-elf/lib\libc.a(lib_a-sbrkr.o)
 .bss           0x08002a34        0x0 c:/altera/13.0/nios2eds/bin/gnu/h-i686-mingw32/bin/../lib/gcc/nios2-elf/4.1.2/../../../../nios2-elf/lib\libc.a(lib_a-stdio.o)
 .bss           0x08002a34        0x0 c:/altera/13.0/nios2eds/bin/gnu/h-i686-mingw32/bin/../lib/gcc/nios2-elf/4.1.2/../../../../nios2-elf/lib\libc.a(lib_a-strcmp.o)
 .bss           0x08002a34        0x0 c:/altera/13.0/nios2eds/bin/gnu/h-i686-mingw32/bin/../lib/gcc/nios2-elf/4.1.2/../../../../nios2-elf/lib\libc.a(lib_a-writer.o)
 .bss           0x08002a34        0x0 c:/altera/13.0/nios2eds/bin/gnu/h-i686-mingw32/bin/../lib/gcc/nios2-elf/4.1.2/../../../../nios2-elf/lib\libc.a(lib_a-callocr.o)
 .bss           0x08002a34        0x0 c:/altera/13.0/nios2eds/bin/gnu/h-i686-mingw32/bin/../lib/gcc/nios2-elf/4.1.2/../../../../nios2-elf/lib\libc.a(lib_a-closer.o)
 .bss           0x08002a34        0x0 c:/altera/13.0/nios2eds/bin/gnu/h-i686-mingw32/bin/../lib/gcc/nios2-elf/4.1.2/../../../../nios2-elf/lib\libc.a(lib_a-fclose.o)
 .bss           0x08002a34        0x0 c:/altera/13.0/nios2eds/bin/gnu/h-i686-mingw32/bin/../lib/gcc/nios2-elf/4.1.2/../../../../nios2-elf/lib\libc.a(lib_a-fstatr.o)
 .bss           0x08002a34        0x0 c:/altera/13.0/nios2eds/bin/gnu/h-i686-mingw32/bin/../lib/gcc/nios2-elf/4.1.2/../../../../nios2-elf/lib\libc.a(lib_a-int_errno.o)
 .bss           0x08002a34        0x0 c:/altera/13.0/nios2eds/bin/gnu/h-i686-mingw32/bin/../lib/gcc/nios2-elf/4.1.2/../../../../nios2-elf/lib\libc.a(lib_a-isattyr.o)
 .bss           0x08002a34        0x0 c:/altera/13.0/nios2eds/bin/gnu/h-i686-mingw32/bin/../lib/gcc/nios2-elf/4.1.2/../../../../nios2-elf/lib\libc.a(lib_a-lseekr.o)
 .bss           0x08002a34        0x0 c:/altera/13.0/nios2eds/bin/gnu/h-i686-mingw32/bin/../lib/gcc/nios2-elf/4.1.2/../../../../nios2-elf/lib\libc.a(lib_a-readr.o)
 .bss           0x08002a34        0x0 c:/altera/13.0/nios2eds/bin/gnu/h-i686-mingw32/bin/../lib/gcc/nios2-elf/4.1.2\libgcc.a(_udivdi3.o)
 .bss           0x08002a34        0x0 c:/altera/13.0/nios2eds/bin/gnu/h-i686-mingw32/bin/../lib/gcc/nios2-elf/4.1.2\libgcc.a(_umoddi3.o)
 .bss           0x08002a34        0x0 c:/altera/13.0/nios2eds/bin/gnu/h-i686-mingw32/bin/../lib/gcc/nios2-elf/4.1.2\libgcc.a(_addsub_df.o)
 .bss           0x08002a34        0x0 c:/altera/13.0/nios2eds/bin/gnu/h-i686-mingw32/bin/../lib/gcc/nios2-elf/4.1.2\libgcc.a(_mul_df.o)
 .bss           0x08002a34        0x0 c:/altera/13.0/nios2eds/bin/gnu/h-i686-mingw32/bin/../lib/gcc/nios2-elf/4.1.2\libgcc.a(_div_df.o)
 .bss           0x08002a34        0x0 c:/altera/13.0/nios2eds/bin/gnu/h-i686-mingw32/bin/../lib/gcc/nios2-elf/4.1.2\libgcc.a(_eq_df.o)
 .bss           0x08002a34        0x0 c:/altera/13.0/nios2eds/bin/gnu/h-i686-mingw32/bin/../lib/gcc/nios2-elf/4.1.2\libgcc.a(_ne_df.o)
 .bss           0x08002a34        0x0 c:/altera/13.0/nios2eds/bin/gnu/h-i686-mingw32/bin/../lib/gcc/nios2-elf/4.1.2\libgcc.a(_gt_df.o)
 .bss           0x08002a34        0x0 c:/altera/13.0/nios2eds/bin/gnu/h-i686-mingw32/bin/../lib/gcc/nios2-elf/4.1.2\libgcc.a(_ge_df.o)
 .bss           0x08002a34        0x0 c:/altera/13.0/nios2eds/bin/gnu/h-i686-mingw32/bin/../lib/gcc/nios2-elf/4.1.2\libgcc.a(_lt_df.o)
 .bss           0x08002a34        0x0 c:/altera/13.0/nios2eds/bin/gnu/h-i686-mingw32/bin/../lib/gcc/nios2-elf/4.1.2\libgcc.a(_si_to_df.o)
 .bss           0x08002a34        0x0 c:/altera/13.0/nios2eds/bin/gnu/h-i686-mingw32/bin/../lib/gcc/nios2-elf/4.1.2\libgcc.a(_df_to_si.o)
 .bss           0x08002a34        0x0 c:/altera/13.0/nios2eds/bin/gnu/h-i686-mingw32/bin/../lib/gcc/nios2-elf/4.1.2\libgcc.a(_thenan_df.o)
 .bss           0x08002a34        0x0 c:/altera/13.0/nios2eds/bin/gnu/h-i686-mingw32/bin/../lib/gcc/nios2-elf/4.1.2\libgcc.a(_usi_to_df.o)
 .bss           0x08002a34        0x0 c:/altera/13.0/nios2eds/bin/gnu/h-i686-mingw32/bin/../lib/gcc/nios2-elf/4.1.2\libgcc.a(lib2-divmod.o)
 .bss           0x08002a34        0x0 c:/altera/13.0/nios2eds/bin/gnu/h-i686-mingw32/bin/../lib/gcc/nios2-elf/4.1.2\libgcc.a(_muldi3.o)
 .bss           0x08002a34        0x0 c:/altera/13.0/nios2eds/bin/gnu/h-i686-mingw32/bin/../lib/gcc/nios2-elf/4.1.2\libgcc.a(_clz.o)
 .bss           0x08002a34        0x0 c:/altera/13.0/nios2eds/bin/gnu/h-i686-mingw32/bin/../lib/gcc/nios2-elf/4.1.2\libgcc.a(_clzsi2.o)
 .bss           0x08002a34        0x0 c:/altera/13.0/nios2eds/bin/gnu/h-i686-mingw32/bin/../lib/gcc/nios2-elf/4.1.2\libgcc.a(_pack_df.o)
 .bss           0x08002a34        0x0 c:/altera/13.0/nios2eds/bin/gnu/h-i686-mingw32/bin/../lib/gcc/nios2-elf/4.1.2\libgcc.a(_unpack_df.o)
 .bss           0x08002a34        0x0 c:/altera/13.0/nios2eds/bin/gnu/h-i686-mingw32/bin/../lib/gcc/nios2-elf/4.1.2\libgcc.a(_fpcmp_parts_df.o)
 .bss           0x08002a34        0x0 ../Assignment_1_v2_bsp/\libhal_bsp.a(alt_close.o)
 .bss           0x08002a34        0x0 ../Assignment_1_v2_bsp/\libhal_bsp.a(alt_dev.o)
 .bss           0x08002a34        0x0 ../Assignment_1_v2_bsp/\libhal_bsp.a(alt_errno.o)
 .bss           0x08002a34        0x0 ../Assignment_1_v2_bsp/\libhal_bsp.a(alt_fstat.o)
 .bss           0x08002a34        0x0 ../Assignment_1_v2_bsp/\libhal_bsp.a(alt_isatty.o)
 .bss           0x08002a34        0x0 ../Assignment_1_v2_bsp/\libhal_bsp.a(alt_lseek.o)
 .bss           0x08002a34        0x0 ../Assignment_1_v2_bsp/\libhal_bsp.a(alt_main.o)
 .bss           0x08002a34        0x0 ../Assignment_1_v2_bsp/\libhal_bsp.a(alt_malloc_lock.o)
 .bss           0x08002a34        0x0 ../Assignment_1_v2_bsp/\libhal_bsp.a(alt_read.o)
 .bss           0x08002a34        0x0 ../Assignment_1_v2_bsp/\libhal_bsp.a(alt_release_fd.o)
 .bss           0x08002a34        0x0 ../Assignment_1_v2_bsp/\libhal_bsp.a(alt_sbrk.o)
 .bss           0x08002a34        0x0 ../Assignment_1_v2_bsp/\libhal_bsp.a(alt_write.o)
 .bss           0x08002a34        0x0 ../Assignment_1_v2_bsp/\libhal_bsp.a(alt_sys_init.o)
 .bss           0x08002a34        0x0 ../Assignment_1_v2_bsp/\libhal_bsp.a(altera_avalon_cfi_flash.o)
 .bss           0x08002a34        0x0 ../Assignment_1_v2_bsp/\libhal_bsp.a(altera_avalon_cfi_flash_table.o)
 .bss           0x08002a34        0x0 ../Assignment_1_v2_bsp/\libhal_bsp.a(altera_avalon_jtag_uart_fd.o)
 .bss           0x08002a34        0x0 ../Assignment_1_v2_bsp/\libhal_bsp.a(altera_avalon_jtag_uart_init.o)
 .bss           0x08002a34        0x0 ../Assignment_1_v2_bsp/\libhal_bsp.a(altera_avalon_jtag_uart_ioctl.o)
 .bss           0x08002a34        0x0 ../Assignment_1_v2_bsp/\libhal_bsp.a(altera_avalon_jtag_uart_read.o)
 .bss           0x08002a34        0x0 ../Assignment_1_v2_bsp/\libhal_bsp.a(altera_avalon_jtag_uart_write.o)
 .bss           0x08002a34        0x0 ../Assignment_1_v2_bsp/\libhal_bsp.a(altera_avalon_lcd_16207.o)
 .bss           0x08002a34        0x0 ../Assignment_1_v2_bsp/\libhal_bsp.a(altera_avalon_lcd_16207_fd.o)
 .bss           0x08002a34        0x0 ../Assignment_1_v2_bsp/\libhal_bsp.a(altera_avalon_timer_sc.o)
 .bss           0x08002a34        0x0 ../Assignment_1_v2_bsp/\libhal_bsp.a(altera_avalon_uart_fd.o)
 .bss           0x08002a34        0x0 ../Assignment_1_v2_bsp/\libhal_bsp.a(altera_avalon_uart_init.o)
 .bss           0x08002a34        0x0 ../Assignment_1_v2_bsp/\libhal_bsp.a(altera_avalon_uart_read.o)
 .bss           0x08002a34        0x0 ../Assignment_1_v2_bsp/\libhal_bsp.a(altera_avalon_uart_write.o)
 .bss           0x08002a34        0x0 ../Assignment_1_v2_bsp/\libhal_bsp.a(altera_up_avalon_ps2.o)
 .bss           0x08002a34        0x0 ../Assignment_1_v2_bsp/\libhal_bsp.a(altera_up_avalon_video_character_buffer_with_dma.o)
 .bss           0x08002a34        0x0 ../Assignment_1_v2_bsp/\libhal_bsp.a(altera_up_ps2_keyboard.o)
 .bss           0x08002a34        0x0 ../Assignment_1_v2_bsp/\libhal_bsp.a(alt_alarm_start.o)
 .bss           0x08002a34        0x0 ../Assignment_1_v2_bsp/\libhal_bsp.a(alt_dcache_flush.o)
 .bss           0x08002a34        0x0 ../Assignment_1_v2_bsp/\libhal_bsp.a(alt_dev_llist_insert.o)
 .bss           0x08002a34        0x0 ../Assignment_1_v2_bsp/\libhal_bsp.a(alt_do_ctors.o)
 .bss           0x08002a34        0x0 ../Assignment_1_v2_bsp/\libhal_bsp.a(alt_do_dtors.o)
 .bss           0x08002a34        0x0 ../Assignment_1_v2_bsp/\libhal_bsp.a(alt_find_dev.o)
 .bss           0x08002a34        0x0 ../Assignment_1_v2_bsp/\libhal_bsp.a(alt_flash_dev.o)
 .bss           0x08002a34        0x0 ../Assignment_1_v2_bsp/\libhal_bsp.a(alt_io_redirect.o)
 .bss           0x08002a34        0x0 ../Assignment_1_v2_bsp/\libhal_bsp.a(alt_irq_register.o)
 .bss           0x08002a34        0x0 ../Assignment_1_v2_bsp/\libhal_bsp.a(alt_irq_vars.o)
 .bss           0x08002a34        0x0 ../Assignment_1_v2_bsp/\libhal_bsp.a(alt_open.o)
 .bss           0x08002a34        0x0 ../Assignment_1_v2_bsp/\libhal_bsp.a(alt_tick.o)
 .bss           0x08002a34        0x0 ../Assignment_1_v2_bsp/\libhal_bsp.a(alt_usleep.o)
 .bss           0x08002a34        0x0 ../Assignment_1_v2_bsp/\libhal_bsp.a(altera_nios2_qsys_irq.o)
 .bss           0x08002a34        0x0 ../Assignment_1_v2_bsp/\libhal_bsp.a(altera_avalon_cfi_flash_amd.o)
 .bss           0x08002a34        0x0 ../Assignment_1_v2_bsp/\libhal_bsp.a(altera_avalon_cfi_flash_intel.o)
 .bss           0x08002a34        0x0 ../Assignment_1_v2_bsp/\libhal_bsp.a(alt_busy_sleep.o)
 .bss           0x08002a34        0x0 ../Assignment_1_v2_bsp/\libhal_bsp.a(alt_find_file.o)
 .bss           0x08002a34        0x0 ../Assignment_1_v2_bsp/\libhal_bsp.a(alt_get_fd.o)
 .bss           0x08002a34        0x0 ../Assignment_1_v2_bsp/\libhal_bsp.a(alt_irq_entry.o)
 .bss           0x08002a34        0x0 ../Assignment_1_v2_bsp/\libhal_bsp.a(alt_irq_handler.o)
 .bss           0x08002a34        0x0 ../Assignment_1_v2_bsp/\libhal_bsp.a(alt_exception_entry.o)
 .bss           0x08002a34        0x0 c:/altera/13.0/nios2eds/bin/gnu/h-i686-mingw32/bin/../lib/gcc/nios2-elf/4.1.2/../../../../nios2-elf/lib\libc.a(lib_a-atexit.o)
 .bss           0x08002a34        0x0 c:/altera/13.0/nios2eds/bin/gnu/h-i686-mingw32/bin/../lib/gcc/nios2-elf/4.1.2/../../../../nios2-elf/lib\libc.a(lib_a-ctype_.o)
 .bss           0x08002a34        0x0 c:/altera/13.0/nios2eds/bin/gnu/h-i686-mingw32/bin/../lib/gcc/nios2-elf/4.1.2/../../../../nios2-elf/lib\libc.a(lib_a-exit.o)
 .bss           0x08002a34        0x0 c:/altera/13.0/nios2eds/bin/gnu/h-i686-mingw32/bin/../lib/gcc/nios2-elf/4.1.2/../../../../nios2-elf/lib\libc.a(lib_a-memcmp.o)
 .bss           0x08002a34        0x0 c:/altera/13.0/nios2eds/bin/gnu/h-i686-mingw32/bin/../lib/gcc/nios2-elf/4.1.2/../../../../nios2-elf/lib\libc.a(lib_a-strcpy.o)
 .bss           0x08002a34        0x0 c:/altera/13.0/nios2eds/bin/gnu/h-i686-mingw32/bin/../lib/gcc/nios2-elf/4.1.2/../../../../nios2-elf/lib\libc.a(lib_a-__atexit.o)
 .bss           0x08002a34        0x0 c:/altera/13.0/nios2eds/bin/gnu/h-i686-mingw32/bin/../lib/gcc/nios2-elf/4.1.2/../../../../nios2-elf/lib\libc.a(lib_a-__call_atexit.o)
 .bss           0x08002a34        0x0 ../Assignment_1_v2_bsp/\libhal_bsp.a(alt_exit.o)
 *(COMMON)
 COMMON         0x08002a34      0x100 ../Assignment_1_v2_bsp/\libhal_bsp.a(alt_irq_handler.o)
                0x08002a34                alt_irq
 COMMON         0x08002b34      0x190 c:/altera/13.0/nios2eds/bin/gnu/h-i686-mingw32/bin/../lib/gcc/nios2-elf/4.1.2/../../../../nios2-elf/lib\libc.a(lib_a-atexit.o)
                0x08002b34                _atexit0
                0x08002cc4                . = ALIGN (0x4)
                0x08002cc4                __bss_end = ABSOLUTE (.)

.onchip_memory  0x00011738        0x0
                0x00011738                PROVIDE (_alt_partition_onchip_memory_start, ABSOLUTE (.))
 *(.onchip_memory. onchip_memory.*)
                0x00011738                . = ALIGN (0x4)
                0x00011738                PROVIDE (_alt_partition_onchip_memory_end, ABSOLUTE (.))
                0x00011738                PROVIDE (_alt_partition_onchip_memory_load_addr, LOADADDR (.onchip_memory))

.flash_controller
                0x01000020        0x0
                0x01000020                PROVIDE (_alt_partition_flash_controller_start, ABSOLUTE (.))
 *(.flash_controller. flash_controller.*)
                0x01000020                . = ALIGN (0x4)
                0x01000020                PROVIDE (_alt_partition_flash_controller_end, ABSOLUTE (.))
                0x01000020                PROVIDE (_alt_partition_flash_controller_load_addr, LOADADDR (.flash_controller))

.sdram          0x08002cc4        0x0
                0x08002cc4                PROVIDE (_alt_partition_sdram_start, ABSOLUTE (.))
 *(.sdram. sdram.*)
                0x08002cc4                . = ALIGN (0x4)
                0x08002cc4                PROVIDE (_alt_partition_sdram_end, ABSOLUTE (.))
                0x08002cc4                _end = ABSOLUTE (.)
                0x08002cc4                end = ABSOLUTE (.)
                0x08002cc4                __alt_stack_base = ABSOLUTE (.)
                0x08002cc4                PROVIDE (_alt_partition_sdram_load_addr, LOADADDR (.sdram))

.stab
 *(.stab)

.stabstr
 *(.stabstr)

.stab.excl
 *(.stab.excl)

.stab.exclstr
 *(.stab.exclstr)

.stab.index
 *(.stab.index)

.stab.indexstr
 *(.stab.indexstr)

.comment        0x00000000       0x23
 *(.comment)
 .comment       0x00000000       0x23 obj/default/hello_world.o
                                 0x24 (size before relaxing)
 .comment       0x00000000       0x24 c:/altera/13.0/nios2eds/bin/gnu/h-i686-mingw32/bin/../lib/gcc/nios2-elf/4.1.2/../../../../nios2-elf/lib\libc.a(lib_a-printf.o)
 .comment       0x00000000       0x24 c:/altera/13.0/nios2eds/bin/gnu/h-i686-mingw32/bin/../lib/gcc/nios2-elf/4.1.2/../../../../nios2-elf/lib\libc.a(lib_a-puts.o)
 .comment       0x00000000       0x24 c:/altera/13.0/nios2eds/bin/gnu/h-i686-mingw32/bin/../lib/gcc/nios2-elf/4.1.2/../../../../nios2-elf/lib\libc.a(lib_a-strlen.o)
 .comment       0x00000000       0x24 c:/altera/13.0/nios2eds/bin/gnu/h-i686-mingw32/bin/../lib/gcc/nios2-elf/4.1.2/../../../../nios2-elf/lib\libc.a(lib_a-vfprintf.o)
 .comment       0x00000000       0x24 c:/altera/13.0/nios2eds/bin/gnu/h-i686-mingw32/bin/../lib/gcc/nios2-elf/4.1.2/../../../../nios2-elf/lib\libc.a(lib_a-wsetup.o)
 .comment       0x00000000       0x24 c:/altera/13.0/nios2eds/bin/gnu/h-i686-mingw32/bin/../lib/gcc/nios2-elf/4.1.2/../../../../nios2-elf/lib\libc.a(lib_a-dtoa.o)
 .comment       0x00000000       0x24 c:/altera/13.0/nios2eds/bin/gnu/h-i686-mingw32/bin/../lib/gcc/nios2-elf/4.1.2/../../../../nios2-elf/lib\libc.a(lib_a-fflush.o)
 .comment       0x00000000       0x24 c:/altera/13.0/nios2eds/bin/gnu/h-i686-mingw32/bin/../lib/gcc/nios2-elf/4.1.2/../../../../nios2-elf/lib\libc.a(lib_a-findfp.o)
 .comment       0x00000000       0x24 c:/altera/13.0/nios2eds/bin/gnu/h-i686-mingw32/bin/../lib/gcc/nios2-elf/4.1.2/../../../../nios2-elf/lib\libc.a(lib_a-freer.o)
 .comment       0x00000000       0x24 c:/altera/13.0/nios2eds/bin/gnu/h-i686-mingw32/bin/../lib/gcc/nios2-elf/4.1.2/../../../../nios2-elf/lib\libc.a(lib_a-fvwrite.o)
 .comment       0x00000000       0x24 c:/altera/13.0/nios2eds/bin/gnu/h-i686-mingw32/bin/../lib/gcc/nios2-elf/4.1.2/../../../../nios2-elf/lib\libc.a(lib_a-fwalk.o)
 .comment       0x00000000       0x24 c:/altera/13.0/nios2eds/bin/gnu/h-i686-mingw32/bin/../lib/gcc/nios2-elf/4.1.2/../../../../nios2-elf/lib\libc.a(lib_a-impure.o)
 .comment       0x00000000       0x24 c:/altera/13.0/nios2eds/bin/gnu/h-i686-mingw32/bin/../lib/gcc/nios2-elf/4.1.2/../../../../nios2-elf/lib\libc.a(lib_a-locale.o)
 .comment       0x00000000       0x24 c:/altera/13.0/nios2eds/bin/gnu/h-i686-mingw32/bin/../lib/gcc/nios2-elf/4.1.2/../../../../nios2-elf/lib\libc.a(lib_a-makebuf.o)
 .comment       0x00000000       0x24 c:/altera/13.0/nios2eds/bin/gnu/h-i686-mingw32/bin/../lib/gcc/nios2-elf/4.1.2/../../../../nios2-elf/lib\libc.a(lib_a-mallocr.o)
 .comment       0x00000000       0x24 c:/altera/13.0/nios2eds/bin/gnu/h-i686-mingw32/bin/../lib/gcc/nios2-elf/4.1.2/../../../../nios2-elf/lib\libc.a(lib_a-memchr.o)
 .comment       0x00000000       0x24 c:/altera/13.0/nios2eds/bin/gnu/h-i686-mingw32/bin/../lib/gcc/nios2-elf/4.1.2/../../../../nios2-elf/lib\libc.a(lib_a-memcpy.o)
 .comment       0x00000000       0x24 c:/altera/13.0/nios2eds/bin/gnu/h-i686-mingw32/bin/../lib/gcc/nios2-elf/4.1.2/../../../../nios2-elf/lib\libc.a(lib_a-memmove.o)
 .comment       0x00000000       0x24 c:/altera/13.0/nios2eds/bin/gnu/h-i686-mingw32/bin/../lib/gcc/nios2-elf/4.1.2/../../../../nios2-elf/lib\libc.a(lib_a-memset.o)
 .comment       0x00000000       0x24 c:/altera/13.0/nios2eds/bin/gnu/h-i686-mingw32/bin/../lib/gcc/nios2-elf/4.1.2/../../../../nios2-elf/lib\libc.a(lib_a-mprec.o)
 .comment       0x00000000       0x24 c:/altera/13.0/nios2eds/bin/gnu/h-i686-mingw32/bin/../lib/gcc/nios2-elf/4.1.2/../../../../nios2-elf/lib\libc.a(lib_a-reallocr.o)
 .comment       0x00000000       0x24 c:/altera/13.0/nios2eds/bin/gnu/h-i686-mingw32/bin/../lib/gcc/nios2-elf/4.1.2/../../../../nios2-elf/lib\libc.a(lib_a-s_isinfd.o)
 .comment       0x00000000       0x24 c:/altera/13.0/nios2eds/bin/gnu/h-i686-mingw32/bin/../lib/gcc/nios2-elf/4.1.2/../../../../nios2-elf/lib\libc.a(lib_a-s_isnand.o)
 .comment       0x00000000       0x24 c:/altera/13.0/nios2eds/bin/gnu/h-i686-mingw32/bin/../lib/gcc/nios2-elf/4.1.2/../../../../nios2-elf/lib\libc.a(lib_a-sbrkr.o)
 .comment       0x00000000       0x24 c:/altera/13.0/nios2eds/bin/gnu/h-i686-mingw32/bin/../lib/gcc/nios2-elf/4.1.2/../../../../nios2-elf/lib\libc.a(lib_a-stdio.o)
 .comment       0x00000000       0x24 c:/altera/13.0/nios2eds/bin/gnu/h-i686-mingw32/bin/../lib/gcc/nios2-elf/4.1.2/../../../../nios2-elf/lib\libc.a(lib_a-strcmp.o)
 .comment       0x00000000       0x24 c:/altera/13.0/nios2eds/bin/gnu/h-i686-mingw32/bin/../lib/gcc/nios2-elf/4.1.2/../../../../nios2-elf/lib\libc.a(lib_a-writer.o)
 .comment       0x00000000       0x24 c:/altera/13.0/nios2eds/bin/gnu/h-i686-mingw32/bin/../lib/gcc/nios2-elf/4.1.2/../../../../nios2-elf/lib\libc.a(lib_a-callocr.o)
 .comment       0x00000000       0x24 c:/altera/13.0/nios2eds/bin/gnu/h-i686-mingw32/bin/../lib/gcc/nios2-elf/4.1.2/../../../../nios2-elf/lib\libc.a(lib_a-closer.o)
 .comment       0x00000000       0x24 c:/altera/13.0/nios2eds/bin/gnu/h-i686-mingw32/bin/../lib/gcc/nios2-elf/4.1.2/../../../../nios2-elf/lib\libc.a(lib_a-fclose.o)
 .comment       0x00000000       0x24 c:/altera/13.0/nios2eds/bin/gnu/h-i686-mingw32/bin/../lib/gcc/nios2-elf/4.1.2/../../../../nios2-elf/lib\libc.a(lib_a-fstatr.o)
 .comment       0x00000000       0x24 c:/altera/13.0/nios2eds/bin/gnu/h-i686-mingw32/bin/../lib/gcc/nios2-elf/4.1.2/../../../../nios2-elf/lib\libc.a(lib_a-int_errno.o)
 .comment       0x00000000       0x24 c:/altera/13.0/nios2eds/bin/gnu/h-i686-mingw32/bin/../lib/gcc/nios2-elf/4.1.2/../../../../nios2-elf/lib\libc.a(lib_a-isattyr.o)
 .comment       0x00000000       0x24 c:/altera/13.0/nios2eds/bin/gnu/h-i686-mingw32/bin/../lib/gcc/nios2-elf/4.1.2/../../../../nios2-elf/lib\libc.a(lib_a-lseekr.o)
 .comment       0x00000000       0x24 c:/altera/13.0/nios2eds/bin/gnu/h-i686-mingw32/bin/../lib/gcc/nios2-elf/4.1.2/../../../../nios2-elf/lib\libc.a(lib_a-readr.o)
 .comment       0x00000000       0x24 c:/altera/13.0/nios2eds/bin/gnu/h-i686-mingw32/bin/../lib/gcc/nios2-elf/4.1.2\libgcc.a(_udivdi3.o)
 .comment       0x00000000       0x24 c:/altera/13.0/nios2eds/bin/gnu/h-i686-mingw32/bin/../lib/gcc/nios2-elf/4.1.2\libgcc.a(_umoddi3.o)
 .comment       0x00000000       0x24 c:/altera/13.0/nios2eds/bin/gnu/h-i686-mingw32/bin/../lib/gcc/nios2-elf/4.1.2\libgcc.a(_addsub_df.o)
 .comment       0x00000000       0x24 c:/altera/13.0/nios2eds/bin/gnu/h-i686-mingw32/bin/../lib/gcc/nios2-elf/4.1.2\libgcc.a(_mul_df.o)
 .comment       0x00000000       0x24 c:/altera/13.0/nios2eds/bin/gnu/h-i686-mingw32/bin/../lib/gcc/nios2-elf/4.1.2\libgcc.a(_div_df.o)
 .comment       0x00000000       0x24 c:/altera/13.0/nios2eds/bin/gnu/h-i686-mingw32/bin/../lib/gcc/nios2-elf/4.1.2\libgcc.a(_eq_df.o)
 .comment       0x00000000       0x24 c:/altera/13.0/nios2eds/bin/gnu/h-i686-mingw32/bin/../lib/gcc/nios2-elf/4.1.2\libgcc.a(_ne_df.o)
 .comment       0x00000000       0x24 c:/altera/13.0/nios2eds/bin/gnu/h-i686-mingw32/bin/../lib/gcc/nios2-elf/4.1.2\libgcc.a(_gt_df.o)
 .comment       0x00000000       0x24 c:/altera/13.0/nios2eds/bin/gnu/h-i686-mingw32/bin/../lib/gcc/nios2-elf/4.1.2\libgcc.a(_ge_df.o)
 .comment       0x00000000       0x24 c:/altera/13.0/nios2eds/bin/gnu/h-i686-mingw32/bin/../lib/gcc/nios2-elf/4.1.2\libgcc.a(_lt_df.o)
 .comment       0x00000000       0x24 c:/altera/13.0/nios2eds/bin/gnu/h-i686-mingw32/bin/../lib/gcc/nios2-elf/4.1.2\libgcc.a(_si_to_df.o)
 .comment       0x00000000       0x24 c:/altera/13.0/nios2eds/bin/gnu/h-i686-mingw32/bin/../lib/gcc/nios2-elf/4.1.2\libgcc.a(_df_to_si.o)
 .comment       0x00000000       0x24 c:/altera/13.0/nios2eds/bin/gnu/h-i686-mingw32/bin/../lib/gcc/nios2-elf/4.1.2\libgcc.a(_thenan_df.o)
 .comment       0x00000000       0x24 c:/altera/13.0/nios2eds/bin/gnu/h-i686-mingw32/bin/../lib/gcc/nios2-elf/4.1.2\libgcc.a(_usi_to_df.o)
 .comment       0x00000000       0x24 c:/altera/13.0/nios2eds/bin/gnu/h-i686-mingw32/bin/../lib/gcc/nios2-elf/4.1.2\libgcc.a(lib2-divmod.o)
 .comment       0x00000000       0x24 c:/altera/13.0/nios2eds/bin/gnu/h-i686-mingw32/bin/../lib/gcc/nios2-elf/4.1.2\libgcc.a(_muldi3.o)
 .comment       0x00000000       0x24 c:/altera/13.0/nios2eds/bin/gnu/h-i686-mingw32/bin/../lib/gcc/nios2-elf/4.1.2\libgcc.a(_clz.o)
 .comment       0x00000000       0x24 c:/altera/13.0/nios2eds/bin/gnu/h-i686-mingw32/bin/../lib/gcc/nios2-elf/4.1.2\libgcc.a(_clzsi2.o)
 .comment       0x00000000       0x24 c:/altera/13.0/nios2eds/bin/gnu/h-i686-mingw32/bin/../lib/gcc/nios2-elf/4.1.2\libgcc.a(_pack_df.o)
 .comment       0x00000000       0x24 c:/altera/13.0/nios2eds/bin/gnu/h-i686-mingw32/bin/../lib/gcc/nios2-elf/4.1.2\libgcc.a(_unpack_df.o)
 .comment       0x00000000       0x24 c:/altera/13.0/nios2eds/bin/gnu/h-i686-mingw32/bin/../lib/gcc/nios2-elf/4.1.2\libgcc.a(_fpcmp_parts_df.o)
 .comment       0x00000000       0x24 ../Assignment_1_v2_bsp/\libhal_bsp.a(alt_close.o)
 .comment       0x00000000       0x24 ../Assignment_1_v2_bsp/\libhal_bsp.a(alt_dev.o)
 .comment       0x00000000       0x24 ../Assignment_1_v2_bsp/\libhal_bsp.a(alt_errno.o)
 .comment       0x00000000       0x24 ../Assignment_1_v2_bsp/\libhal_bsp.a(alt_fstat.o)
 .comment       0x00000000       0x24 ../Assignment_1_v2_bsp/\libhal_bsp.a(alt_isatty.o)
 .comment       0x00000000       0x24 ../Assignment_1_v2_bsp/\libhal_bsp.a(alt_lseek.o)
 .comment       0x00000000       0x24 ../Assignment_1_v2_bsp/\libhal_bsp.a(alt_main.o)
 .comment       0x00000000       0x24 ../Assignment_1_v2_bsp/\libhal_bsp.a(alt_malloc_lock.o)
 .comment       0x00000000       0x24 ../Assignment_1_v2_bsp/\libhal_bsp.a(alt_read.o)
 .comment       0x00000000       0x24 ../Assignment_1_v2_bsp/\libhal_bsp.a(alt_release_fd.o)
 .comment       0x00000000       0x24 ../Assignment_1_v2_bsp/\libhal_bsp.a(alt_sbrk.o)
 .comment       0x00000000       0x24 ../Assignment_1_v2_bsp/\libhal_bsp.a(alt_write.o)
 .comment       0x00000000       0x24 ../Assignment_1_v2_bsp/\libhal_bsp.a(alt_sys_init.o)
 .comment       0x00000000       0x24 ../Assignment_1_v2_bsp/\libhal_bsp.a(altera_avalon_cfi_flash.o)
 .comment       0x00000000       0x24 ../Assignment_1_v2_bsp/\libhal_bsp.a(altera_avalon_cfi_flash_table.o)
 .comment       0x00000000       0x24 ../Assignment_1_v2_bsp/\libhal_bsp.a(altera_avalon_jtag_uart_fd.o)
 .comment       0x00000000       0x24 ../Assignment_1_v2_bsp/\libhal_bsp.a(altera_avalon_jtag_uart_init.o)
 .comment       0x00000000       0x24 ../Assignment_1_v2_bsp/\libhal_bsp.a(altera_avalon_jtag_uart_ioctl.o)
 .comment       0x00000000       0x24 ../Assignment_1_v2_bsp/\libhal_bsp.a(altera_avalon_jtag_uart_read.o)
 .comment       0x00000000       0x24 ../Assignment_1_v2_bsp/\libhal_bsp.a(altera_avalon_jtag_uart_write.o)
 .comment       0x00000000       0x24 ../Assignment_1_v2_bsp/\libhal_bsp.a(altera_avalon_lcd_16207.o)
 .comment       0x00000000       0x24 ../Assignment_1_v2_bsp/\libhal_bsp.a(altera_avalon_lcd_16207_fd.o)
 .comment       0x00000000       0x24 ../Assignment_1_v2_bsp/\libhal_bsp.a(altera_avalon_timer_sc.o)
 .comment       0x00000000       0x24 ../Assignment_1_v2_bsp/\libhal_bsp.a(altera_avalon_uart_fd.o)
 .comment       0x00000000       0x24 ../Assignment_1_v2_bsp/\libhal_bsp.a(altera_avalon_uart_init.o)
 .comment       0x00000000       0x24 ../Assignment_1_v2_bsp/\libhal_bsp.a(altera_avalon_uart_read.o)
 .comment       0x00000000       0x24 ../Assignment_1_v2_bsp/\libhal_bsp.a(altera_avalon_uart_write.o)
 .comment       0x00000000       0x24 ../Assignment_1_v2_bsp/\libhal_bsp.a(altera_up_avalon_ps2.o)
 .comment       0x00000000       0x24 ../Assignment_1_v2_bsp/\libhal_bsp.a(altera_up_avalon_video_character_buffer_with_dma.o)
 .comment       0x00000000       0x24 ../Assignment_1_v2_bsp/\libhal_bsp.a(altera_up_ps2_keyboard.o)
 .comment       0x00000000       0x24 ../Assignment_1_v2_bsp/\libhal_bsp.a(alt_alarm_start.o)
 .comment       0x00000000       0x24 ../Assignment_1_v2_bsp/\libhal_bsp.a(alt_dcache_flush.o)
 .comment       0x00000000       0x24 ../Assignment_1_v2_bsp/\libhal_bsp.a(alt_dev_llist_insert.o)
 .comment       0x00000000       0x24 ../Assignment_1_v2_bsp/\libhal_bsp.a(alt_do_ctors.o)
 .comment       0x00000000       0x24 ../Assignment_1_v2_bsp/\libhal_bsp.a(alt_do_dtors.o)
 .comment       0x00000000       0x24 ../Assignment_1_v2_bsp/\libhal_bsp.a(alt_find_dev.o)
 .comment       0x00000000       0x24 ../Assignment_1_v2_bsp/\libhal_bsp.a(alt_flash_dev.o)
 .comment       0x00000000       0x24 ../Assignment_1_v2_bsp/\libhal_bsp.a(alt_io_redirect.o)
 .comment       0x00000000       0x24 ../Assignment_1_v2_bsp/\libhal_bsp.a(alt_irq_register.o)
 .comment       0x00000000       0x24 ../Assignment_1_v2_bsp/\libhal_bsp.a(alt_irq_vars.o)
 .comment       0x00000000       0x24 ../Assignment_1_v2_bsp/\libhal_bsp.a(alt_open.o)
 .comment       0x00000000       0x24 ../Assignment_1_v2_bsp/\libhal_bsp.a(alt_tick.o)
 .comment       0x00000000       0x24 ../Assignment_1_v2_bsp/\libhal_bsp.a(alt_usleep.o)
 .comment       0x00000000       0x24 ../Assignment_1_v2_bsp/\libhal_bsp.a(altera_nios2_qsys_irq.o)
 .comment       0x00000000       0x24 ../Assignment_1_v2_bsp/\libhal_bsp.a(altera_avalon_cfi_flash_amd.o)
 .comment       0x00000000       0x24 ../Assignment_1_v2_bsp/\libhal_bsp.a(altera_avalon_cfi_flash_intel.o)
 .comment       0x00000000       0x24 ../Assignment_1_v2_bsp/\libhal_bsp.a(alt_busy_sleep.o)
 .comment       0x00000000       0x24 ../Assignment_1_v2_bsp/\libhal_bsp.a(alt_find_file.o)
 .comment       0x00000000       0x24 ../Assignment_1_v2_bsp/\libhal_bsp.a(alt_get_fd.o)
 .comment       0x00000000       0x24 ../Assignment_1_v2_bsp/\libhal_bsp.a(alt_irq_handler.o)
 .comment       0x00000000       0x24 c:/altera/13.0/nios2eds/bin/gnu/h-i686-mingw32/bin/../lib/gcc/nios2-elf/4.1.2/../../../../nios2-elf/lib\libc.a(lib_a-atexit.o)
 .comment       0x00000000       0x24 c:/altera/13.0/nios2eds/bin/gnu/h-i686-mingw32/bin/../lib/gcc/nios2-elf/4.1.2/../../../../nios2-elf/lib\libc.a(lib_a-ctype_.o)
 .comment       0x00000000       0x24 c:/altera/13.0/nios2eds/bin/gnu/h-i686-mingw32/bin/../lib/gcc/nios2-elf/4.1.2/../../../../nios2-elf/lib\libc.a(lib_a-exit.o)
 .comment       0x00000000       0x24 c:/altera/13.0/nios2eds/bin/gnu/h-i686-mingw32/bin/../lib/gcc/nios2-elf/4.1.2/../../../../nios2-elf/lib\libc.a(lib_a-memcmp.o)
 .comment       0x00000000       0x24 c:/altera/13.0/nios2eds/bin/gnu/h-i686-mingw32/bin/../lib/gcc/nios2-elf/4.1.2/../../../../nios2-elf/lib\libc.a(lib_a-strcpy.o)
 .comment       0x00000000       0x24 c:/altera/13.0/nios2eds/bin/gnu/h-i686-mingw32/bin/../lib/gcc/nios2-elf/4.1.2/../../../../nios2-elf/lib\libc.a(lib_a-__atexit.o)
 .comment       0x00000000       0x24 c:/altera/13.0/nios2eds/bin/gnu/h-i686-mingw32/bin/../lib/gcc/nios2-elf/4.1.2/../../../../nios2-elf/lib\libc.a(lib_a-__call_atexit.o)
 .comment       0x00000000       0x24 ../Assignment_1_v2_bsp/\libhal_bsp.a(alt_exit.o)

.debug
 *(.debug)

.line
 *(.line)

.debug_srcinfo
 *(.debug_srcinfo)

.debug_sfnames
 *(.debug_sfnames)

.debug_aranges  0x00000000      0xe10
 *(.debug_aranges)
 .debug_aranges
                0x00000000       0x20 ../Assignment_1_v2_bsp//obj/HAL/src/crt0.o
 .debug_aranges
                0x00000020       0x20 obj/default/hello_world.o
 .debug_aranges
                0x00000040       0x20 c:/altera/13.0/nios2eds/bin/gnu/h-i686-mingw32/bin/../lib/gcc/nios2-elf/4.1.2/../../../../nios2-elf/lib\libc.a(lib_a-printf.o)
 .debug_aranges
                0x00000060       0x20 c:/altera/13.0/nios2eds/bin/gnu/h-i686-mingw32/bin/../lib/gcc/nios2-elf/4.1.2/../../../../nios2-elf/lib\libc.a(lib_a-puts.o)
 .debug_aranges
                0x00000080       0x20 c:/altera/13.0/nios2eds/bin/gnu/h-i686-mingw32/bin/../lib/gcc/nios2-elf/4.1.2/../../../../nios2-elf/lib\libc.a(lib_a-strlen.o)
 .debug_aranges
                0x000000a0       0x20 c:/altera/13.0/nios2eds/bin/gnu/h-i686-mingw32/bin/../lib/gcc/nios2-elf/4.1.2/../../../../nios2-elf/lib\libc.a(lib_a-vfprintf.o)
 .debug_aranges
                0x000000c0       0x20 c:/altera/13.0/nios2eds/bin/gnu/h-i686-mingw32/bin/../lib/gcc/nios2-elf/4.1.2/../../../../nios2-elf/lib\libc.a(lib_a-wsetup.o)
 .debug_aranges
                0x000000e0       0x20 c:/altera/13.0/nios2eds/bin/gnu/h-i686-mingw32/bin/../lib/gcc/nios2-elf/4.1.2/../../../../nios2-elf/lib\libc.a(lib_a-dtoa.o)
 .debug_aranges
                0x00000100       0x20 c:/altera/13.0/nios2eds/bin/gnu/h-i686-mingw32/bin/../lib/gcc/nios2-elf/4.1.2/../../../../nios2-elf/lib\libc.a(lib_a-fflush.o)
 .debug_aranges
                0x00000120       0x20 c:/altera/13.0/nios2eds/bin/gnu/h-i686-mingw32/bin/../lib/gcc/nios2-elf/4.1.2/../../../../nios2-elf/lib\libc.a(lib_a-findfp.o)
 .debug_aranges
                0x00000140       0x20 c:/altera/13.0/nios2eds/bin/gnu/h-i686-mingw32/bin/../lib/gcc/nios2-elf/4.1.2/../../../../nios2-elf/lib\libc.a(lib_a-freer.o)
 .debug_aranges
                0x00000160       0x20 c:/altera/13.0/nios2eds/bin/gnu/h-i686-mingw32/bin/../lib/gcc/nios2-elf/4.1.2/../../../../nios2-elf/lib\libc.a(lib_a-fvwrite.o)
 .debug_aranges
                0x00000180       0x20 c:/altera/13.0/nios2eds/bin/gnu/h-i686-mingw32/bin/../lib/gcc/nios2-elf/4.1.2/../../../../nios2-elf/lib\libc.a(lib_a-fwalk.o)
 .debug_aranges
                0x000001a0       0x20 c:/altera/13.0/nios2eds/bin/gnu/h-i686-mingw32/bin/../lib/gcc/nios2-elf/4.1.2/../../../../nios2-elf/lib\libc.a(lib_a-locale.o)
 .debug_aranges
                0x000001c0       0x20 c:/altera/13.0/nios2eds/bin/gnu/h-i686-mingw32/bin/../lib/gcc/nios2-elf/4.1.2/../../../../nios2-elf/lib\libc.a(lib_a-makebuf.o)
 .debug_aranges
                0x000001e0       0x20 c:/altera/13.0/nios2eds/bin/gnu/h-i686-mingw32/bin/../lib/gcc/nios2-elf/4.1.2/../../../../nios2-elf/lib\libc.a(lib_a-mallocr.o)
 .debug_aranges
                0x00000200       0x20 c:/altera/13.0/nios2eds/bin/gnu/h-i686-mingw32/bin/../lib/gcc/nios2-elf/4.1.2/../../../../nios2-elf/lib\libc.a(lib_a-memchr.o)
 .debug_aranges
                0x00000220       0x20 c:/altera/13.0/nios2eds/bin/gnu/h-i686-mingw32/bin/../lib/gcc/nios2-elf/4.1.2/../../../../nios2-elf/lib\libc.a(lib_a-memcpy.o)
 .debug_aranges
                0x00000240       0x20 c:/altera/13.0/nios2eds/bin/gnu/h-i686-mingw32/bin/../lib/gcc/nios2-elf/4.1.2/../../../../nios2-elf/lib\libc.a(lib_a-memmove.o)
 .debug_aranges
                0x00000260       0x20 c:/altera/13.0/nios2eds/bin/gnu/h-i686-mingw32/bin/../lib/gcc/nios2-elf/4.1.2/../../../../nios2-elf/lib\libc.a(lib_a-memset.o)
 .debug_aranges
                0x00000280       0x20 c:/altera/13.0/nios2eds/bin/gnu/h-i686-mingw32/bin/../lib/gcc/nios2-elf/4.1.2/../../../../nios2-elf/lib\libc.a(lib_a-mprec.o)
 .debug_aranges