Archive member included because of file (symbol)

c:/altera/13.0sp1/nios2eds/bin/gnu/h-i686-mingw32/bin/../lib/gcc/nios2-elf/4.1.2\libgcc.a(_addsub_sf.o)
                              obj/default/main.o (__subsf3)
c:/altera/13.0sp1/nios2eds/bin/gnu/h-i686-mingw32/bin/../lib/gcc/nios2-elf/4.1.2\libgcc.a(_gt_sf.o)
                              obj/default/main.o (__gtsf2)
c:/altera/13.0sp1/nios2eds/bin/gnu/h-i686-mingw32/bin/../lib/gcc/nios2-elf/4.1.2\libgcc.a(_lt_sf.o)
                              obj/default/main.o (__ltsf2)
c:/altera/13.0sp1/nios2eds/bin/gnu/h-i686-mingw32/bin/../lib/gcc/nios2-elf/4.1.2\libgcc.a(_si_to_sf.o)
                              obj/default/main.o (__floatsisf)
c:/altera/13.0sp1/nios2eds/bin/gnu/h-i686-mingw32/bin/../lib/gcc/nios2-elf/4.1.2\libgcc.a(_sf_to_df.o)
                              obj/default/main.o (__extendsfdf2)
c:/altera/13.0sp1/nios2eds/bin/gnu/h-i686-mingw32/bin/../lib/gcc/nios2-elf/4.1.2\libgcc.a(_thenan_sf.o)
                              c:/altera/13.0sp1/nios2eds/bin/gnu/h-i686-mingw32/bin/../lib/gcc/nios2-elf/4.1.2\libgcc.a(_addsub_sf.o) (__thenan_sf)
c:/altera/13.0sp1/nios2eds/bin/gnu/h-i686-mingw32/bin/../lib/gcc/nios2-elf/4.1.2\libgcc.a(_addsub_df.o)
                              obj/default/main.o (__adddf3)
c:/altera/13.0sp1/nios2eds/bin/gnu/h-i686-mingw32/bin/../lib/gcc/nios2-elf/4.1.2\libgcc.a(_mul_df.o)
                              obj/default/main.o (__muldf3)
c:/altera/13.0sp1/nios2eds/bin/gnu/h-i686-mingw32/bin/../lib/gcc/nios2-elf/4.1.2\libgcc.a(_div_df.o)
                              obj/default/main.o (__divdf3)
c:/altera/13.0sp1/nios2eds/bin/gnu/h-i686-mingw32/bin/../lib/gcc/nios2-elf/4.1.2\libgcc.a(_si_to_df.o)
                              obj/default/main.o (__floatsidf)
c:/altera/13.0sp1/nios2eds/bin/gnu/h-i686-mingw32/bin/../lib/gcc/nios2-elf/4.1.2\libgcc.a(_make_df.o)
                              c:/altera/13.0sp1/nios2eds/bin/gnu/h-i686-mingw32/bin/../lib/gcc/nios2-elf/4.1.2\libgcc.a(_sf_to_df.o) (__make_dp)
c:/altera/13.0sp1/nios2eds/bin/gnu/h-i686-mingw32/bin/../lib/gcc/nios2-elf/4.1.2\libgcc.a(_df_to_sf.o)
                              obj/default/main.o (__truncdfsf2)
c:/altera/13.0sp1/nios2eds/bin/gnu/h-i686-mingw32/bin/../lib/gcc/nios2-elf/4.1.2\libgcc.a(_thenan_df.o)
                              c:/altera/13.0sp1/nios2eds/bin/gnu/h-i686-mingw32/bin/../lib/gcc/nios2-elf/4.1.2\libgcc.a(_addsub_df.o) (__thenan_df)
c:/altera/13.0sp1/nios2eds/bin/gnu/h-i686-mingw32/bin/../lib/gcc/nios2-elf/4.1.2\libgcc.a(_muldi3.o)
                              c:/altera/13.0sp1/nios2eds/bin/gnu/h-i686-mingw32/bin/../lib/gcc/nios2-elf/4.1.2\libgcc.a(_mul_df.o) (__muldi3)
c:/altera/13.0sp1/nios2eds/bin/gnu/h-i686-mingw32/bin/../lib/gcc/nios2-elf/4.1.2\libgcc.a(_clzsi2.o)
                              c:/altera/13.0sp1/nios2eds/bin/gnu/h-i686-mingw32/bin/../lib/gcc/nios2-elf/4.1.2\libgcc.a(_si_to_sf.o) (__clzsi2)
c:/altera/13.0sp1/nios2eds/bin/gnu/h-i686-mingw32/bin/../lib/gcc/nios2-elf/4.1.2\libgcc.a(_pack_sf.o)
                              c:/altera/13.0sp1/nios2eds/bin/gnu/h-i686-mingw32/bin/../lib/gcc/nios2-elf/4.1.2\libgcc.a(_addsub_sf.o) (__pack_f)
c:/altera/13.0sp1/nios2eds/bin/gnu/h-i686-mingw32/bin/../lib/gcc/nios2-elf/4.1.2\libgcc.a(_unpack_sf.o)
                              c:/altera/13.0sp1/nios2eds/bin/gnu/h-i686-mingw32/bin/../lib/gcc/nios2-elf/4.1.2\libgcc.a(_addsub_sf.o) (__unpack_f)
c:/altera/13.0sp1/nios2eds/bin/gnu/h-i686-mingw32/bin/../lib/gcc/nios2-elf/4.1.2\libgcc.a(_fpcmp_parts_sf.o)
                              c:/altera/13.0sp1/nios2eds/bin/gnu/h-i686-mingw32/bin/../lib/gcc/nios2-elf/4.1.2\libgcc.a(_gt_sf.o) (__fpcmp_parts_f)
c:/altera/13.0sp1/nios2eds/bin/gnu/h-i686-mingw32/bin/../lib/gcc/nios2-elf/4.1.2\libgcc.a(_make_sf.o)
                              c:/altera/13.0sp1/nios2eds/bin/gnu/h-i686-mingw32/bin/../lib/gcc/nios2-elf/4.1.2\libgcc.a(_df_to_sf.o) (__make_fp)
c:/altera/13.0sp1/nios2eds/bin/gnu/h-i686-mingw32/bin/../lib/gcc/nios2-elf/4.1.2\libgcc.a(_pack_df.o)
                              c:/altera/13.0sp1/nios2eds/bin/gnu/h-i686-mingw32/bin/../lib/gcc/nios2-elf/4.1.2\libgcc.a(_addsub_df.o) (__pack_d)
c:/altera/13.0sp1/nios2eds/bin/gnu/h-i686-mingw32/bin/../lib/gcc/nios2-elf/4.1.2\libgcc.a(_unpack_df.o)
                              c:/altera/13.0sp1/nios2eds/bin/gnu/h-i686-mingw32/bin/../lib/gcc/nios2-elf/4.1.2\libgcc.a(_addsub_df.o) (__unpack_d)
c:/altera/13.0sp1/nios2eds/bin/gnu/h-i686-mingw32/bin/../lib/gcc/nios2-elf/4.1.2\libgcc.a(_clz.o)
                              c:/altera/13.0sp1/nios2eds/bin/gnu/h-i686-mingw32/bin/../lib/gcc/nios2-elf/4.1.2\libgcc.a(_clzsi2.o) (__clz_tab)
c:/altera/13.0sp1/nios2eds/bin/gnu/h-i686-mingw32/bin/../lib/gcc/nios2-elf/4.1.2/../../../../nios2-elf/lib\libc.a(lib_a-memcmp.o)
                              obj/default/freertos/tasks.o (memcmp)
c:/altera/13.0sp1/nios2eds/bin/gnu/h-i686-mingw32/bin/../lib/gcc/nios2-elf/4.1.2/../../../../nios2-elf/lib\libc.a(lib_a-memcpy.o)
[...]
Memory Configuration

Name             Origin             Length             Attributes
onchip_memory_BEFORE_EXCEPTION 0x00000000         0x00000020
onchip_memory    0x00000020         0x00031fe0
reset            0x01000000         0x00000020
flash_controller 0x01000020         0x007fffe0
sdram            0x08000000         0x08000000
*default*        0x00000000         0xffffffff

Linker script and memory map

LOAD ../Assignment_1_v2_bsp//obj/HAL/src/crt0.o
LOAD obj/default/freertos/croutine.o
LOAD obj/default/freertos/event_groups.o
LOAD obj/default/freertos/heap.o
LOAD obj/default/freertos/list.o
LOAD obj/default/freertos/port.o
LOAD obj/default/freertos/queue.o
LOAD obj/default/freertos/tasks.o
LOAD obj/default/freertos/timers.o
LOAD obj/default/main.o
LOAD obj/default/freertos/port_asm.o
LOAD c:/altera/13.0sp1/nios2eds/bin/gnu/h-i686-mingw32/bin/../lib/gcc/nios2-elf/4.1.2/../../../../nios2-elf/lib\libstdc++.a
LOAD c:/altera/13.0sp1/nios2eds/bin/gnu/h-i686-mingw32/bin/../lib/gcc/nios2-elf/4.1.2/../../../../nios2-elf/lib\libm.a
LOAD c:/altera/13.0sp1/nios2eds/bin/gnu/h-i686-mingw32/bin/../lib/gcc/nios2-elf/4.1.2\libgcc.a
START GROUP
LOAD c:/altera/13.0sp1/nios2eds/bin/gnu/h-i686-mingw32/bin/../lib/gcc/nios2-elf/4.1.2/../../../../nios2-elf/lib\libc.a
LOAD c:/altera/13.0sp1/nios2eds/bin/gnu/h-i686-mingw32/bin/../lib/gcc/nios2-elf/4.1.2\libgcc.a
LOAD ../Assignment_1_v2_bsp/\libhal_bsp.a
END GROUP
LOAD c:/altera/13.0sp1/nios2eds/bin/gnu/h-i686-mingw32/bin/../lib/gcc/nios2-elf/4.1.2\libgcc.a
                0x00000000                __alt_mem_onchip_memory = 0x0
                0x01000000                __alt_mem_flash_controller = 0x1000000
                0x08000000                __alt_mem_sdram = 0x8000000

.entry          0x01000000        0x0
 *(.entry)
 .entry         0x01000000        0x0 ../Assignment_1_v2_bsp//obj/HAL/src/crt0.o
                0x01000000                __reset

.exceptions     0x00000020      0x228
                0x00000020                PROVIDE (__ram_exceptions_start, ABSOLUTE (.))
                0x00000020                . = ALIGN (0x20)
 *(.irq)
 *(.exceptions.entry.label)
 *(.exceptions.entry.user)
 *(.exceptions.entry)
 .exceptions.entry
                0x00000020       0x8c obj/default/freertos/port_asm.o
 *(.exceptions.irqtest.user)
 *(.exceptions.irqtest)
 .exceptions.irqtest
                0x000000ac       0x14 obj/default/freertos/port_asm.o
 *(.exceptions.irqhandler.user)
 *(.exceptions.irqhandler)
 .exceptions.irqhandler
                0x000000c0        0x4 obj/default/freertos/port_asm.o
 *(.exceptions.irqreturn.user)
 *(.exceptions.irqreturn)
 .exceptions.irqreturn
                0x000000c4       0x8c obj/default/freertos/port_asm.o
                0x000000c4                restore_sp_from_pxCurrentTCB
 *(.exceptions.notirq.label)
 *(.exceptions.notirq.user)
 *(.exceptions.notirq)
 *(.exceptions.soft.user)
 *(.exceptions.soft)
 .exceptions.soft
                0x00000150       0x2c obj/default/freertos/port_asm.o
 *(.exceptions.unknown.user)
 *(.exceptions.unknown)
 *(.exceptions.exit.label)
 *(.exceptions.exit.user)
 *(.exceptions.exit)
 *(.exceptions)
 .exceptions    0x0000017c       0xcc ../Assignment_1_v2_bsp/\libhal_bsp.a(alt_irq_handler.o)
                0x0000017c                alt_irq_handler
                0x00000248                PROVIDE (__ram_exceptions_end, ABSOLUTE (.))
                0x00000020                PROVIDE (__flash_exceptions_start, LOADADDR (.exceptions))

.text           0x00000248    0x175a0
                0x00000248                PROVIDE (stext, ABSOLUTE (.))
 *(.interp)
 *(.hash)
 *(.dynsym)
 *(.dynstr)
 *(.gnu.version)
 *(.gnu.version_d)
 *(.gnu.version_r)
 *(.rel.init)
 *(.rela.init)
 *(.rel.text .rel.text.* .rel.gnu.linkonce.t.*)
 *(.rela.text .rela.text.* .rela.gnu.linkonce.t.*)
 *(.rel.fini)
 *(.rela.fini)
 *(.rel.rodata .rel.rodata.* .rel.gnu.linkonce.r.*)
 *(.rela.rodata .rela.rodata.* .rela.gnu.linkonce.r.*)
 *(.rel.data .rel.data.* .rel.gnu.linkonce.d.*)
 *(.rela.data .rela.data.* .rela.gnu.linkonce.d.*)
 *(.rel.tdata .rel.tdata.* .rel.gnu.linkonce.td.*)
 *(.rela.tdata .rela.tdata.* .rela.gnu.linkonce.td.*)
 *(.rel.tbss .rel.tbss.* .rel.gnu.linkonce.tb.*)
 *(.rela.tbss .rela.tbss.* .rela.gnu.linkonce.tb.*)
 *(.rel.ctors)
 *(.rela.ctors)
 *(.rel.dtors)
 *(.rela.dtors)
 *(.rel.got)
 *(.rela.got)
 *(.rel.sdata .rel.sdata.* .rel.gnu.linkonce.s.*)
 *(.rela.sdata .rela.sdata.* .rela.gnu.linkonce.s.*)
 *(.rel.sbss .rel.sbss.* .rel.gnu.linkonce.sb.*)
 *(.rela.sbss .rela.sbss.* .rela.gnu.linkonce.sb.*)
 *(.rel.sdata2 .rel.sdata2.* .rel.gnu.linkonce.s2.*)
 *(.rela.sdata2 .rela.sdata2.* .rela.gnu.linkonce.s2.*)
 *(.rel.sbss2 .rel.sbss2.* .rel.gnu.linkonce.sb2.*)
 *(.rela.sbss2 .rela.sbss2.* .rela.gnu.linkonce.sb2.*)
 *(.rel.bss .rel.bss.* .rel.gnu.linkonce.b.*)
 *(.rela.bss .rela.bss.* .rela.gnu.linkonce.b.*)
 *(.rel.plt)
 *(.rela.plt)
 *(.rel.dyn)
 *(.init)
 *(.plt)
 *(.text .stub .text.* .gnu.linkonce.t.*)
 .text          0x00000248       0x48 ../Assignment_1_v2_bsp//obj/HAL/src/crt0.o
                0x00000248                _start
 .text          0x00000290      0x60c obj/default/freertos/croutine.o
                0x00000290                xCoRoutineCreate
                0x000003d0                vCoRoutineAddToDelayedList
                0x00000694                vCoRoutineSchedule
                0x0000081c                xCoRoutineRemoveFromEventList
 .text          0x0000089c      0x720 obj/default/freertos/event_groups.o
                0x0000089c                xEventGroupCreate
                0x000008f0                xEventGroupSync
                0x00000a74                xEventGroupWaitBits
                0x00000c34                xEventGroupClearBits
                0x00000c9c                xEventGroupGetBitsFromISR
                0x00000cd8                xEventGroupSetBits
                0x00000e64                vEventGroupDelete
                0x00000ed4                vEventGroupSetBitsCallback
                0x00000f0c                vEventGroupClearBitsCallback
 .text          0x00000fbc      0x448 obj/default/freertos/heap.o
                0x00000fbc                pvPortMalloc
                0x00001150                vPortFree
                0x000011d0                xPortGetFreeHeapSize
                0x000011f0                vPortInitialiseBlocks
 .text          0x00001404      0x28c obj/default/freertos/list.o
                0x00001404                vListInitialise
                0x00001474                vListInitialiseItem
                0x0000149c                vListInsertEnd
                0x00001524                vListInsert
                0x000015f8                uxListRemove
 .text          0x00001690      0x434 obj/default/freertos/port.o
                0x00001690                vApplicationStackOverflowHook
                0x000016f4                pxPortInitialiseStack
                0x000017dc                xPortStartScheduler
                0x00001814                vPortEndScheduler
                0x000018c8                vPortSysTickHandler
                0x00001914                alt_irq_register
 .text          0x00001ac4     0x1134 obj/default/freertos/queue.o
                0x00001ac4                xQueueGenericReset
                0x00001bd8                xQueueGenericCreate
                0x00001cb4                xQueueCreateMutex
                0x00001d78                xQueueGiveMutexRecursive
                0x00001e0c                xQueueTakeMutexRecursive
                0x00001eb4                xQueueCreateCountingSemaphore
                0x00001f10                xQueueGenericSend
                0x000020c0                xQueueGenericSendFromISR
                0x000021a8                xQueueGiveFromISR
                0x00002280                xQueueGenericReceive
                0x000024ac                xQueueReceiveFromISR
                0x00002590                xQueuePeekFromISR
                0x00002610                uxQueueMessagesWaiting
                0x00002650                uxQueueSpacesAvailable
                0x000026a4                uxQueueMessagesWaitingFromISR
                0x000026d4                vQueueDelete
                0x00002a80                xQueueIsQueueEmptyFromISR
                0x00002b1c                xQueueIsQueueFullFromISR
                0x00002b64                vQueueWaitForMessageRestricted
 .text          0x00002bf8     0x1c94 obj/default/freertos/tasks.o
                0x00002bf8                xTaskGenericCreate
                0x00002dc0                vTaskDelete
                0x00002e98                vTaskDelay
                0x00002f10                vTaskStartScheduler
                0x00002fac                vTaskEndScheduler
                0x00002ff0                vTaskSuspendAll
                0x00003018                xTaskResumeAll
                0x00003168                xTaskGetTickCount
                0x00003190                xTaskGetTickCountFromISR
                0x000031bc                uxTaskGetNumberOfTasks
                0x000031dc                xTaskIncrementTick
                0x000033b8                vTaskSwitchContext
                0x000034e8                vTaskPlaceOnEventList
                0x00003548                vTaskPlaceOnUnorderedEventList
                0x000035bc                vTaskPlaceOnEventListRestricted
                0x0000361c                xTaskRemoveFromEventList
                0x00003704                xTaskRemoveFromUnorderedEventList
                0x000037d4                vTaskSetTimeOutState
                0x0000380c                xTaskCheckForTimeOut
                0x000038d0                vTaskMissedYield
                0x00003d50                uxTaskGetStackHighWaterMark
                0x00003e6c                xTaskGetCurrentTaskHandle
                0x00003e94                xTaskGetSchedulerState
                0x00003ee8                vTaskPriorityInherit
                0x00004018                xTaskPriorityDisinherit
                0x00004114                vTaskEnterCritical
                0x00004168                vTaskExitCritical
                0x000041d0                uxTaskResetEventItemValue
                0x00004214                pvTaskIncrementMutexHeldCount
                0x00004250                ulTaskNotifyTake
                0x00004328                xTaskNotifyWait
                0x00004434                xTaskNotify
                0x000045bc                xTaskNotifyFromISR
                0x0000477c                vTaskNotifyGiveFromISR
 .text          0x0000488c      0x8b0 obj/default/freertos/timers.o
                0x0000488c                xTimerCreateTimerTask
                0x000048fc                xTimerCreate
                0x000049ac                xTimerGenericCommand
                0x00004a74                pcTimerGetTimerName
                0x000050c0                xTimerIsTimerActive
                0x0000510c                pvTimerGetTimerID
 .text          0x0000513c      0xc18 obj/default/main.o
                0x0000513c                NewFreqISR
                0x000051bc                PushButtonISR
                0x0000520c                KeyboardISR
                0x000052e4                SwitchPollingTask
                0x000054ac                VGATask
                0x000054cc                StabilityMonitorTask
                0x000059ec                LoadDisconnect
                0x00005a9c                LoadControlTask
                0x00005ac8                ManageLoadTask
                0x00005ae8                DebugTask
                0x00005b08                vTimerCallback
                0x00005b3c                main
                0x00005b78                initDevices
                0x00005bd8                initOSDataStructs
                0x00005ccc                initCreateTasks
 .text          0x00005d54        0x0 obj/default/freertos/port_asm.o
 .text          0x00005d54      0x2b8 c:/altera/13.0sp1/nios2eds/bin/gnu/h-i686-mingw32/bin/../lib/gcc/nios2-elf/4.1.2\libgcc.a(_addsub_sf.o)
                0x00005f38                __subsf3
                0x00005fa8                __addsf3
 .text          0x0000600c       0x78 c:/altera/13.0sp1/nios2eds/bin/gnu/h-i686-mingw32/bin/../lib/gcc/nios2-elf/4.1.2\libgcc.a(_gt_sf.o)
                0x0000600c                __gtsf2
 .text          0x00006084       0x78 c:/altera/13.0sp1/nios2eds/bin/gnu/h-i686-mingw32/bin/../lib/gcc/nios2-elf/4.1.2\libgcc.a(_lt_sf.o)
                0x00006084                __ltsf2
 .text          0x000060fc       0x98 c:/altera/13.0sp1/nios2eds/bin/gnu/h-i686-mingw32/bin/../lib/gcc/nios2-elf/4.1.2\libgcc.a(_si_to_sf.o)
                0x000060fc                __floatsisf
 .text          0x00006194       0x54 c:/altera/13.0sp1/nios2eds/bin/gnu/h-i686-mingw32/bin/../lib/gcc/nios2-elf/4.1.2\libgcc.a(_sf_to_df.o)
                0x00006194                __extendsfdf2
 .text          0x000061e8        0x0 c:/altera/13.0sp1/nios2eds/bin/gnu/h-i686-mingw32/bin/../lib/gcc/nios2-elf/4.1.2\libgcc.a(_thenan_sf.o)
 .text          0x000061e8      0x504 c:/altera/13.0sp1/nios2eds/bin/gnu/h-i686-mingw32/bin/../lib/gcc/nios2-elf/4.1.2\libgcc.a(_addsub_df.o)
                0x000065f8                __subdf3
                0x00006678                __adddf3
 .text          0x000066ec      0x3c4 c:/altera/13.0sp1/nios2eds/bin/gnu/h-i686-mingw32/bin/../lib/gcc/nios2-elf/4.1.2\libgcc.a(_mul_df.o)
                0x000066ec                __muldf3
 .text          0x00006ab0      0x258 c:/altera/13.0sp1/nios2eds/bin/gnu/h-i686-mingw32/bin/../lib/gcc/nios2-elf/4.1.2\libgcc.a(_div_df.o)
                0x00006ab0                __divdf3
 .text          0x00006d08       0xf8 c:/altera/13.0sp1/nios2eds/bin/gnu/h-i686-mingw32/bin/../lib/gcc/nios2-elf/4.1.2\libgcc.a(_si_to_df.o)
                0x00006d08                __floatsidf
 .text          0x00006e00       0x38 c:/altera/13.0sp1/nios2eds/bin/gnu/h-i686-mingw32/bin/../lib/gcc/nios2-elf/4.1.2\libgcc.a(_make_df.o)
                0x00006e00                __make_dp
 .text          0x00006e38       0x74 c:/altera/13.0sp1/nios2eds/bin/gnu/h-i686-mingw32/bin/../lib/gcc/nios2-elf/4.1.2\libgcc.a(_df_to_sf.o)
                0x00006e38                __truncdfsf2
 .text          0x00006eac        0x0 c:/altera/13.0sp1/nios2eds/bin/gnu/h-i686-mingw32/bin/../lib/gcc/nios2-elf/4.1.2\libgcc.a(_thenan_df.o)
 .text          0x00006eac       0x98 c:/altera/13.0sp1/nios2eds/bin/gnu/h-i686-mingw32/bin/../lib/gcc/nios2-elf/4.1.2\libgcc.a(_muldi3.o)
                0x00006eac                __muldi3
 .text          0x00006f44       0x80 c:/altera/13.0sp1/nios2eds/bin/gnu/h-i686-mingw32/bin/../lib/gcc/nios2-elf/4.1.2\libgcc.a(_clzsi2.o)
                0x00006f44                __clzsi2
 .text          0x00006fc4      0x160 c:/altera/13.0sp1/nios2eds/bin/gnu/h-i686-mingw32/bin/../lib/gcc/nios2-elf/4.1.2\libgcc.a(_pack_sf.o)
                0x00006fc4                __pack_f
 .text          0x00007124       0xc8 c:/altera/13.0sp1/nios2eds/bin/gnu/h-i686-mingw32/bin/../lib/gcc/nios2-elf/4.1.2\libgcc.a(_unpack_sf.o)
                0x00007124                __unpack_f
 .text          0x000071ec       0xa8 c:/altera/13.0sp1/nios2eds/bin/gnu/h-i686-mingw32/bin/../lib/gcc/nios2-elf/4.1.2\libgcc.a(_fpcmp_parts_sf.o)
                0x000071ec                __fpcmp_parts_f
 .text          0x00007294       0x2c c:/altera/13.0sp1/nios2eds/bin/gnu/h-i686-mingw32/bin/../lib/gcc/nios2-elf/4.1.2\libgcc.a(_make_sf.o)
                0x00007294                __make_fp
 .text          0x000072c0      0x314 c:/altera/13.0sp1/nios2eds/bin/gnu/h-i686-mingw32/bin/../lib/gcc/nios2-elf/4.1.2\libgcc.a(_pack_df.o)
                0x000072c0                __pack_d
 .text          0x000075d4      0x138 c:/altera/13.0sp1/nios2eds/bin/gnu/h-i686-mingw32/bin/../lib/gcc/nios2-elf/4.1.2\libgcc.a(_unpack_df.o)
                0x000075d4                __unpack_d
 .text          0x0000770c        0x0 c:/altera/13.0sp1/nios2eds/bin/gnu/h-i686-mingw32/bin/../lib/gcc/nios2-elf/4.1.2\libgcc.a(_clz.o)
 .text          0x0000770c       0x74 c:/altera/13.0sp1/nios2eds/bin/gnu/h-i686-mingw32/bin/../lib/gcc/nios2-elf/4.1.2/../../../../nios2-elf/lib\libc.a(lib_a-memcmp.o)
                0x0000770c                memcmp
 .text          0x00007780       0xa0 c:/altera/13.0sp1/nios2eds/bin/gnu/h-i686-mingw32/bin/../lib/gcc/nios2-elf/4.1.2/../../../../nios2-elf/lib\libc.a(lib_a-memcpy.o)
                0x00007780                memcpy
 .text          0x00007820       0x98 c:/altera/13.0sp1/nios2eds/bin/gnu/h-i686-mingw32/bin/../lib/gcc/nios2-elf/4.1.2/../../../../nios2-elf/lib\libc.a(lib_a-memset.o)
                0x00007820                memset
 .text          0x000078b8       0x78 c:/altera/13.0sp1/nios2eds/bin/gnu/h-i686-mingw32/bin/../lib/gcc/nios2-elf/4.1.2/../../../../nios2-elf/lib\libc.a(lib_a-printf.o)
                0x000078b8                printf
                0x000078fc                _printf_r
 .text          0x00007930       0xb4 c:/altera/13.0sp1/nios2eds/bin/gnu/h-i686-mingw32/bin/../lib/gcc/nios2-elf/4.1.2/../../../../nios2-elf/lib\libc.a(lib_a-puts.o)
                0x00007930                _puts_r
                0x000079d0                puts
 .text          0x000079e4       0x74 c:/altera/13.0sp1/nios2eds/bin/gnu/h-i686-mingw32/bin/../lib/gcc/nios2-elf/4.1.2/../../../../nios2-elf/lib\libc.a(lib_a-strlen.o)
                0x000079e4                strlen
 .text          0x00007a58     0x1f28 c:/altera/13.0sp1/nios2eds/bin/gnu/h-i686-mingw32/bin/../lib/gcc/nios2-elf/4.1.2/../../../../nios2-elf/lib\libc.a(lib_a-vfprintf.o)
                0x00007ab0                ___vfprintf_internal_r
                0x0000995c                __vfprintf_internal
 .text          0x00009980      0x13c c:/altera/13.0sp1/nios2eds/bin/gnu/h-i686-mingw32/bin/../lib/gcc/nios2-elf/4.1.2/../../../../nios2-elf/lib\libc.a(lib_a-wsetup.o)
                0x00009980                __swsetup_r
 .text          0x00009abc     0x17cc c:/altera/13.0sp1/nios2eds/bin/gnu/h-i686-mingw32/bin/../lib/gcc/nios2-elf/4.1.2/../../../../nios2-elf/lib\libc.a(lib_a-dtoa.o)
                0x00009cd4                _dtoa_r
 .text          0x0000b288      0x230 c:/altera/13.0sp1/nios2eds/bin/gnu/h-i686-mingw32/bin/../lib/gcc/nios2-elf/4.1.2/../../../../nios2-elf/lib\libc.a(lib_a-fflush.o)
                0x0000b288                _fflush_r
                0x0000b484                fflush
 .text          0x0000b4b8      0x2c0 c:/altera/13.0sp1/nios2eds/bin/gnu/h-i686-mingw32/bin/../lib/gcc/nios2-elf/4.1.2/../../../../nios2-elf/lib\libc.a(lib_a-findfp.o)
                0x0000b510                __sfp_lock_acquire
                0x0000b514                __sfp_lock_release
                0x0000b518                __sinit_lock_acquire
                0x0000b51c                __sinit_lock_release
                0x0000b520                __sinit
                0x0000b5d4                __fp_unlock_all
                0x0000b5ec                __fp_lock_all
                0x0000b604                _cleanup_r
                0x0000b610                _cleanup
                0x0000b620                __sfmoreglue
                0x0000b688                __sfp
 .text          0x0000b778      0x440 c:/altera/13.0sp1/nios2eds/bin/gnu/h-i686-mingw32/bin/../lib/gcc/nios2-elf/4.1.2/../../../../nios2-elf/lib\libc.a(lib_a-freer.o)
                0x0000b778                _malloc_trim_r
                0x0000b8a4                _free_r
 .text          0x0000bbb8      0x49c c:/altera/13.0sp1/nios2eds/bin/gnu/h-i686-mingw32/bin/../lib/gcc/nios2-elf/4.1.2/../../../../nios2-elf/lib\libc.a(lib_a-fvwrite.o)
                0x0000bbb8                __sfvwrite_r
 .text          0x0000c054      0x180 c:/altera/13.0sp1/nios2eds/bin/gnu/h-i686-mingw32/bin/../lib/gcc/nios2-elf/4.1.2/../../../../nios2-elf/lib\libc.a(lib_a-fwalk.o)
                0x0000c054                _fwalk_reent
                0x0000c11c                _fwalk
 .text          0x0000c1d4        0x0 c:/altera/13.0sp1/nios2eds/bin/gnu/h-i686-mingw32/bin/../lib/gcc/nios2-elf/4.1.2/../../../../nios2-elf/lib\libc.a(lib_a-impure.o)
 .text          0x0000c1d4       0xc4 c:/altera/13.0sp1/nios2eds/bin/gnu/h-i686-mingw32/bin/../lib/gcc/nios2-elf/4.1.2/../../../../nios2-elf/lib\libc.a(lib_a-locale.o)
                0x0000c1d4                __locale_charset
                0x0000c1dc                _localeconv_r
                0x0000c1e8                localeconv
                0x0000c1f8                _setlocale_r
                0x0000c27c                setlocale
 .text          0x0000c298      0x194 c:/altera/13.0sp1/nios2eds/bin/gnu/h-i686-mingw32/bin/../lib/gcc/nios2-elf/4.1.2/../../../../nios2-elf/lib\libc.a(lib_a-makebuf.o)
                0x0000c298                __smakebuf_r
 .text          0x0000c42c      0x740 c:/altera/13.0sp1/nios2eds/bin/gnu/h-i686-mingw32/bin/../lib/gcc/nios2-elf/4.1.2/../../../../nios2-elf/lib\libc.a(lib_a-mallocr.o)
                0x0000c42c                _malloc_r
 .text          0x0000cb6c       0xe4 c:/altera/13.0sp1/nios2eds/bin/gnu/h-i686-mingw32/bin/../lib/gcc/nios2-elf/4.1.2/../../../../nios2-elf/lib\libc.a(lib_a-memchr.o)
                0x0000cb6c                memchr
 .text          0x0000cc50       0xe0 c:/altera/13.0sp1/nios2eds/bin/gnu/h-i686-mingw32/bin/../lib/gcc/nios2-elf/4.1.2/../../../../nios2-elf/lib\libc.a(lib_a-memmove.o)
                0x0000cc50                memmove
 .text          0x0000cd30      0xff4 c:/altera/13.0sp1/nios2eds/bin/gnu/h-i686-mingw32/bin/../lib/gcc/nios2-elf/4.1.2/../../../../nios2-elf/lib\libc.a(lib_a-mprec.o)
                0x0000cd30                _Bfree
                0x0000cd58                __hi0bits
                0x0000cdc8                __lo0bits
                0x0000ce8c                __mcmp
                0x0000ceec                __ulp
                0x0000cf6c                __b2d
                0x0000d08c                __ratio
                0x0000d13c                _mprec_log10
                0x0000d1d0                __copybits
                0x0000d228                __any_on
                0x0000d2b0                _Balloc
                0x0000d36c                __d2b
                0x0000d4e8                __mdiff
                0x0000d674                __lshift
                0x0000d7c0                __multiply
                0x0000d9a8                __i2b
                0x0000d9e4                __multadd
                0x0000dae4                __pow5mult
                0x0000dc04                __s2b
 .text          0x0000dd24      0x5f4 c:/altera/13.0sp1/nios2eds/bin/gnu/h-i686-mingw32/bin/../lib/gcc/nios2-elf/4.1.2/../../../../nios2-elf/lib\libc.a(lib_a-reallocr.o)
                0x0000dd24                _realloc_r
 .text          0x0000e318       0x40 c:/altera/13.0sp1/nios2eds/bin/gnu/h-i686-mingw32/bin/../lib/gcc/nios2-elf/4.1.2/../../../../nios2-elf/lib\libc.a(lib_a-s_isinfd.o)
                0x0000e318                __isinfd
 .text          0x0000e358       0x30 c:/altera/13.0sp1/nios2eds/bin/gnu/h-i686-mingw32/bin/../lib/gcc/nios2-elf/4.1.2/../../../../nios2-elf/lib\libc.a(lib_a-s_isnand.o)
                0x0000e358                __isnand
 .text          0x0000e388       0x70 c:/altera/13.0sp1/nios2eds/bin/gnu/h-i686-mingw32/bin/../lib/gcc/nios2-elf/4.1.2/../../../../nios2-elf/lib\libc.a(lib_a-sbrkr.o)
                0x0000e388                _sbrk_r
 .text          0x0000e3f8      0x14c c:/altera/13.0sp1/nios2eds/bin/gnu/h-i686-mingw32/bin/../lib/gcc/nios2-elf/4.1.2/../../../../nios2-elf/lib\libc.a(lib_a-stdio.o)
                0x0000e3f8                __sclose
                0x0000e400                __sseek
                0x0000e468                __swrite
                0x0000e4e4                __sread
 .text          0x0000e544       0xbc c:/altera/13.0sp1/nios2eds/bin/gnu/h-i686-mingw32/bin/../lib/gcc/nios2-elf/4.1.2/../../../../nios2-elf/lib\libc.a(lib_a-strcmp.o)
                0x0000e544                strcmp
 .text          0x0000e600       0x78 c:/altera/13.0sp1/nios2eds/bin/gnu/h-i686-mingw32/bin/../lib/gcc/nios2-elf/4.1.2/../../../../nios2-elf/lib\libc.a(lib_a-writer.o)
                0x0000e600                _write_r
 .text          0x0000e678       0xb4 c:/altera/13.0sp1/nios2eds/bin/gnu/h-i686-mingw32/bin/../lib/gcc/nios2-elf/4.1.2/../../../../nios2-elf/lib\libc.a(lib_a-callocr.o)
                0x0000e678                _calloc_r
 .text          0x0000e72c       0x70 c:/altera/13.0sp1/nios2eds/bin/gnu/h-i686-mingw32/bin/../lib/gcc/nios2-elf/4.1.2/../../../../nios2-elf/lib\libc.a(lib_a-closer.o)
                0x0000e72c                _close_r
 .text          0x0000e79c      0x124 c:/altera/13.0sp1/nios2eds/bin/gnu/h-i686-mingw32/bin/../lib/gcc/nios2-elf/4.1.2/../../../../nios2-elf/lib\libc.a(lib_a-fclose.o)
                0x0000e79c                _fclose_r
                0x0000e8ac                fclose
 .text          0x0000e8c0       0x74 c:/altera/13.0sp1/nios2eds/bin/gnu/h-i686-mingw32/bin/../lib/gcc/nios2-elf/4.1.2/../../../../nios2-elf/lib\libc.a(lib_a-fstatr.o)
                0x0000e8c0                _fstat_r
 .text          0x0000e934        0x0 c:/altera/13.0sp1/nios2eds/bin/gnu/h-i686-mingw32/bin/../lib/gcc/nios2-elf/4.1.2/../../../../nios2-elf/lib\libc.a(lib_a-int_errno.o)
 .text          0x0000e934       0x70 c:/altera/13.0sp1/nios2eds/bin/gnu/h-i686-mingw32/bin/../lib/gcc/nios2-elf/4.1.2/../../../../nios2-elf/lib\libc.a(lib_a-isattyr.o)
                0x0000e934                _isatty_r
 .text          0x0000e9a4       0x78 c:/altera/13.0sp1/nios2eds/bin/gnu/h-i686-mingw32/bin/../lib/gcc/nios2-elf/4.1.2/../../../../nios2-elf/lib\libc.a(lib_a-lseekr.o)
                0x0000e9a4                _lseek_r
 .text          0x0000ea1c       0x78 c:/altera/13.0sp1/nios2eds/bin/gnu/h-i686-mingw32/bin/../lib/gcc/nios2-elf/4.1.2/../../../../nios2-elf/lib\libc.a(lib_a-readr.o)
                0x0000ea1c                _read_r
 .text          0x0000ea94      0x5dc c:/altera/13.0sp1/nios2eds/bin/gnu/h-i686-mingw32/bin/../lib/gcc/nios2-elf/4.1.2\libgcc.a(_udivdi3.o)
                0x0000ea94                __udivdi3
 .text          0x0000f070      0x5b0 c:/altera/13.0sp1/nios2eds/bin/gnu/h-i686-mingw32/bin/../lib/gcc/nios2-elf/4.1.2\libgcc.a(_umoddi3.o)
                0x0000f070                __umoddi3
 .text          0x0000f620       0x88 c:/altera/13.0sp1/nios2eds/bin/gnu/h-i686-mingw32/bin/../lib/gcc/nios2-elf/4.1.2\libgcc.a(_eq_df.o)
                0x0000f620                __eqdf2
 .text          0x0000f6a8       0x88 c:/altera/13.0sp1/nios2eds/bin/gnu/h-i686-mingw32/bin/../lib/gcc/nios2-elf/4.1.2\libgcc.a(_ne_df.o)
                0x0000f6a8                __nedf2
 .text          0x0000f730       0x88 c:/altera/13.0sp1/nios2eds/bin/gnu/h-i686-mingw32/bin/../lib/gcc/nios2-elf/4.1.2\libgcc.a(_gt_df.o)
                0x0000f730                __gtdf2
 .text          0x0000f7b8       0x88 c:/altera/13.0sp1/nios2eds/bin/gnu/h-i686-mingw32/bin/../lib/gcc/nios2-elf/4.1.2\libgcc.a(_ge_df.o)
                0x0000f7b8                __gedf2
 .text          0x0000f840       0x88 c:/altera/13.0sp1/nios2eds/bin/gnu/h-i686-mingw32/bin/../lib/gcc/nios2-elf/4.1.2\libgcc.a(_lt_df.o)
                0x0000f840                __ltdf2
 .text          0x0000f8c8       0xd8 c:/altera/13.0sp1/nios2eds/bin/gnu/h-i686-mingw32/bin/../lib/gcc/nios2-elf/4.1.2\libgcc.a(_df_to_si.o)
                0x0000f8c8                __fixdfsi
 .text          0x0000f9a0      0x194 c:/altera/13.0sp1/nios2eds/bin/gnu/h-i686-mingw32/bin/../lib/gcc/nios2-elf/4.1.2\libgcc.a(_usi_to_df.o)
                0x0000f9a0                __floatunsidf
 .text          0x0000fb34      0x14c c:/altera/13.0sp1/nios2eds/bin/gnu/h-i686-mingw32/bin/../lib/gcc/nios2-elf/4.1.2\libgcc.a(lib2-divmod.o)
                0x0000fbb0                __divsi3
                0x0000fc10                __modsi3
                0x0000fc70                __udivsi3
                0x0000fc78                __umodsi3
 .text          0x0000fc80       0xc8 c:/altera/13.0sp1/nios2eds/bin/gnu/h-i686-mingw32/bin/../lib/gcc/nios2-elf/4.1.2\libgcc.a(_fpcmp_parts_df.o)
                0x0000fc80                __fpcmp_parts_d
 .text          0x0000fd48      0x15c ../Assignment_1_v2_bsp/\libhal_bsp.a(alt_close.o)
                0x0000fd48                close
 .text          0x0000fea4       0x2c ../Assignment_1_v2_bsp/\libhal_bsp.a(alt_dev.o)
 .text          0x0000fed0        0x0 ../Assignment_1_v2_bsp/\libhal_bsp.a(alt_errno.o)
 .text          0x0000fed0      0x134 ../Assignment_1_v2_bsp/\libhal_bsp.a(alt_fstat.o)
                0x0000fed0                fstat
 .text          0x00010004        0x0 ../Assignment_1_v2_bsp/\libhal_bsp.a(alt_irq_handler.o)
 .text          0x00010004        0x0 ../Assignment_1_v2_bsp/\libhal_bsp.a(alt_irq_vars.o)
 .text          0x00010004      0x120 ../Assignment_1_v2_bsp/\libhal_bsp.a(alt_isatty.o)
                0x00010004                isatty
 .text          0x00010124      0x150 ../Assignment_1_v2_bsp/\libhal_bsp.a(alt_lseek.o)
                0x00010124                lseek
 .text          0x00010274       0x6c ../Assignment_1_v2_bsp/\libhal_bsp.a(alt_main.o)
                0x00010274                alt_main
 .text          0x000102e0       0x40 ../Assignment_1_v2_bsp/\libhal_bsp.a(alt_malloc_lock.o)
                0x000102e0                __malloc_lock
                0x00010300                __malloc_unlock
 .text          0x00010320      0x180 ../Assignment_1_v2_bsp/\libhal_bsp.a(alt_read.o)
                0x00010320                read
 .text          0x000104a0       0x60 ../Assignment_1_v2_bsp/\libhal_bsp.a(alt_release_fd.o)
                0x000104a0                alt_release_fd
 .text          0x00010500       0xbc ../Assignment_1_v2_bsp/\libhal_bsp.a(alt_sbrk.o)
                0x00010500                sbrk
 .text          0x000105bc      0x180 ../Assignment_1_v2_bsp/\libhal_bsp.a(alt_write.o)
                0x000105bc                write
 .text          0x0001073c      0x3d8 ../Assignment_1_v2_bsp/\libhal_bsp.a(alt_sys_init.o)
                0x0001073c                alt_irq_init
                0x00010770                alt_sys_init
 .text          0x00010b14      0x8d8 ../Assignment_1_v2_bsp/\libhal_bsp.a(altera_avalon_cfi_flash.o)
                0x00010b14                alt_flash_cfi_init
                0x00010be8                alt_flash_cfi_write
                0x00010ea8                alt_flash_cfi_get_info
                0x00010f38                alt_flash_cfi_read
                0x00010fa0                alt_write_value_to_flash
                0x00011104                alt_flash_program_block
 .text          0x000113ec     0x14a8 ../Assignment_1_v2_bsp/\libhal_bsp.a(altera_avalon_cfi_flash_table.o)
                0x000113ec                alt_read_query_entry_8bit
                0x0001142c                alt_read_query_entry_16bit
                0x00011470                alt_read_query_entry_32bit
                0x000114b8                alt_write_flash_command_8bit_device_8bit_mode
                0x000114f4                alt_write_flash_command_16bit_device_8bit_mode
                0x00011570                alt_write_flash_command_32bit_device_8bit_mode
                0x000115b8                alt_write_flash_command_16bit_device_16bit_mode
                0x000115fc                alt_write_flash_command_32bit_device_16bit_mode
                0x00011644                alt_write_flash_command_32bit_device_32bit_mode
                0x0001168c                alt_write_native_8bit
                0x000116c0                alt_write_native_16bit
                0x000116f4                alt_write_native_32bit
                0x00011724                alt_set_flash_width_func
                0x00011904                alt_set_flash_algorithm_func
                0x00011a2c                alt_read_cfi_table
                0x0001200c                alt_read_cfi_width
                0x000127b8                alt_check_primary_table
 .text          0x00012894      0x148 ../Assignment_1_v2_bsp/\libhal_bsp.a(altera_avalon_jtag_uart_fd.o)
                0x00012894                altera_avalon_jtag_uart_read_fd
                0x000128ec                altera_avalon_jtag_uart_write_fd
                0x00012944                altera_avalon_jtag_uart_close_fd
                0x0001298c                altera_avalon_jtag_uart_ioctl_fd
 .text          0x000129dc      0x408 ../Assignment_1_v2_bsp/\libhal_bsp.a(altera_avalon_jtag_uart_init.o)
                0x000129dc                altera_avalon_jtag_uart_init
                0x00012d70                altera_avalon_jtag_uart_close
 .text          0x00012de4       0xf4 ../Assignment_1_v2_bsp/\libhal_bsp.a(altera_avalon_jtag_uart_ioctl.o)
                0x00012de4                altera_avalon_jtag_uart_ioctl
 .text          0x00012ed8      0x224 ../Assignment_1_v2_bsp/\libhal_bsp.a(altera_avalon_jtag_uart_read.o)
                0x00012ed8                altera_avalon_jtag_uart_read
 .text          0x000130fc      0x240 ../Assignment_1_v2_bsp/\libhal_bsp.a(altera_avalon_jtag_uart_write.o)
                0x000130fc                altera_avalon_jtag_uart_write
 .text          0x0001333c      0xee0 ../Assignment_1_v2_bsp/\libhal_bsp.a(altera_avalon_lcd_16207.o)
                0x00013b10                altera_avalon_lcd_16207_write
                0x000140e0                altera_avalon_lcd_16207_init
 .text          0x0001421c       0x58 ../Assignment_1_v2_bsp/\libhal_bsp.a(altera_avalon_lcd_16207_fd.o)
                0x0001421c                altera_avalon_lcd_16207_write_fd
 .text          0x00014274       0xfc ../Assignment_1_v2_bsp/\libhal_bsp.a(altera_avalon_timer_sc.o)
                0x000142e8                alt_avalon_timer_sc_init
 .text          0x00014370       0xf8 ../Assignment_1_v2_bsp/\libhal_bsp.a(altera_avalon_uart_fd.o)
                0x00014370                altera_avalon_uart_read_fd
                0x000143c8                altera_avalon_uart_write_fd
                0x00014420                altera_avalon_uart_close_fd
 .text          0x00014468      0x3fc ../Assignment_1_v2_bsp/\libhal_bsp.a(altera_avalon_uart_init.o)
                0x00014468                altera_avalon_uart_init
                0x00014804                altera_avalon_uart_close
 .text          0x00014864      0x290 ../Assignment_1_v2_bsp/\libhal_bsp.a(altera_avalon_uart_read.o)
                0x00014864                altera_avalon_uart_read
 .text          0x00014af4      0x228 ../Assignment_1_v2_bsp/\libhal_bsp.a(altera_avalon_uart_write.o)
                0x00014af4                altera_avalon_uart_write
 .text          0x00014d1c      0x700 ../Assignment_1_v2_bsp/\libhal_bsp.a(altera_up_avalon_ps2.o)
                0x00014d1c                read_RI_bit
                0x00014d50                read_RE_bit
                0x00014d80                read_CE_bit
                0x00014db4                read_num_bytes_available
                0x00014de8                read_data_valid
                0x00014e1c                read_data_byte
                0x00014e48                alt_up_ps2_init
                0x00014f14                alt_up_ps2_enable_read_interrupt
                0x00014f68                alt_up_ps2_disable_read_interrupt
                0x00014fc0                alt_up_ps2_write_data_byte
                0x00015038                alt_up_ps2_wait_for_ack
                0x000150a8                alt_up_ps2_write_data_byte_with_ack
                0x00015114                alt_up_ps2_read_data_byte_timeout
                0x000151c4                alt_up_ps2_read_data_byte
                0x00015240                alt_up_ps2_clear_fifo
                0x00015298                alt_up_ps2_read_fd
                0x00015334                alt_up_ps2_write_fd
                0x000153dc                alt_up_ps2_open_dev
 .text          0x0001541c      0x304 ../Assignment_1_v2_bsp/\libhal_bsp.a(altera_up_avalon_video_character_buffer_with_dma.o)
                0x0001541c                alt_up_char_buffer_init
                0x000154a0                alt_up_char_buffer_open_dev
                0x000154e0                alt_up_char_buffer_draw
                0x000155b0                alt_up_char_buffer_string
                0x000156c4                alt_up_char_buffer_clear
 .text          0x00015720      0x5e0 ../Assignment_1_v2_bsp/\libhal_bsp.a(altera_up_ps2_keyboard.o)
                0x00015720                get_multi_byte_make_code_index
                0x00015798                get_single_byte_make_code_index
                0x00015810                get_next_state
                0x00015a6c                decode_scancode
                0x00015b18                set_keyboard_rate
                0x00015b78                translate_make_code
                0x00015c80                reset_keyboard
 .text          0x00015d00      0x154 ../Assignment_1_v2_bsp/\libhal_bsp.a(alt_alarm_start.o)
                0x00015d00                alt_alarm_start
 .text          0x00015e54       0x78 ../Assignment_1_v2_bsp/\libhal_bsp.a(alt_dcache_flush.o)
                0x00015e54                alt_dcache_flush
 .text          0x00015ecc      0x114 ../Assignment_1_v2_bsp/\libhal_bsp.a(alt_dev_llist_insert.o)
                0x00015ecc                alt_dev_llist_insert
 .text          0x00015fe0       0x64 ../Assignment_1_v2_bsp/\libhal_bsp.a(alt_do_ctors.o)
                0x00015fe0                _do_ctors
 .text          0x00016044       0x64 ../Assignment_1_v2_bsp/\libhal_bsp.a(alt_do_dtors.o)
                0x00016044                _do_dtors
 .text          0x000160a8       0x94 ../Assignment_1_v2_bsp/\libhal_bsp.a(alt_find_dev.o)
                0x000160a8                alt_find_dev
 .text          0x0001613c       0xd0 ../Assignment_1_v2_bsp/\libhal_bsp.a(alt_flash_dev.o)
                0x0001613c                alt_flash_open_dev
                0x000161b8                alt_flash_close_dev
 .text          0x0001620c      0x13c ../Assignment_1_v2_bsp/\libhal_bsp.a(alt_io_redirect.o)
                0x000162d0                alt_io_redirect
 .text          0x00016348      0x2c4 ../Assignment_1_v2_bsp/\libhal_bsp.a(alt_open.o)
                0x00016424                open
 .text          0x0001660c      0x1a4 ../Assignment_1_v2_bsp/\libhal_bsp.a(alt_tick.o)
                0x0001660c                alt_alarm_stop
                0x000166a4                alt_tick
 .text          0x000167b0       0x30 ../Assignment_1_v2_bsp/\libhal_bsp.a(alt_usleep.o)
                0x000167b0                usleep
 .text          0x000167e0       0x20 ../Assignment_1_v2_bsp/\libhal_bsp.a(altera_nios2_qsys_irq.o)
                0x000167e0                altera_nios2_qsys_irq_init
 .text          0x00016800      0x460 ../Assignment_1_v2_bsp/\libhal_bsp.a(altera_avalon_cfi_flash_amd.o)
                0x00016800                alt_program_amd
                0x00016868                alt_erase_block_amd
 .text          0x00016c60      0x460 ../Assignment_1_v2_bsp/\libhal_bsp.a(altera_avalon_cfi_flash_intel.o)
                0x00016c60                alt_program_intel
                0x00016ce4                alt_erase_block_intel
 .text          0x000170c0      0x12c ../Assignment_1_v2_bsp/\libhal_bsp.a(alt_busy_sleep.o)
                0x000170c0                alt_busy_sleep
 .text          0x000171ec      0x120 ../Assignment_1_v2_bsp/\libhal_bsp.a(alt_find_file.o)
                0x000171ec                alt_find_file
 .text          0x0001730c       0xb8 ../Assignment_1_v2_bsp/\libhal_bsp.a(alt_get_fd.o)
                0x0001730c                alt_get_fd
 .text          0x000173c4       0x14 c:/altera/13.0sp1/nios2eds/bin/gnu/h-i686-mingw32/bin/../lib/gcc/nios2-elf/4.1.2/../../../../nios2-elf/lib\libc.a(lib_a-atexit.o)
                0x000173c4                atexit
 .text          0x000173d8        0x0 c:/altera/13.0sp1/nios2eds/bin/gnu/h-i686-mingw32/bin/../lib/gcc/nios2-elf/4.1.2/../../../../nios2-elf/lib\libc.a(lib_a-ctype_.o)
 .text          0x000173d8       0x38 c:/altera/13.0sp1/nios2eds/bin/gnu/h-i686-mingw32/bin/../lib/gcc/nios2-elf/4.1.2/../../../../nios2-elf/lib\libc.a(lib_a-exit.o)
                0x000173d8                exit
 .text          0x00017410       0x8c c:/altera/13.0sp1/nios2eds/bin/gnu/h-i686-mingw32/bin/../lib/gcc/nios2-elf/4.1.2/../../../../nios2-elf/lib\libc.a(lib_a-strcpy.o)
                0x00017410                strcpy
 .text          0x0001749c      0x134 c:/altera/13.0sp1/nios2eds/bin/gnu/h-i686-mingw32/bin/../lib/gcc/nios2-elf/4.1.2/../../../../nios2-elf/lib\libc.a(lib_a-__atexit.o)
                0x0001749c                __register_exitproc
 .text          0x000175d0      0x1b4 c:/altera/13.0sp1/nios2eds/bin/gnu/h-i686-mingw32/bin/../lib/gcc/nios2-elf/4.1.2/../../../../nios2-elf/lib\libc.a(lib_a-__call_atexit.o)
                0x000175d4                __call_exitprocs
 .text          0x00017784       0x60 ../Assignment_1_v2_bsp/\libhal_bsp.a(alt_exit.o)
                0x000177c4                _exit
 *(.gnu.warning.*)
 *(.fini)
                0x000177e4                PROVIDE (__etext, ABSOLUTE (.))
                0x000177e4                PROVIDE (_etext, ABSOLUTE (.))
                0x000177e4                PROVIDE (etext, ABSOLUTE (.))
 *(.eh_frame_hdr)
                0x000177e4                . = ALIGN (0x4)
                0x000177e4                PROVIDE (__preinit_array_start, ABSOLUTE (.))
 *(.preinit_array)
                0x000177e4                PROVIDE (__preinit_array_end, ABSOLUTE (.))
                0x000177e4                PROVIDE (__init_array_start, ABSOLUTE (.))
 *(.init_array)
                0x000177e4                PROVIDE (__init_array_end, ABSOLUTE (.))
                0x000177e4                PROVIDE (__fini_array_start, ABSOLUTE (.))
 *(.fini_array)
                0x000177e4                PROVIDE (__fini_array_end, ABSOLUTE (.))
 *(.eh_frame)
 *(.gcc_except_table)
 *(.dynamic)
                0x000177e4                PROVIDE (__CTOR_LIST__, ABSOLUTE (.))
 *(.ctors)
 *(SORT(.ctors.*))
 .ctors.65535   0x000177e4        0x4 c:/altera/13.0sp1/nios2eds/bin/gnu/h-i686-mingw32/bin/../lib/gcc/nios2-elf/4.1.2/../../../../nios2-elf/lib\libc.a(lib_a-__call_atexit.o)
                0x000177e8                PROVIDE (__CTOR_END__, ABSOLUTE (.))
                0x000177e8                PROVIDE (__DTOR_LIST__, ABSOLUTE (.))
 *(.dtors)
 *(SORT(.dtors.*))
                0x000177e8                PROVIDE (__DTOR_END__, ABSOLUTE (.))
 *(.jcr)
                0x000177e8                . = ALIGN (0x4)

.rodata         0x08000000      0x9c0
                0x08000000                PROVIDE (__ram_rodata_start, ABSOLUTE (.))
                0x08000000                . = ALIGN (0x4)
 *(.rodata .rodata.* .gnu.linkonce.r.*)
 .rodata        0x08000000       0x34 obj/default/freertos/port.o
 .rodata        0x08000034       0x1c obj/default/freertos/tasks.o
 .rodata        0x08000050        0x8 obj/default/freertos/timers.o
 .rodata        0x08000058       0xa0 obj/default/main.o
 .rodata        0x080000f8       0x10 c:/altera/13.0sp1/nios2eds/bin/gnu/h-i686-mingw32/bin/../lib/gcc/nios2-elf/4.1.2\libgcc.a(_thenan_sf.o)
                0x080000f8                __thenan_sf
 .rodata        0x08000108       0x14 c:/altera/13.0sp1/nios2eds/bin/gnu/h-i686-mingw32/bin/../lib/gcc/nios2-elf/4.1.2\libgcc.a(_thenan_df.o)
                0x08000108                __thenan_df
 .rodata        0x0800011c      0x100 c:/altera/13.0sp1/nios2eds/bin/gnu/h-i686-mingw32/bin/../lib/gcc/nios2-elf/4.1.2\libgcc.a(_clz.o)
                0x0800011c                __clz_tab
 .rodata.str1.4
                0x0800021c        0x2 c:/altera/13.0sp1/nios2eds/bin/gnu/h-i686-mingw32/bin/../lib/gcc/nios2-elf/4.1.2/../../../../nios2-elf/lib\libc.a(lib_a-puts.o)
                                  0x4 (size before relaxing)
 *fill*         0x0800021e        0x2 00
 .rodata.str1.4
                0x08000220       0x5e c:/altera/13.0sp1/nios2eds/bin/gnu/h-i686-mingw32/bin/../lib/gcc/nios2-elf/4.1.2/../../../../nios2-elf/lib\libc.a(lib_a-vfprintf.o)
                                 0x60 (size before relaxing)
 .rodata        0x0800027e       0x20 c:/altera/13.0sp1/nios2eds/bin/gnu/h-i686-mingw32/bin/../lib/gcc/nios2-elf/4.1.2/../../../../nios2-elf/lib\libc.a(lib_a-vfprintf.o)
 *fill*         0x0800029e        0x2 00
 .rodata.str1.4
                0x080002a0       0x10 c:/altera/13.0sp1/nios2eds/bin/gnu/h-i686-mingw32/bin/../lib/gcc/nios2-elf/4.1.2/../../../../nios2-elf/lib\libc.a(lib_a-dtoa.o)
                                 0x14 (size before relaxing)
 .rodata.str1.4
                0x080002b0        0x2 c:/altera/13.0sp1/nios2eds/bin/gnu/h-i686-mingw32/bin/../lib/gcc/nios2-elf/4.1.2/../../../../nios2-elf/lib\libc.a(lib_a-impure.o)
                                  0x4 (size before relaxing)
 *fill*         0x080002b2        0x2 00
 .rodata.str1.4
                0x080002b4       0x10 c:/altera/13.0sp1/nios2eds/bin/gnu/h-i686-mingw32/bin/../lib/gcc/nios2-elf/4.1.2/../../../../nios2-elf/lib\libc.a(lib_a-locale.o)
                                 0x18 (size before relaxing)
 .rodata        0x080002c4       0x30 c:/altera/13.0sp1/nios2eds/bin/gnu/h-i686-mingw32/bin/../lib/gcc/nios2-elf/4.1.2/../../../../nios2-elf/lib\libc.a(lib_a-locale.o)
 .rodata        0x080002f4      0x124 c:/altera/13.0sp1/nios2eds/bin/gnu/h-i686-mingw32/bin/../lib/gcc/nios2-elf/4.1.2/../../../../nios2-elf/lib\libc.a(lib_a-mprec.o)
                0x080002f4                __mprec_tens
                0x080003bc                __mprec_bigtens
                0x080003e4                __mprec_tinytens
 .rodata        0x08000418        0xc ../Assignment_1_v2_bsp/\libhal_bsp.a(alt_dev.o)
 .rodata        0x08000424       0x10 ../Assignment_1_v2_bsp/\libhal_bsp.a(alt_main.o)
 .rodata        0x08000434       0xb0 ../Assignment_1_v2_bsp/\libhal_bsp.a(alt_sys_init.o)
 .rodata        0x080004e4       0x1c ../Assignment_1_v2_bsp/\libhal_bsp.a(altera_up_avalon_video_character_buffer_with_dma.o)
 .rodata        0x08000500      0x23c ../Assignment_1_v2_bsp/\libhal_bsp.a(altera_up_ps2_keyboard.o)
 .rodata        0x0800073c      0x281 c:/altera/13.0sp1/nios2eds/bin/gnu/h-i686-mingw32/bin/../lib/gcc/nios2-elf/4.1.2/../../../../nios2-elf/lib\libc.a(lib_a-ctype_.o)
                0x0800073c                _ctype_
 *(.rodata1)
                0x080009c0                . = ALIGN (0x4)
 *fill*         0x080009bd        0x3 00
                0x080009c0                PROVIDE (__ram_rodata_end, ABSOLUTE (.))
                0x08000000                PROVIDE (__flash_rodata_start, LOADADDR (.rodata))

.rwdata         0x080009c0     0x20e0
                0x080009c0                PROVIDE (__ram_rwdata_start, ABSOLUTE (.))
                0x080009c0                . = ALIGN (0x4)
 *(.got.plt)
 *(.got)
 *(.data1)
 *(.data .data.* .gnu.linkonce.d.*)
 .data          0x080009c0        0x0 ../Assignment_1_v2_bsp//obj/HAL/src/crt0.o
 .data          0x080009c0        0x0 obj/default/freertos/croutine.o
 .data          0x080009c0        0x0 obj/default/freertos/event_groups.o
 .data          0x080009c0        0x0 obj/default/freertos/heap.o
 .data          0x080009c0        0x0 obj/default/freertos/list.o
 .data          0x080009c0        0x0 obj/default/freertos/port.o
 .data          0x080009c0        0x0 obj/default/freertos/queue.o
 .data          0x080009c0        0x0 obj/default/freertos/tasks.o
 .data          0x080009c0        0x0 obj/default/freertos/timers.o
 .data          0x080009c0        0x0 obj/default/main.o
 .data          0x080009c0        0x0 obj/default/freertos/port_asm.o
 .data          0x080009c0        0x0 c:/altera/13.0sp1/nios2eds/bin/gnu/h-i686-mingw32/bin/../lib/gcc/nios2-elf/4.1.2\libgcc.a(_addsub_sf.o)
 .data          0x080009c0        0x0 c:/altera/13.0sp1/nios2eds/bin/gnu/h-i686-mingw32/bin/../lib/gcc/nios2-elf/4.1.2\libgcc.a(_gt_sf.o)
 .data          0x080009c0        0x0 c:/altera/13.0sp1/nios2eds/bin/gnu/h-i686-mingw32/bin/../lib/gcc/nios2-elf/4.1.2\libgcc.a(_lt_sf.o)
 .data          0x080009c0        0x0 c:/altera/13.0sp1/nios2eds/bin/gnu/h-i686-mingw32/bin/../lib/gcc/nios2-elf/4.1.2\libgcc.a(_si_to_sf.o)
 .data          0x080009c0        0x0 c:/altera/13.0sp1/nios2eds/bin/gnu/h-i686-mingw32/bin/../lib/gcc/nios2-elf/4.1.2\libgcc.a(_sf_to_df.o)
 .data          0x080009c0        0x0 c:/altera/13.0sp1/nios2eds/bin/gnu/h-i686-mingw32/bin/../lib/gcc/nios2-elf/4.1.2\libgcc.a(_thenan_sf.o)
 .data          0x080009c0        0x0 c:/altera/13.0sp1/nios2eds/bin/gnu/h-i686-mingw32/bin/../lib/gcc/nios2-elf/4.1.2\libgcc.a(_addsub_df.o)
 .data          0x080009c0        0x0 c:/altera/13.0sp1/nios2eds/bin/gnu/h-i686-mingw32/bin/../lib/gcc/nios2-elf/4.1.2\libgcc.a(_mul_df.o)
 .data          0x080009c0        0x0 c:/altera/13.0sp1/nios2eds/bin/gnu/h-i686-mingw32/bin/../lib/gcc/nios2-elf/4.1.2\libgcc.a(_div_df.o)
 .data          0x080009c0        0x0 c:/altera/13.0sp1/nios2eds/bin/gnu/h-i686-mingw32/bin/../lib/gcc/nios2-elf/4.1.2\libgcc.a(_si_to_df.o)
 .data          0x080009c0        0x0 c:/altera/13.0sp1/nios2eds/bin/gnu/h-i686-mingw32/bin/../lib/gcc/nios2-elf/4.1.2\libgcc.a(_make_df.o)
 .data          0x080009c0        0x0 c:/altera/13.0sp1/nios2eds/bin/gnu/h-i686-mingw32/bin/../lib/gcc/nios2-elf/4.1.2\libgcc.a(_df_to_sf.o)
 .data          0x080009c0        0x0 c:/altera/13.0sp1/nios2eds/bin/gnu/h-i686-mingw32/bin/../lib/gcc/nios2-elf/4.1.2\libgcc.a(_thenan_df.o)
 .data          0x080009c0        0x0 c:/altera/13.0sp1/nios2eds/bin/gnu/h-i686-mingw32/bin/../lib/gcc/nios2-elf/4.1.2\libgcc.a(_muldi3.o)
 .data          0x080009c0        0x0 c:/altera/13.0sp1/nios2eds/bin/gnu/h-i686-mingw32/bin/../lib/gcc/nios2-elf/4.1.2\libgcc.a(_clzsi2.o)
 .data          0x080009c0        0x0 c:/altera/13.0sp1/nios2eds/bin/gnu/h-i686-mingw32/bin/../lib/gcc/nios2-elf/4.1.2\libgcc.a(_pack_sf.o)
 .data          0x080009c0        0x0 c:/altera/13.0sp1/nios2eds/bin/gnu/h-i686-mingw32/bin/../lib/gcc/nios2-elf/4.1.2\libgcc.a(_unpack_sf.o)
 .data          0x080009c0        0x0 c:/altera/13.0sp1/nios2eds/bin/gnu/h-i686-mingw32/bin/../lib/gcc/nios2-elf/4.1.2\libgcc.a(_fpcmp_parts_sf.o)
 .data          0x080009c0        0x0 c:/altera/13.0sp1/nios2eds/bin/gnu/h-i686-mingw32/bin/../lib/gcc/nios2-elf/4.1.2\libgcc.a(_make_sf.o)
 .data          0x080009c0        0x0 c:/altera/13.0sp1/nios2eds/bin/gnu/h-i686-mingw32/bin/../lib/gcc/nios2-elf/4.1.2\libgcc.a(_pack_df.o)
 .data          0x080009c0        0x0 c:/altera/13.0sp1/nios2eds/bin/gnu/h-i686-mingw32/bin/../lib/gcc/nios2-elf/4.1.2\libgcc.a(_unpack_df.o)
 .data          0x080009c0        0x0 c:/altera/13.0sp1/nios2eds/bin/gnu/h-i686-mingw32/bin/../lib/gcc/nios2-elf/4.1.2\libgcc.a(_clz.o)
 .data          0x080009c0        0x0 c:/altera/13.0sp1/nios2eds/bin/gnu/h-i686-mingw32/bin/../lib/gcc/nios2-elf/4.1.2/../../../../nios2-elf/lib\libc.a(lib_a-memcmp.o)
 .data          0x080009c0        0x0 c:/altera/13.0sp1/nios2eds/bin/gnu/h-i686-mingw32/bin/../lib/gcc/nios2-elf/4.1.2/../../../../nios2-elf/lib\libc.a(lib_a-memcpy.o)
 .data          0x080009c0        0x0 c:/altera/13.0sp1/nios2eds/bin/gnu/h-i686-mingw32/bin/../lib/gcc/nios2-elf/4.1.2/../../../../nios2-elf/lib\libc.a(lib_a-memset.o)
 .data          0x080009c0        0x0 c:/altera/13.0sp1/nios2eds/bin/gnu/h-i686-mingw32/bin/../lib/gcc/nios2-elf/4.1.2/../../../../nios2-elf/lib\libc.a(lib_a-printf.o)
 .data          0x080009c0        0x0 c:/altera/13.0sp1/nios2eds/bin/gnu/h-i686-mingw32/bin/../lib/gcc/nios2-elf/4.1.2/../../../../nios2-elf/lib\libc.a(lib_a-puts.o)
 .data          0x080009c0        0x0 c:/altera/13.0sp1/nios2eds/bin/gnu/h-i686-mingw32/bin/../lib/gcc/nios2-elf/4.1.2/../../../../nios2-elf/lib\libc.a(lib_a-strlen.o)
 .data          0x080009c0        0x0 c:/altera/13.0sp1/nios2eds/bin/gnu/h-i686-mingw32/bin/../lib/gcc/nios2-elf/4.1.2/../../../../nios2-elf/lib\libc.a(lib_a-vfprintf.o)
 .data          0x080009c0        0x0 c:/altera/13.0sp1/nios2eds/bin/gnu/h-i686-mingw32/bin/../lib/gcc/nios2-elf/4.1.2/../../../../nios2-elf/lib\libc.a(lib_a-wsetup.o)
 .data          0x080009c0        0x0 c:/altera/13.0sp1/nios2eds/bin/gnu/h-i686-mingw32/bin/../lib/gcc/nios2-elf/4.1.2/../../../../nios2-elf/lib\libc.a(lib_a-dtoa.o)
 .data          0x080009c0        0x0 c:/altera/13.0sp1/nios2eds/bin/gnu/h-i686-mingw32/bin/../lib/gcc/nios2-elf/4.1.2/../../../../nios2-elf/lib\libc.a(lib_a-fflush.o)
 .data          0x080009c0        0x0 c:/altera/13.0sp1/nios2eds/bin/gnu/h-i686-mingw32/bin/../lib/gcc/nios2-elf/4.1.2/../../../../nios2-elf/lib\libc.a(lib_a-findfp.o)
 .data          0x080009c0        0x0 c:/altera/13.0sp1/nios2eds/bin/gnu/h-i686-mingw32/bin/../lib/gcc/nios2-elf/4.1.2/../../../../nios2-elf/lib\libc.a(lib_a-freer.o)
 .data          0x080009c0        0x0 c:/altera/13.0sp1/nios2eds/bin/gnu/h-i686-mingw32/bin/../lib/gcc/nios2-elf/4.1.2/../../../../nios2-elf/lib\libc.a(lib_a-fvwrite.o)
 .data          0x080009c0        0x0 c:/altera/13.0sp1/nios2eds/bin/gnu/h-i686-mingw32/bin/../lib/gcc/nios2-elf/4.1.2/../../../../nios2-elf/lib\libc.a(lib_a-fwalk.o)
 .data          0x080009c0      0x400 c:/altera/13.0sp1/nios2eds/bin/gnu/h-i686-mingw32/bin/../lib/gcc/nios2-elf/4.1.2/../../../../nios2-elf/lib\libc.a(lib_a-impure.o)
 .data          0x08000dc0        0xc c:/altera/13.0sp1/nios2eds/bin/gnu/h-i686-mingw32/bin/../lib/gcc/nios2-elf/4.1.2/../../../../nios2-elf/lib\libc.a(lib_a-locale.o)
                0x08000dc0                __lc_ctype
 .data          0x08000dcc        0x0 c:/altera/13.0sp1/nios2eds/bin/gnu/h-i686-mingw32/bin/../lib/gcc/nios2-elf/4.1.2/../../../../nios2-elf/lib\libc.a(lib_a-makebuf.o)
 .data          0x08000dcc      0x408 c:/altera/13.0sp1/nios2eds/bin/gnu/h-i686-mingw32/bin/../lib/gcc/nios2-elf/4.1.2/../../../../nios2-elf/lib\libc.a(lib_a-mallocr.o)
                0x08000dcc                __malloc_av_
 .data          0x080011d4        0x0 c:/altera/13.0sp1/nios2eds/bin/gnu/h-i686-mingw32/bin/../lib/gcc/nios2-elf/4.1.2/../../../../nios2-elf/lib\libc.a(lib_a-memchr.o)
 .data          0x080011d4        0x0 c:/altera/13.0sp1/nios2eds/bin/gnu/h-i686-mingw32/bin/../lib/gcc/nios2-elf/4.1.2/../../../../nios2-elf/lib\libc.a(lib_a-memmove.o)
 .data          0x080011d4        0x0 c:/altera/13.0sp1/nios2eds/bin/gnu/h-i686-mingw32/bin/../lib/gcc/nios2-elf/4.1.2/../../../../nios2-elf/lib\libc.a(lib_a-mprec.o)
 .data          0x080011d4        0x0 c:/altera/13.0sp1/nios2eds/bin/gnu/h-i686-mingw32/bin/../lib/gcc/nios2-elf/4.1.2/../../../../nios2-elf/lib\libc.a(lib_a-reallocr.o)
 .data          0x080011d4        0x0 c:/altera/13.0sp1/nios2eds/bin/gnu/h-i686-mingw32/bin/../lib/gcc/nios2-elf/4.1.2/../../../../nios2-elf/lib\libc.a(lib_a-s_isinfd.o)
 .data          0x080011d4        0x0 c:/altera/13.0sp1/nios2eds/bin/gnu/h-i686-mingw32/bin/../lib/gcc/nios2-elf/4.1.2/../../../../nios2-elf/lib\libc.a(lib_a-s_isnand.o)
 .data          0x080011d4        0x0 c:/altera/13.0sp1/nios2eds/bin/gnu/h-i686-mingw32/bin/../lib/gcc/nios2-elf/4.1.2/../../../../nios2-elf/lib\libc.a(lib_a-sbrkr.o)
 .data          0x080011d4        0x0 c:/altera/13.0sp1/nios2eds/bin/gnu/h-i686-mingw32/bin/../lib/gcc/nios2-elf/4.1.2/../../../../nios2-elf/lib\libc.a(lib_a-stdio.o)
 .data          0x080011d4        0x0 c:/altera/13.0sp1/nios2eds/bin/gnu/h-i686-mingw32/bin/../lib/gcc/nios2-elf/4.1.2/../../../../nios2-elf/lib\libc.a(lib_a-strcmp.o)
 .data          0x080011d4        0x0 c:/altera/13.0sp1/nios2eds/bin/gnu/h-i686-mingw32/bin/../lib/gcc/nios2-elf/4.1.2/../../../../nios2-elf/lib\libc.a(lib_a-writer.o)
 .data          0x080011d4        0x0 c:/altera/13.0sp1/nios2eds/bin/gnu/h-i686-mingw32/bin/../lib/gcc/nios2-elf/4.1.2/../../../../nios2-elf/lib\libc.a(lib_a-callocr.o)
 .data          0x080011d4        0x0 c:/altera/13.0sp1/nios2eds/bin/gnu/h-i686-mingw32/bin/../lib/gcc/nios2-elf/4.1.2/../../../../nios2-elf/lib\libc.a(lib_a-closer.o)
 .data          0x080011d4        0x0 c:/altera/13.0sp1/nios2eds/bin/gnu/h-i686-mingw32/bin/../lib/gcc/nios2-elf/4.1.2/../../../../nios2-elf/lib\libc.a(lib_a-fclose.o)
 .data          0x080011d4        0x0 c:/altera/13.0sp1/nios2eds/bin/gnu/h-i686-mingw32/bin/../lib/gcc/nios2-elf/4.1.2/../../../../nios2-elf/lib\libc.a(lib_a-fstatr.o)
 .data          0x080011d4        0x0 c:/altera/13.0sp1/nios2eds/bin/gnu/h-i686-mingw32/bin/../lib/gcc/nios2-elf/4.1.2/../../../../nios2-elf/lib\libc.a(lib_a-int_errno.o)
 .data          0x080011d4        0x0 c:/altera/13.0sp1/nios2eds/bin/gnu/h-i686-mingw32/bin/../lib/gcc/nios2-elf/4.1.2/../../../../nios2-elf/lib\libc.a(lib_a-isattyr.o)
 .data          0x080011d4        0x0 c:/altera/13.0sp1/nios2eds/bin/gnu/h-i686-mingw32/bin/../lib/gcc/nios2-elf/4.1.2/../../../../nios2-elf/lib\libc.a(lib_a-lseekr.o)
 .data          0x080011d4        0x0 c:/altera/13.0sp1/nios2eds/bin/gnu/h-i686-mingw32/bin/../lib/gcc/nios2-elf/4.1.2/../../../../nios2-elf/lib\libc.a(lib_a-readr.o)
 .data          0x080011d4        0x0 c:/altera/13.0sp1/nios2eds/bin/gnu/h-i686-mingw32/bin/../lib/gcc/nios2-elf/4.1.2\libgcc.a(_udivdi3.o)
 .data          0x080011d4        0x0 c:/altera/13.0sp1/nios2eds/bin/gnu/h-i686-mingw32/bin/../lib/gcc/nios2-elf/4.1.2\libgcc.a(_umoddi3.o)
 .data          0x080011d4        0x0 c:/altera/13.0sp1/nios2eds/bin/gnu/h-i686-mingw32/bin/../lib/gcc/nios2-elf/4.1.2\libgcc.a(_eq_df.o)
 .data          0x080011d4        0x0 c:/altera/13.0sp1/nios2eds/bin/gnu/h-i686-mingw32/bin/../lib/gcc/nios2-elf/4.1.2\libgcc.a(_ne_df.o)
 .data          0x080011d4        0x0 c:/altera/13.0sp1/nios2eds/bin/gnu/h-i686-mingw32/bin/../lib/gcc/nios2-elf/4.1.2\libgcc.a(_gt_df.o)
 .data          0x080011d4        0x0 c:/altera/13.0sp1/nios2eds/bin/gnu/h-i686-mingw32/bin/../lib/gcc/nios2-elf/4.1.2\libgcc.a(_ge_df.o)
 .data          0x080011d4        0x0 c:/altera/13.0sp1/nios2eds/bin/gnu/h-i686-mingw32/bin/../lib/gcc/nios2-elf/4.1.2\libgcc.a(_lt_df.o)
 .data          0x080011d4        0x0 c:/altera/13.0sp1/nios2eds/bin/gnu/h-i686-mingw32/bin/../lib/gcc/nios2-elf/4.1.2\libgcc.a(_df_to_si.o)
 .data          0x080011d4        0x0 c:/altera/13.0sp1/nios2eds/bin/gnu/h-i686-mingw32/bin/../lib/gcc/nios2-elf/4.1.2\libgcc.a(_usi_to_df.o)
 .data          0x080011d4        0x0 c:/altera/13.0sp1/nios2eds/bin/gnu/h-i686-mingw32/bin/../lib/gcc/nios2-elf/4.1.2\libgcc.a(lib2-divmod.o)
 .data          0x080011d4        0x0 c:/altera/13.0sp1/nios2eds/bin/gnu/h-i686-mingw32/bin/../lib/gcc/nios2-elf/4.1.2\libgcc.a(_fpcmp_parts_df.o)
 .data          0x080011d4        0x0 ../Assignment_1_v2_bsp/\libhal_bsp.a(alt_close.o)
 .data          0x080011d4      0x1a8 ../Assignment_1_v2_bsp/\libhal_bsp.a(alt_dev.o)
                0x080011d4                alt_dev_null
                0x080011fc                alt_fd_list
 .data          0x0800137c        0x0 ../Assignment_1_v2_bsp/\libhal_bsp.a(alt_errno.o)
 .data          0x0800137c        0x0 ../Assignment_1_v2_bsp/\libhal_bsp.a(alt_fstat.o)
 .data          0x0800137c        0x0 ../Assignment_1_v2_bsp/\libhal_bsp.a(alt_irq_handler.o)
 .data          0x0800137c        0x0 ../Assignment_1_v2_bsp/\libhal_bsp.a(alt_irq_vars.o)
 .data          0x0800137c        0x0 ../Assignment_1_v2_bsp/\libhal_bsp.a(alt_isatty.o)
 .data          0x0800137c        0x0 ../Assignment_1_v2_bsp/\libhal_bsp.a(alt_lseek.o)
 .data          0x0800137c        0x0 ../Assignment_1_v2_bsp/\libhal_bsp.a(alt_main.o)
 .data          0x0800137c        0x0 ../Assignment_1_v2_bsp/\libhal_bsp.a(alt_malloc_lock.o)
 .data          0x0800137c        0x0 ../Assignment_1_v2_bsp/\libhal_bsp.a(alt_read.o)
 .data          0x0800137c        0x0 ../Assignment_1_v2_bsp/\libhal_bsp.a(alt_release_fd.o)
 .data          0x0800137c        0x0 ../Assignment_1_v2_bsp/\libhal_bsp.a(alt_sbrk.o)
 .data          0x0800137c        0x0 ../Assignment_1_v2_bsp/\libhal_bsp.a(alt_write.o)
 .data          0x0800137c     0x13f0 ../Assignment_1_v2_bsp/\libhal_bsp.a(alt_sys_init.o)
 .data          0x0800276c        0x0 ../Assignment_1_v2_bsp/\libhal_bsp.a(altera_avalon_cfi_flash.o)
 .data          0x0800276c        0x0 ../Assignment_1_v2_bsp/\libhal_bsp.a(altera_avalon_cfi_flash_table.o)
 .data          0x0800276c        0x0 ../Assignment_1_v2_bsp/\libhal_bsp.a(altera_avalon_jtag_uart_fd.o)
 .data          0x0800276c        0x0 ../Assignment_1_v2_bsp/\libhal_bsp.a(altera_avalon_jtag_uart_init.o)
 .data          0x0800276c        0x0 ../Assignment_1_v2_bsp/\libhal_bsp.a(altera_avalon_jtag_uart_ioctl.o)
 .data          0x0800276c        0x0 ../Assignment_1_v2_bsp/\libhal_bsp.a(altera_avalon_jtag_uart_read.o)
 .data          0x0800276c        0x0 ../Assignment_1_v2_bsp/\libhal_bsp.a(altera_avalon_jtag_uart_write.o)
 .data          0x0800276c        0x0 ../Assignment_1_v2_bsp/\libhal_bsp.a(altera_avalon_lcd_16207.o)
 .data          0x0800276c        0x0 ../Assignment_1_v2_bsp/\libhal_bsp.a(altera_avalon_lcd_16207_fd.o)
 .data          0x0800276c        0x0 ../Assignment_1_v2_bsp/\libhal_bsp.a(altera_avalon_timer_sc.o)
 .data          0x0800276c        0x0 ../Assignment_1_v2_bsp/\libhal_bsp.a(altera_avalon_uart_fd.o)
 .data          0x0800276c        0x0 ../Assignment_1_v2_bsp/\libhal_bsp.a(altera_avalon_uart_init.o)
 .data          0x0800276c        0x0 ../Assignment_1_v2_bsp/\libhal_bsp.a(altera_avalon_uart_read.o)
 .data          0x0800276c        0x0 ../Assignment_1_v2_bsp/\libhal_bsp.a(altera_avalon_uart_write.o)
 .data          0x0800276c        0x0 ../Assignment_1_v2_bsp/\libhal_bsp.a(altera_up_avalon_ps2.o)
 .data          0x0800276c        0x0 ../Assignment_1_v2_bsp/\libhal_bsp.a(altera_up_avalon_video_character_buffer_with_dma.o)
 .data          0x0800276c      0x2cc ../Assignment_1_v2_bsp/\libhal_bsp.a(altera_up_ps2_keyboard.o)
                0x0800276c                key_table
                0x08002904                ascii_codes
                0x0800296a                single_byte_make_code
                0x080029d0                multi_byte_make_code
 .data          0x08002a38        0x0 ../Assignment_1_v2_bsp/\libhal_bsp.a(alt_alarm_start.o)
 .data          0x08002a38        0x0 ../Assignment_1_v2_bsp/\libhal_bsp.a(alt_dcache_flush.o)
 .data          0x08002a38        0x0 ../Assignment_1_v2_bsp/\libhal_bsp.a(alt_dev_llist_insert.o)
 .data          0x08002a38        0x0 ../Assignment_1_v2_bsp/\libhal_bsp.a(alt_do_ctors.o)
 .data          0x08002a38        0x0 ../Assignment_1_v2_bsp/\libhal_bsp.a(alt_do_dtors.o)
 .data          0x08002a38        0x0 ../Assignment_1_v2_bsp/\libhal_bsp.a(alt_find_dev.o)
 .data          0x08002a38        0x0 ../Assignment_1_v2_bsp/\libhal_bsp.a(alt_flash_dev.o)
 .data          0x08002a38        0x0 ../Assignment_1_v2_bsp/\libhal_bsp.a(alt_io_redirect.o)
 .data          0x08002a38        0x0 ../Assignment_1_v2_bsp/\libhal_bsp.a(alt_open.o)
 .data          0x08002a38        0x0 ../Assignment_1_v2_bsp/\libhal_bsp.a(alt_tick.o)
 .data          0x08002a38        0x0 ../Assignment_1_v2_bsp/\libhal_bsp.a(alt_usleep.o)
 .data          0x08002a38        0x0 ../Assignment_1_v2_bsp/\libhal_bsp.a(altera_nios2_qsys_irq.o)
 .data          0x08002a38        0x0 ../Assignment_1_v2_bsp/\libhal_bsp.a(altera_avalon_cfi_flash_amd.o)
 .data          0x08002a38        0x0 ../Assignment_1_v2_bsp/\libhal_bsp.a(altera_avalon_cfi_flash_intel.o)
 .data          0x08002a38        0x0 ../Assignment_1_v2_bsp/\libhal_bsp.a(alt_busy_sleep.o)
 .data          0x08002a38        0x0 ../Assignment_1_v2_bsp/\libhal_bsp.a(alt_find_file.o)
 .data          0x08002a38        0x0 ../Assignment_1_v2_bsp/\libhal_bsp.a(alt_get_fd.o)
 .data          0x08002a38        0x0 c:/altera/13.0sp1/nios2eds/bin/gnu/h-i686-mingw32/bin/../lib/gcc/nios2-elf/4.1.2/../../../../nios2-elf/lib\libc.a(lib_a-atexit.o)
 .data          0x08002a38        0x0 c:/altera/13.0sp1/nios2eds/bin/gnu/h-i686-mingw32/bin/../lib/gcc/nios2-elf/4.1.2/../../../../nios2-elf/lib\libc.a(lib_a-ctype_.o)
 .data          0x08002a38        0x0 c:/altera/13.0sp1/nios2eds/bin/gnu/h-i686-mingw32/bin/../lib/gcc/nios2-elf/4.1.2/../../../../nios2-elf/lib\libc.a(lib_a-exit.o)
 .data          0x08002a38        0x0 c:/altera/13.0sp1/nios2eds/bin/gnu/h-i686-mingw32/bin/../lib/gcc/nios2-elf/4.1.2/../../../../nios2-elf/lib\libc.a(lib_a-strcpy.o)
 .data          0x08002a38        0x0 c:/altera/13.0sp1/nios2eds/bin/gnu/h-i686-mingw32/bin/../lib/gcc/nios2-elf/4.1.2/../../../../nios2-elf/lib\libc.a(lib_a-__atexit.o)
 .data          0x08002a38        0x0 c:/altera/13.0sp1/nios2eds/bin/gnu/h-i686-mingw32/bin/../lib/gcc/nios2-elf/4.1.2/../../../../nios2-elf/lib\libc.a(lib_a-__call_atexit.o)
 .data          0x08002a38        0x0 ../Assignment_1_v2_bsp/\libhal_bsp.a(alt_exit.o)
                0x0800aa38                _gp = ABSOLUTE ((. + 0x8000))
                0x0800aa38                PROVIDE (gp, _gp)
 *(.rwdata .rwdata.*)
 *(.sdata .sdata.* .gnu.linkonce.s.*)
 .sdata         0x08002a38        0xc obj/default/freertos/heap.o
 .sdata         0x08002a44        0x4 obj/default/freertos/tasks.o
 .sdata         0x08002a48        0x8 obj/default/main.o
                0x08002a48                freqThreshold
                0x08002a4c                ROCThreshold
 .sdata         0x08002a50        0x8 c:/altera/13.0sp1/nios2eds/bin/gnu/h-i686-mingw32/bin/../lib/gcc/nios2-elf/4.1.2/../../../../nios2-elf/lib\libc.a(lib_a-impure.o)
                0x08002a50                _impure_ptr
                0x08002a54                _global_impure_ptr
 .sdata         0x08002a58        0x8 c:/altera/13.0sp1/nios2eds/bin/gnu/h-i686-mingw32/bin/../lib/gcc/nios2-elf/4.1.2/../../../../nios2-elf/lib\libc.a(lib_a-locale.o)
                0x08002a58                __mb_cur_max
 .sdata         0x08002a60        0x8 c:/altera/13.0sp1/nios2eds/bin/gnu/h-i686-mingw32/bin/../lib/gcc/nios2-elf/4.1.2/../../../../nios2-elf/lib\libc.a(lib_a-mallocr.o)
                0x08002a60                __malloc_trim_threshold
                0x08002a64                __malloc_sbrk_base
 .sdata         0x08002a68       0x14 ../Assignment_1_v2_bsp/\libhal_bsp.a(alt_dev.o)
                0x08002a68                alt_fs_list
                0x08002a70                alt_dev_list
                0x08002a78                alt_max_fd
 .sdata         0x08002a7c        0x4 ../Assignment_1_v2_bsp/\libhal_bsp.a(alt_errno.o)
                0x08002a7c                alt_errno
 .sdata         0x08002a80        0x4 ../Assignment_1_v2_bsp/\libhal_bsp.a(alt_irq_vars.o)
                0x08002a80                alt_priority_mask
 .sdata         0x08002a84        0x4 ../Assignment_1_v2_bsp/\libhal_bsp.a(alt_sbrk.o)
 .sdata         0x08002a88        0x4 ../Assignment_1_v2_bsp/\libhal_bsp.a(altera_avalon_lcd_16207.o)
 .sdata         0x08002a8c        0x8 ../Assignment_1_v2_bsp/\libhal_bsp.a(alt_flash_dev.o)
                0x08002a8c                alt_flash_dev_list
 .sdata         0x08002a94        0x8 ../Assignment_1_v2_bsp/\libhal_bsp.a(alt_tick.o)
                0x08002a94                alt_alarm_list
 .sdata         0x08002a9c        0x4 c:/altera/13.0sp1/nios2eds/bin/gnu/h-i686-mingw32/bin/../lib/gcc/nios2-elf/4.1.2/../../../../nios2-elf/lib\libc.a(lib_a-ctype_.o)
                0x08002a9c                __ctype_ptr
 *(.sdata2 .sdata2.* .gnu.linkonce.s2.*)
                0x08002aa0                . = ALIGN (0x4)
                0x08002aa0                _edata = ABSOLUTE (.)
                0x08002aa0                PROVIDE (edata, ABSOLUTE (.))
                0x08002aa0                PROVIDE (__ram_rwdata_end, ABSOLUTE (.))
                0x080009c0                PROVIDE (__flash_rwdata_start, LOADADDR (.rwdata))

.bss            0x08002aa0    0x7d704
                0x08002aa0                __bss_start = ABSOLUTE (.)
                0x08002aa0                PROVIDE (__sbss_start, ABSOLUTE (.))
                0x08002aa0                PROVIDE (___sbss_start, ABSOLUTE (.))
 *(.dynsbss)
 *(.sbss .sbss.* .gnu.linkonce.sb.*)
 .sbss          0x08002aa0       0x1c obj/default/freertos/croutine.o
                0x08002aa0                pxCurrentCoRoutine
 .sbss          0x08002abc        0xc obj/default/freertos/heap.o
 .sbss          0x08002ac8       0x34 obj/default/freertos/tasks.o
                0x08002ac8                pxCurrentTCB
 .sbss          0x08002afc       0x10 obj/default/freertos/timers.o
 .sbss          0x08002b0c        0xc obj/default/main.o
                0x08002b0c                freq_index
                0x08002b10                ps2_buffer_index
                0x08002b14                loadshedding
                0x08002b15                managementState
                0x08002b16                MaintenanceState
 .sbss          0x08002b18       0x1c obj/default/main.o
                0x08002b18                sys_status_flag
                0x08002b1c                management_flag
                0x08002b20                xHandle
                0x08002b24                Threshold_Input_Buffer
                0x08002b28                LoadQueue
                0x08002b2c                shared_resource_sem
                0x08002b30                frequencyQ
 .sbss          0x08002b34        0xc c:/altera/13.0sp1/nios2eds/bin/gnu/h-i686-mingw32/bin/../lib/gcc/nios2-elf/4.1.2/../../../../nios2-elf/lib\libc.a(lib_a-locale.o)
                0x08002b34                __nlocale_changed
                0x08002b38                __mlocale_changed
                0x08002b3c                _PathLocale
 .sbss          0x08002b40        0xc c:/altera/13.0sp1/nios2eds/bin/gnu/h-i686-mingw32/bin/../lib/gcc/nios2-elf/4.1.2/../../../../nios2-elf/lib\libc.a(lib_a-mallocr.o)
                0x08002b40                __malloc_top_pad
                0x08002b44                __malloc_max_sbrked_mem
                0x08002b48                __malloc_max_total_mem
 .sbss          0x08002b4c        0x4 c:/altera/13.0sp1/nios2eds/bin/gnu/h-i686-mingw32/bin/../lib/gcc/nios2-elf/4.1.2/../../../../nios2-elf/lib\libc.a(lib_a-int_errno.o)
                0x08002b4c                errno
 .sbss          0x08002b50        0x4 ../Assignment_1_v2_bsp/\libhal_bsp.a(alt_irq_vars.o)
                0x08002b50                alt_irq_active
 .sbss          0x08002b54        0xc ../Assignment_1_v2_bsp/\libhal_bsp.a(alt_main.o)
                0x08002b54                alt_argc
                0x08002b58                alt_argv
                0x08002b5c                alt_envp
 .sbss          0x08002b60        0x8 ../Assignment_1_v2_bsp/\libhal_bsp.a(alt_tick.o)
                0x08002b60                _alt_tick_rate
                0x08002b64                _alt_nticks
 *(.sbss2 .sbss2.* .gnu.linkonce.sb2.*)
 *(.scommon)
                0x08002b68                PROVIDE (__sbss_end, ABSOLUTE (.))
                0x08002b68                PROVIDE (___sbss_end, ABSOLUTE (.))
 *(.dynbss)
 *(.bss .bss.* .gnu.linkonce.b.*)
 .bss           0x08002b68        0x0 ../Assignment_1_v2_bsp//obj/HAL/src/crt0.o
 .bss           0x08002b68       0x64 obj/default/freertos/croutine.o
 .bss           0x08002bcc        0x0 obj/default/freertos/event_groups.o
 .bss           0x08002bcc    0x7d000 obj/default/freertos/heap.o
 .bss           0x0807fbcc        0x0 obj/default/freertos/list.o
 .bss           0x0807fbcc        0x0 obj/default/freertos/port.o
 .bss           0x0807fbcc        0x0 obj/default/freertos/queue.o
 .bss           0x0807fbcc      0x140 obj/default/freertos/tasks.o
 .bss           0x0807fd0c       0x28 obj/default/freertos/timers.o
 .bss           0x0807fd34      0x190 obj/default/main.o
                0x0807fd34                freqValues
                0x0807fdfc                freqROCValues
 .bss           0x0807fec4        0x0 obj/default/freertos/port_asm.o
 .bss           0x0807fec4        0x0 c:/altera/13.0sp1/nios2eds/bin/gnu/h-i686-mingw32/bin/../lib/gcc/nios2-elf/4.1.2\libgcc.a(_addsub_sf.o)
 .bss           0x0807fec4        0x0 c:/altera/13.0sp1/nios2eds/bin/gnu/h-i686-mingw32/bin/../lib/gcc/nios2-elf/4.1.2\libgcc.a(_gt_sf.o)
 .bss           0x0807fec4        0x0 c:/altera/13.0sp1/nios2eds/bin/gnu/h-i686-mingw32/bin/../lib/gcc/nios2-elf/4.1.2\libgcc.a(_lt_sf.o)
 .bss           0x0807fec4        0x0 c:/altera/13.0sp1/nios2eds/bin/gnu/h-i686-mingw32/bin/../lib/gcc/nios2-elf/4.1.2\libgcc.a(_si_to_sf.o)
 .bss           0x0807fec4        0x0 c:/altera/13.0sp1/nios2eds/bin/gnu/h-i686-mingw32/bin/../lib/gcc/nios2-elf/4.1.2\libgcc.a(_sf_to_df.o)
 .bss           0x0807fec4        0x0 c:/altera/13.0sp1/nios2eds/bin/gnu/h-i686-mingw32/bin/../lib/gcc/nios2-elf/4.1.2\libgcc.a(_thenan_sf.o)
 .bss           0x0807fec4        0x0 c:/altera/13.0sp1/nios2eds/bin/gnu/h-i686-mingw32/bin/../lib/gcc/nios2-elf/4.1.2\libgcc.a(_addsub_df.o)
 .bss           0x0807fec4        0x0 c:/altera/13.0sp1/nios2eds/bin/gnu/h-i686-mingw32/bin/../lib/gcc/nios2-elf/4.1.2\libgcc.a(_mul_df.o)
 .bss           0x0807fec4        0x0 c:/altera/13.0sp1/nios2eds/bin/gnu/h-i686-mingw32/bin/../lib/gcc/nios2-elf/4.1.2\libgcc.a(_div_df.o)
 .bss           0x0807fec4        0x0 c:/altera/13.0sp1/nios2eds/bin/gnu/h-i686-mingw32/bin/../lib/gcc/nios2-elf/4.1.2\libgcc.a(_si_to_df.o)
 .bss           0x0807fec4        0x0 c:/altera/13.0sp1/nios2eds/bin/gnu/h-i686-mingw32/bin/../lib/gcc/nios2-elf/4.1.2\libgcc.a(_make_df.o)
 .bss           0x0807fec4        0x0 c:/altera/13.0sp1/nios2eds/bin/gnu/h-i686-mingw32/bin/../lib/gcc/nios2-elf/4.1.2\libgcc.a(_df_to_sf.o)
 .bss           0x0807fec4        0x0 c:/altera/13.0sp1/nios2eds/bin/gnu/h-i686-mingw32/bin/../lib/gcc/nios2-elf/4.1.2\libgcc.a(_thenan_df.o)
 .bss           0x0807fec4        0x0 c:/altera/13.0sp1/nios2eds/bin/gnu/h-i686-mingw32/bin/../lib/gcc/nios2-elf/4.1.2\libgcc.a(_muldi3.o)
 .bss           0x0807fec4        0x0 c:/altera/13.0sp1/nios2eds/bin/gnu/h-i686-mingw32/bin/../lib/gcc/nios2-elf/4.1.2\libgcc.a(_clzsi2.o)
 .bss           0x0807fec4        0x0 c:/altera/13.0sp1/nios2eds/bin/gnu/h-i686-mingw32/bin/../lib/gcc/nios2-elf/4.1.2\libgcc.a(_pack_sf.o)
 .bss           0x0807fec4        0x0 c:/altera/13.0sp1/nios2eds/bin/gnu/h-i686-mingw32/bin/../lib/gcc/nios2-elf/4.1.2\libgcc.a(_unpack_sf.o)
 .bss           0x0807fec4        0x0 c:/altera/13.0sp1/nios2eds/bin/gnu/h-i686-mingw32/bin/../lib/gcc/nios2-elf/4.1.2\libgcc.a(_fpcmp_parts_sf.o)
 .bss           0x0807fec4        0x0 c:/altera/13.0sp1/nios2eds/bin/gnu/h-i686-mingw32/bin/../lib/gcc/nios2-elf/4.1.2\libgcc.a(_make_sf.o)
 .bss           0x0807fec4        0x0 c:/altera/13.0sp1/nios2eds/bin/gnu/h-i686-mingw32/bin/../lib/gcc/nios2-elf/4.1.2\libgcc.a(_pack_df.o)
 .bss           0x0807fec4        0x0 c:/altera/13.0sp1/nios2eds/bin/gnu/h-i686-mingw32/bin/../lib/gcc/nios2-elf/4.1.2\libgcc.a(_unpack_df.o)
 .bss           0x0807fec4        0x0 c:/altera/13.0sp1/nios2eds/bin/gnu/h-i686-mingw32/bin/../lib/gcc/nios2-elf/4.1.2\libgcc.a(_clz.o)
 .bss           0x0807fec4        0x0 c:/altera/13.0sp1/nios2eds/bin/gnu/h-i686-mingw32/bin/../lib/gcc/nios2-elf/4.1.2/../../../../nios2-elf/lib\libc.a(lib_a-memcmp.o)
 .bss           0x0807fec4        0x0 c:/altera/13.0sp1/nios2eds/bin/gnu/h-i686-mingw32/bin/../lib/gcc/nios2-elf/4.1.2/../../../../nios2-elf/lib\libc.a(lib_a-memcpy.o)
 .bss           0x0807fec4        0x0 c:/altera/13.0sp1/nios2eds/bin/gnu/h-i686-mingw32/bin/../lib/gcc/nios2-elf/4.1.2/../../../../nios2-elf/lib\libc.a(lib_a-memset.o)
 .bss           0x0807fec4        0x0 c:/altera/13.0sp1/nios2eds/bin/gnu/h-i686-mingw32/bin/../lib/gcc/nios2-elf/4.1.2/../../../../nios2-elf/lib\libc.a(lib_a-printf.o)
 .bss           0x0807fec4        0x0 c:/altera/13.0sp1/nios2eds/bin/gnu/h-i686-mingw32/bin/../lib/gcc/nios2-elf/4.1.2/../../../../nios2-elf/lib\libc.a(lib_a-puts.o)
 .bss           0x0807fec4        0x0 c:/altera/13.0sp1/nios2eds/bin/gnu/h-i686-mingw32/bin/../lib/gcc/nios2-elf/4.1.2/../../../../nios2-elf/lib\libc.a(lib_a-strlen.o)
 .bss           0x0807fec4        0x0 c:/altera/13.0sp1/nios2eds/bin/gnu/h-i686-mingw32/bin/../lib/gcc/nios2-elf/4.1.2/../../../../nios2-elf/lib\libc.a(lib_a-vfprintf.o)
 .bss           0x0807fec4        0x0 c:/altera/13.0sp1/nios2eds/bin/gnu/h-i686-mingw32/bin/../lib/gcc/nios2-elf/4.1.2/../../../../nios2-elf/lib\libc.a(lib_a-wsetup.o)
 .bss           0x0807fec4        0x0 c:/altera/13.0sp1/nios2eds/bin/gnu/h-i686-mingw32/bin/../lib/gcc/nios2-elf/4.1.2/../../../../nios2-elf/lib\libc.a(lib_a-dtoa.o)
 .bss           0x0807fec4        0x0 c:/altera/13.0sp1/nios2eds/bin/gnu/h-i686-mingw32/bin/../lib/gcc/nios2-elf/4.1.2/../../../../nios2-elf/lib\libc.a(lib_a-fflush.o)
 .bss           0x0807fec4        0x0 c:/altera/13.0sp1/nios2eds/bin/gnu/h-i686-mingw32/bin/../lib/gcc/nios2-elf/4.1.2/../../../../nios2-elf/lib\libc.a(lib_a-findfp.o)
 .bss           0x0807fec4        0x0 c:/altera/13.0sp1/nios2eds/bin/gnu/h-i686-mingw32/bin/../lib/gcc/nios2-elf/4.1.2/../../../../nios2-elf/lib\libc.a(lib_a-freer.o)
 .bss           0x0807fec4        0x0 c:/altera/13.0sp1/nios2eds/bin/gnu/h-i686-mingw32/bin/../lib/gcc/nios2-elf/4.1.2/../../../../nios2-elf/lib\libc.a(lib_a-fvwrite.o)
 .bss           0x0807fec4        0x0 c:/altera/13.0sp1/nios2eds/bin/gnu/h-i686-mingw32/bin/../lib/gcc/nios2-elf/4.1.2/../../../../nios2-elf/lib\libc.a(lib_a-fwalk.o)
 .bss           0x0807fec4        0x0 c:/altera/13.0sp1/nios2eds/bin/gnu/h-i686-mingw32/bin/../lib/gcc/nios2-elf/4.1.2/../../../../nios2-elf/lib\libc.a(lib_a-impure.o)
 .bss           0x0807fec4        0x0 c:/altera/13.0sp1/nios2eds/bin/gnu/h-i686-mingw32/bin/../lib/gcc/nios2-elf/4.1.2/../../../../nios2-elf/lib\libc.a(lib_a-locale.o)
 .bss           0x0807fec4        0x0 c:/altera/13.0sp1/nios2eds/bin/gnu/h-i686-mingw32/bin/../lib/gcc/nios2-elf/4.1.2/../../../../nios2-elf/lib\libc.a(lib_a-makebuf.o)
 .bss           0x0807fec4       0x28 c:/altera/13.0sp1/nios2eds/bin/gnu/h-i686-mingw32/bin/../lib/gcc/nios2-elf/4.1.2/../../../../nios2-elf/lib\libc.a(lib_a-mallocr.o)
                0x0807fec4                __malloc_current_mallinfo
 .bss           0x0807feec        0x0 c:/altera/13.0sp1/nios2eds/bin/gnu/h-i686-mingw32/bin/../lib/gcc/nios2-elf/4.1.2/../../../../nios2-elf/lib\libc.a(lib_a-memchr.o)
 .bss           0x0807feec        0x0 c:/altera/13.0sp1/nios2eds/bin/gnu/h-i686-mingw32/bin/../lib/gcc/nios2-elf/4.1.2/../../../../nios2-elf/lib\libc.a(lib_a-memmove.o)
 .bss           0x0807feec        0x0 c:/altera/13.0sp1/nios2eds/bin/gnu/h-i686-mingw32/bin/../lib/gcc/nios2-elf/4.1.2/../../../../nios2-elf/lib\libc.a(lib_a-mprec.o)
 .bss           0x0807feec        0x0 c:/altera/13.0sp1/nios2eds/bin/gnu/h-i686-mingw32/bin/../lib/gcc/nios2-elf/4.1.2/../../../../nios2-elf/lib\libc.a(lib_a-reallocr.o)
 .bss           0x0807feec        0x0 c:/altera/13.0sp1/nios2eds/bin/gnu/h-i686-mingw32/bin/../lib/gcc/nios2-elf/4.1.2/../../../../nios2-elf/lib\libc.a(lib_a-s_isinfd.o)
 .bss           0x0807feec        0x0 c:/altera/13.0sp1/nios2eds/bin/gnu/h-i686-mingw32/bin/../lib/gcc/nios2-elf/4.1.2/../../../../nios2-elf/lib\libc.a(lib_a-s_isnand.o)
 .bss           0x0807feec        0x0 c:/altera/13.0sp1/nios2eds/bin/gnu/h-i686-mingw32/bin/../lib/gcc/nios2-elf/4.1.2/../../../../nios2-elf/lib\libc.a(lib_a-sbrkr.o)
 .bss           0x0807feec        0x0 c:/altera/13.0sp1/nios2eds/bin/gnu/h-i686-mingw32/bin/../lib/gcc/nios2-elf/4.1.2/../../../../nios2-elf/lib\libc.a(lib_a-stdio.o)
 .bss           0x0807feec        0x0 c:/altera/13.0sp1/nios2eds/bin/gnu/h-i686-mingw32/bin/../lib/gcc/nios2-elf/4.1.2/../../../../nios2-elf/lib\libc.a(lib_a-strcmp.o)
 .bss           0x0807feec        0x0 c:/altera/13.0sp1/nios2eds/bin/gnu/h-i686-mingw32/bin/../lib/gcc/nios2-elf/4.1.2/../../../../nios2-elf/lib\libc.a(lib_a-writer.o)
 .bss           0x0807feec        0x0 c:/altera/13.0sp1/nios2eds/bin/gnu/h-i686-mingw32/bin/../lib/gcc/nios2-elf/4.1.2/../../../../nios2-elf/lib\libc.a(lib_a-callocr.o)
 .bss           0x0807feec        0x0 c:/altera/13.0sp1/nios2eds/bin/gnu/h-i686-mingw32/bin/../lib/gcc/nios2-elf/4.1.2/../../../../nios2-elf/lib\libc.a(lib_a-closer.o)
 .bss           0x0807feec        0x0 c:/altera/13.0sp1/nios2eds/bin/gnu/h-i686-mingw32/bin/../lib/gcc/nios2-elf/4.1.2/../../../../nios2-elf/lib\libc.a(lib_a-fclose.o)
 .bss           0x0807feec        0x0 c:/altera/13.0sp1/nios2eds/bin/gnu/h-i686-mingw32/bin/../lib/gcc/nios2-elf/4.1.2/../../../../nios2-elf/lib\libc.a(lib_a-fstatr.o)
 .bss           0x0807feec        0x0 c:/altera/13.0sp1/nios2eds/bin/gnu/h-i686-mingw32/bin/../lib/gcc/nios2-elf/4.1.2/../../../../nios2-elf/lib\libc.a(lib_a-int_errno.o)
 .bss           0x0807feec        0x0 c:/altera/13.0sp1/nios2eds/bin/gnu/h-i686-mingw32/bin/../lib/gcc/nios2-elf/4.1.2/../../../../nios2-elf/lib\libc.a(lib_a-isattyr.o)
 .bss           0x0807feec        0x0 c:/altera/13.0sp1/nios2eds/bin/gnu/h-i686-mingw32/bin/../lib/gcc/nios2-elf/4.1.2/../../../../nios2-elf/lib\libc.a(lib_a-lseekr.o)
 .bss           0x0807feec        0x0 c:/altera/13.0sp1/nios2eds/bin/gnu/h-i686-mingw32/bin/../lib/gcc/nios2-elf/4.1.2/../../../../nios2-elf/lib\libc.a(lib_a-readr.o)
 .bss           0x0807feec        0x0 c:/altera/13.0sp1/nios2eds/bin/gnu/h-i686-mingw32/bin/../lib/gcc/nios2-elf/4.1.2\libgcc.a(_udivdi3.o)
 .bss           0x0807feec        0x0 c:/altera/13.0sp1/nios2eds/bin/gnu/h-i686-mingw32/bin/../lib/gcc/nios2-elf/4.1.2\libgcc.a(_umoddi3.o)
 .bss           0x0807feec        0x0 c:/altera/13.0sp1/nios2eds/bin/gnu/h-i686-mingw32/bin/../lib/gcc/nios2-elf/4.1.2\libgcc.a(_eq_df.o)
 .bss           0x0807feec        0x0 c:/altera/13.0sp1/nios2eds/bin/gnu/h-i686-mingw32/bin/../lib/gcc/nios2-elf/4.1.2\libgcc.a(_ne_df.o)
 .bss           0x0807feec        0x0 c:/altera/13.0sp1/nios2eds/bin/gnu/h-i686-mingw32/bin/../lib/gcc/nios2-elf/4.1.2\libgcc.a(_gt_df.o)
 .bss           0x0807feec        0x0 c:/altera/13.0sp1/nios2eds/bin/gnu/h-i686-mingw32/bin/../lib/gcc/nios2-elf/4.1.2\libgcc.a(_ge_df.o)
 .bss           0x0807feec        0x0 c:/altera/13.0sp1/nios2eds/bin/gnu/h-i686-mingw32/bin/../lib/gcc/nios2-elf/4.1.2\libgcc.a(_lt_df.o)
 .bss           0x0807feec        0x0 c:/altera/13.0sp1/nios2eds/bin/gnu/h-i686-mingw32/bin/../lib/gcc/nios2-elf/4.1.2\libgcc.a(_df_to_si.o)
 .bss           0x0807feec        0x0 c:/altera/13.0sp1/nios2eds/bin/gnu/h-i686-mingw32/bin/../lib/gcc/nios2-elf/4.1.2\libgcc.a(_usi_to_df.o)
 .bss           0x0807feec        0x0 c:/altera/13.0sp1/nios2eds/bin/gnu/h-i686-mingw32/bin/../lib/gcc/nios2-elf/4.1.2\libgcc.a(lib2-divmod.o)
 .bss           0x0807feec        0x0 c:/altera/13.0sp1/nios2eds/bin/gnu/h-i686-mingw32/bin/../lib/gcc/nios2-elf/4.1.2\libgcc.a(_fpcmp_parts_df.o)
 .bss           0x0807feec        0x0 ../Assignment_1_v2_bsp/\libhal_bsp.a(alt_close.o)
 .bss           0x0807feec        0x0 ../Assignment_1_v2_bsp/\libhal_bsp.a(alt_dev.o)
 .bss           0x0807feec        0x0 ../Assignment_1_v2_bsp/\libhal_bsp.a(alt_errno.o)
 .bss           0x0807feec        0x0 ../Assignment_1_v2_bsp/\libhal_bsp.a(alt_fstat.o)
 .bss           0x0807feec        0x0 ../Assignment_1_v2_bsp/\libhal_bsp.a(alt_irq_handler.o)
 .bss           0x0807feec        0x0 ../Assignment_1_v2_bsp/\libhal_bsp.a(alt_irq_vars.o)
 .bss           0x0807feec        0x0 ../Assignment_1_v2_bsp/\libhal_bsp.a(alt_isatty.o)
 .bss           0x0807feec        0x0 ../Assignment_1_v2_bsp/\libhal_bsp.a(alt_lseek.o)
 .bss           0x0807feec        0x0 ../Assignment_1_v2_bsp/\libhal_bsp.a(alt_main.o)
 .bss           0x0807feec        0x0 ../Assignment_1_v2_bsp/\libhal_bsp.a(alt_malloc_lock.o)
 .bss           0x0807feec        0x0 ../Assignment_1_v2_bsp/\libhal_bsp.a(alt_read.o)
 .bss           0x0807feec        0x0 ../Assignment_1_v2_bsp/\libhal_bsp.a(alt_release_fd.o)
 .bss           0x0807feec        0x0 ../Assignment_1_v2_bsp/\libhal_bsp.a(alt_sbrk.o)
 .bss           0x0807feec        0x0 ../Assignment_1_v2_bsp/\libhal_bsp.a(alt_write.o)
 .bss           0x0807feec        0x0 ../Assignment_1_v2_bsp/\libhal_bsp.a(alt_sys_init.o)
 .bss           0x0807feec        0x0 ../Assignment_1_v2_bsp/\libhal_bsp.a(altera_avalon_cfi_flash.o)
 .bss           0x0807feec        0x0 ../Assignment_1_v2_bsp/\libhal_bsp.a(altera_avalon_cfi_flash_table.o)
 .bss           0x0807feec        0x0 ../Assignment_1_v2_bsp/\libhal_bsp.a(altera_avalon_jtag_uart_fd.o)
 .bss           0x0807feec        0x0 ../Assignment_1_v2_bsp/\libhal_bsp.a(altera_avalon_jtag_uart_init.o)
 .bss           0x0807feec        0x0 ../Assignment_1_v2_bsp/\libhal_bsp.a(altera_avalon_jtag_uart_ioctl.o)
 .bss           0x0807feec        0x0 ../Assignment_1_v2_bsp/\libhal_bsp.a(altera_avalon_jtag_uart_read.o)
 .bss           0x0807feec        0x0 ../Assignment_1_v2_bsp/\libhal_bsp.a(altera_avalon_jtag_uart_write.o)
 .bss           0x0807feec        0x0 ../Assignment_1_v2_bsp/\libhal_bsp.a(altera_avalon_lcd_16207.o)
 .bss           0x0807feec        0x0 ../Assignment_1_v2_bsp/\libhal_bsp.a(altera_avalon_lcd_16207_fd.o)
 .bss           0x0807feec        0x0 ../Assignment_1_v2_bsp/\libhal_bsp.a(altera_avalon_timer_sc.o)
 .bss           0x0807feec        0x0 ../Assignment_1_v2_bsp/\libhal_bsp.a(altera_avalon_uart_fd.o)
 .bss           0x0807feec        0x0 ../Assignment_1_v2_bsp/\libhal_bsp.a(altera_avalon_uart_init.o)
 .bss           0x0807feec        0x0 ../Assignment_1_v2_bsp/\libhal_bsp.a(altera_avalon_uart_read.o)
 .bss           0x0807feec        0x0 ../Assignment_1_v2_bsp/\libhal_bsp.a(altera_avalon_uart_write.o)
 .bss           0x0807feec        0x0 ../Assignment_1_v2_bsp/\libhal_bsp.a(altera_up_avalon_ps2.o)
 .bss           0x0807feec        0x0 ../Assignment_1_v2_bsp/\libhal_bsp.a(altera_up_avalon_video_character_buffer_with_dma.o)
 .bss           0x0807feec        0x0 ../Assignment_1_v2_bsp/\libhal_bsp.a(altera_up_ps2_keyboard.o)
 .bss           0x0807feec        0x0 ../Assignment_1_v2_bsp/\libhal_bsp.a(alt_alarm_start.o)
 .bss           0x0807feec        0x0 ../Assignment_1_v2_bsp/\libhal_bsp.a(alt_dcache_flush.o)
 .bss           0x0807feec        0x0 ../Assignment_1_v2_bsp/\libhal_bsp.a(alt_dev_llist_insert.o)
 .bss           0x0807feec        0x0 ../Assignment_1_v2_bsp/\libhal_bsp.a(alt_do_ctors.o)
 .bss           0x0807feec        0x0 ../Assignment_1_v2_bsp/\libhal_bsp.a(alt_do_dtors.o)
 .bss           0x0807feec        0x0 ../Assignment_1_v2_bsp/\libhal_bsp.a(alt_find_dev.o)
 .bss           0x0807feec        0x0 ../Assignment_1_v2_bsp/\libhal_bsp.a(alt_flash_dev.o)
 .bss           0x0807feec        0x0 ../Assignment_1_v2_bsp/\libhal_bsp.a(alt_io_redirect.o)
 .bss           0x0807feec        0x0 ../Assignment_1_v2_bsp/\libhal_bsp.a(alt_open.o)
 .bss           0x0807feec        0x0 ../Assignment_1_v2_bsp/\libhal_bsp.a(alt_tick.o)
 .bss           0x0807feec        0x0 ../Assignment_1_v2_bsp/\libhal_bsp.a(alt_usleep.o)
 .bss           0x0807feec        0x0 ../Assignment_1_v2_bsp/\libhal_bsp.a(altera_nios2_qsys_irq.o)
 .bss           0x0807feec        0x0 ../Assignment_1_v2_bsp/\libhal_bsp.a(altera_avalon_cfi_flash_amd.o)
 .bss           0x0807feec        0x0 ../Assignment_1_v2_bsp/\libhal_bsp.a(altera_avalon_cfi_flash_intel.o)
 .bss           0x0807feec        0x0 ../Assignment_1_v2_bsp/\libhal_bsp.a(alt_busy_sleep.o)
 .bss           0x0807feec        0x0 ../Assignment_1_v2_bsp/\libhal_bsp.a(alt_find_file.o)
 .bss           0x0807feec        0x0 ../Assignment_1_v2_bsp/\libhal_bsp.a(alt_get_fd.o)
 .bss           0x0807feec        0x0 c:/altera/13.0sp1/nios2eds/bin/gnu/h-i686-mingw32/bin/../lib/gcc/nios2-elf/4.1.2/../../../../nios2-elf/lib\libc.a(lib_a-atexit.o)
 .bss           0x0807feec        0x0 c:/altera/13.0sp1/nios2eds/bin/gnu/h-i686-mingw32/bin/../lib/gcc/nios2-elf/4.1.2/../../../../nios2-elf/lib\libc.a(lib_a-ctype_.o)
 .bss           0x0807feec        0x0 c:/altera/13.0sp1/nios2eds/bin/gnu/h-i686-mingw32/bin/../lib/gcc/nios2-elf/4.1.2/../../../../nios2-elf/lib\libc.a(lib_a-exit.o)
 .bss           0x0807feec        0x0 c:/altera/13.0sp1/nios2eds/bin/gnu/h-i686-mingw32/bin/../lib/gcc/nios2-elf/4.1.2/../../../../nios2-elf/lib\libc.a(lib_a-strcpy.o)
 .bss           0x0807feec        0x0 c:/altera/13.0sp1/nios2eds/bin/gnu/h-i686-mingw32/bin/../lib/gcc/nios2-elf/4.1.2/../../../../nios2-elf/lib\libc.a(lib_a-__atexit.o)
 .bss           0x0807feec        0x0 c:/altera/13.0sp1/nios2eds/bin/gnu/h-i686-mingw32/bin/../lib/gcc/nios2-elf/4.1.2/../../../../nios2-elf/lib\libc.a(lib_a-__call_atexit.o)
 .bss           0x0807feec        0x0 ../Assignment_1_v2_bsp/\libhal_bsp.a(alt_exit.o)
 *(COMMON)
 COMMON         0x0807feec       0x28 obj/default/main.o
                0x0807feec                LoadStatesUpdate
                0x0807ff00                LoadStates
 COMMON         0x0807ff14      0x100 ../Assignment_1_v2_bsp/\libhal_bsp.a(alt_irq_handler.o)
                0x0807ff14                alt_irq
 COMMON         0x08080014      0x190 c:/altera/13.0sp1/nios2eds/bin/gnu/h-i686-mingw32/bin/../lib/gcc/nios2-elf/4.1.2/../../../../nios2-elf/lib\libc.a(lib_a-atexit.o)
                0x08080014                _atexit0
                0x080801a4                . = ALIGN (0x4)
                0x080801a4                __bss_end = ABSOLUTE (.)

.onchip_memory  0x000177e8        0x0
                0x000177e8                PROVIDE (_alt_partition_onchip_memory_start, ABSOLUTE (.))
 *(.onchip_memory. onchip_memory.*)
                0x000177e8                . = ALIGN (0x4)
                0x000177e8                PROVIDE (_alt_partition_onchip_memory_end, ABSOLUTE (.))
                0x000177e8                PROVIDE (_alt_partition_onchip_memory_load_addr, LOADADDR (.onchip_memory))

.flash_controller
                0x01000020        0x0
                0x01000020                PROVIDE (_alt_partition_flash_controller_start, ABSOLUTE (.))
 *(.flash_controller. flash_controller.*)
                0x01000020                . = ALIGN (0x4)
                0x01000020                PROVIDE (_alt_partition_flash_controller_end, ABSOLUTE (.))
                0x01000020                PROVIDE (_alt_partition_flash_controller_load_addr, LOADADDR (.flash_controller))

.sdram          0x080801a4        0x0
                0x080801a4                PROVIDE (_alt_partition_sdram_start, ABSOLUTE (.))
 *(.sdram. sdram.*)
                0x080801a4                . = ALIGN (0x4)
                0x080801a4                PROVIDE (_alt_partition_sdram_end, ABSOLUTE (.))
                0x080801a4                _end = ABSOLUTE (.)
                0x080801a4                end = ABSOLUTE (.)
                0x080801a4                __alt_stack_base = ABSOLUTE (.)
                0x080801a4                PROVIDE (_alt_partition_sdram_load_addr, LOADADDR (.sdram))

.stab
 *(.stab)

.stabstr
 *(.stabstr)

.stab.excl
 *(.stab.excl)

.stab.exclstr
 *(.stab.exclstr)

.stab.index
 *(.stab.index)

.stab.indexstr
 *(.stab.indexstr)

.comment        0x00000000       0x26
 *(.comment)
 .comment       0x00000000       0x26 obj/default/freertos/croutine.o
                                 0x27 (size before relaxing)
 .comment       0x00000000       0x27 obj/default/freertos/event_groups.o
 .comment       0x00000000       0x27 obj/default/freertos/heap.o
 .comment       0x00000000       0x27 obj/default/freertos/list.o
 .comment       0x00000000       0x27 obj/default/freertos/port.o
 .comment       0x00000000       0x27 obj/default/freertos/queue.o
 .comment       0x00000000       0x27 obj/default/freertos/tasks.o
 .comment       0x00000000       0x27 obj/default/freertos/timers.o
 .comment       0x00000000       0x27 obj/default/main.o
 .comment       0x00000000       0x27 c:/altera/13.0sp1/nios2eds/bin/gnu/h-i686-mingw32/bin/../lib/gcc/nios2-elf/4.1.2\libgcc.a(_addsub_sf.o)
 .comment       0x00000000       0x27 c:/altera/13.0sp1/nios2eds/bin/gnu/h-i686-mingw32/bin/../lib/gcc/nios2-elf/4.1.2\libgcc.a(_gt_sf.o)
 .comment       0x00000000       0x27 c:/altera/13.0sp1/nios2eds/bin/gnu/h-i686-mingw32/bin/../lib/gcc/nios2-elf/4.1.2\libgcc.a(_lt_sf.o)
 .comment       0x00000000       0x27 c:/altera/13.0sp1/nios2eds/bin/gnu/h-i686-mingw32/bin/../lib/gcc/nios2-elf/4.1.2\libgcc.a(_si_to_sf.o)
 .comment       0x00000000       0x27 c:/altera/13.0sp1/nios2eds/bin/gnu/h-i686-mingw32/bin/../lib/gcc/nios2-elf/4.1.2\libgcc.a(_sf_to_df.o)
 .comment       0x00000000       0x27 c:/altera/13.0sp1/nios2eds/bin/gnu/h-i686-mingw32/bin/../lib/gcc/nios2-elf/4.1.2\libgcc.a(_thenan_sf.o)
 .comment       0x00000000       0x27 c:/altera/13.0sp1/nios2eds/bin/gnu/h-i686-mingw32/bin/../lib/gcc/nios2-elf/4.1.2\libgcc.a(_addsub_df.o)
 .comment       0x00000000       0x27 c:/altera/13.0sp1/nios2eds/bin/gnu/h-i686-mingw32/bin/../lib/gcc/nios2-elf/4.1.2\libgcc.a(_mul_df.o)
 .comment       0x00000000       0x27 c:/altera/13.0sp1/nios2eds/bin/gnu/h-i686-mingw32/bin/../lib/gcc/nios2-elf/4.1.2\libgcc.a(_div_df.o)
 .comment       0x00000000       0x27 c:/altera/13.0sp1/nios2eds/bin/gnu/h-i686-mingw32/bin/../lib/gcc/nios2-elf/4.1.2\libgcc.a(_si_to_df.o)
 .comment       0x00000000       0x27 c:/altera/13.0sp1/nios2eds/bin/gnu/h-i686-mingw32/bin/../lib/gcc/nios2-elf/4.1.2\libgcc.a(_make_df.o)
 .comment       0x00000000       0x27 c:/altera/13.0sp1/nios2eds/bin/gnu/h-i686-mingw32/bin/../lib/gcc/nios2-elf/4.1.2\libgcc.a(_df_to_sf.o)
 .comment       0x00000000       0x27 c:/altera/13.0sp1/nios2eds/bin/gnu/h-i686-mingw32/bin/../lib/gcc/nios2-elf/4.1.2\libgcc.a(_thenan_df.o)
 .comment       0x00000000       0x27 c:/altera/13.0sp1/nios2eds/bin/gnu/h-i686-mingw32/bin/../lib/gcc/nios2-elf/4.1.2\libgcc.a(_muldi3.o)
 .comment       0x00000000       0x27 c:/altera/13.0sp1/nios2eds/bin/gnu/h-i686-mingw32/bin/../lib/gcc/nios2-elf/4.1.2\libgcc.a(_clzsi2.o)
 .comment       0x00000000       0x27 c:/altera/13.0sp1/nios2eds/bin/gnu/h-i686-mingw32/bin/../lib/gcc/nios2-elf/4.1.2\libgcc.a(_pack_sf.o)
 .comment       0x00000000       0x27 c:/altera/13.0sp1/nios2eds/bin/gnu/h-i686-mingw32/bin/../lib/gcc/nios2-elf/4.1.2\libgcc.a(_unpack_sf.o)
 .comment       0x00000000       0x27 c:/altera/13.0sp1/nios2eds/bin/gnu/h-i686-mingw32/bin/../lib/gcc/nios2-elf/4.1.2\libgcc.a(_fpcmp_parts_sf.o)
 .comment       0x00000000       0x27 c:/altera/13.0sp1/nios2eds/bin/gnu/h-i686-mingw32/bin/../lib/gcc/nios2-elf/4.1.2\libgcc.a(_make_sf.o)
 .comment       0x00000000       0x27 c:/altera/13.0sp1/nios2eds/bin/gnu/h-i686-mingw32/bin/../lib/gcc/nios2-elf/4.1.2\libgcc.a(_pack_df.o)
 .comment       0x00000000       0x27 c:/altera/13.0sp1/nios2eds/bin/gnu/h-i686-mingw32/bin/../lib/gcc/nios2-elf/4.1.2\libgcc.a(_unpack_df.o)